<html>
<body>
<pre>
<h1>礦ision Build Log</h1>
<h2>Tool Versions:</h2>
IDE-Version: μVision V5.25.2.0
Copyright (C) 2018 ARM Ltd and ARM Germany GmbH. All rights reserved.
License Information: Wolfdale Luo, Lab1103, LIC=----
 
Tool Versions:
Toolchain:       MDK-Lite  Version: 5.25.2.0
Toolchain Path:  C:\Keil_v5\ARM\ARMCC\Bin
C Compiler:      Armcc.exe V5.06 update 6 (build 750)
Assembler:       Armasm.exe V5.06 update 6 (build 750)
Linker/Locator:  ArmLink.exe V5.06 update 6 (build 750)
Library Manager: ArmAr.exe V5.06 update 6 (build 750)
Hex Converter:   FromElf.exe V5.06 update 6 (build 750)
CPU DLL:         SARMCM3.DLL V5.25.2.0
Dialog DLL:      DARMMK.DLL
Target DLL:      Segger\JL2CM3.dll V2.99.29.0
Dialog DLL:      TCM.DLL V1.35.1.0
 
<h2>Project:</h2>
D:\Proj工程项目\飞思卡尔小车无线节能\K60proj\ULuo_Tongcheng-1_MK66\Projecct\ULuo-MK66FX.uvprojx
Project File Date:  03/29/2019

<h2>Output:</h2>
*** Using Compiler 'V5.06 update 6 (build 750)', folder: 'C:\Keil_v5\ARM\ARMCC\Bin'
Rebuild target 'ULuo_MK66FX'
assembling startup_MK66F18.s...
compiling common.c...
compiling MK60_cmt.c...
compiling MK60_dma.c...
compiling MK60_dac.c...
compiling system_MK66.c...
compiling MK60_adc.c...
compiling misc.c...
compiling MK60_lptmr.c...
compiling MK60_gpio.c...
compiling MK60_ftm.c...
compiling MK60_i2c.c...
compiling MK60_flash.c...
compiling MK60_port.c...
compiling MK60_pit.c...
compiling MK60_uart.c...
compiling MK60_rtc.c...
compiling MK60_systick.c...
compiling MK60_spi.c...
compiling MK60_wdog.c...
compiling MK60_sdhc.c...
compiling SEEKFREE_18TFT.c...
compiling SEEKFREE_FUN.c...
compiling SEEKFREE_28LCD.c...
compiling SEEKFREE_MMA8451.c...
compiling SEEKFREE_L3G4200D.c...
compiling SEEKFREE_7725.c...
compiling SEEKFREE_IIC.c...
compiling SEEKFREE_MPU6050.c...
compiling SEEKFREE_TSL1401.c...
compiling isr.c...
compiling main.c...
compiling SEEKFREE_NRF24L01.c...
compiling SEEKFREE_MT9V032.c...
compiling SEEKFREE_OLED.c...
compiling PID.c...
linking...
Program Size: Code=2696 RO-data=3224 RW-data=40 ZI-data=1024  
FromELF: creating hex file...
"..\Output\ULuo-K66.axf" - 0 Error(s), 0 Warning(s).

<h2>Software Packages used:</h2>

Package Vendor: Keil
                http://www.keil.com/pack/Keil.Kinetis_K60_DFP.1.5.0.pack
                Keil.Kinetis_K60_DFP.1.5.0
                NXP Kinetis K60 Series Device Support and Examples

<h2>Collection of Component include folders:</h2>
  .\RTE\_ULuo_MK66FX
  C:\Keil_v5\ARM\PACK\Keil\Kinetis_K60_DFP\1.5.0\Device\Include

<h2>Collection of Component Files used:</h2>
Build Time Elapsed:  00:00:44
</pre>
</body>
</html>
