Component: ARM Compiler 5.06 update 6 (build 750) Tool: armlink [4d35ed]

==============================================================================

Section Cross References

    startup_mk66f18.o(RESET) refers to startup_mk66f18.o(STACK) for __initial_sp
    startup_mk66f18.o(RESET) refers to startup_mk66f18.o(.text) for Reset_Handler
    startup_mk66f18.o(RESET) refers to system_mk66.o(i.NMI_Handler) for NMI_Handler
    startup_mk66f18.o(RESET) refers to isr.o(i.DMA0_IRQHandler) for DMA0_IRQHandler
    startup_mk66f18.o(RESET) refers to isr.o(i.UART3_RX_TX_IRQHandler) for UART3_RX_TX_IRQHandler
    startup_mk66f18.o(RESET) refers to isr.o(i.PIT0_IRQHandler) for PIT0_IRQHandler
    startup_mk66f18.o(RESET) refers to isr.o(i.PORTB_IRQHandler) for PORTB_IRQHandler
    startup_mk66f18.o(RESET) refers to isr.o(i.PORTC_IRQHandler) for PORTC_IRQHandler
    startup_mk66f18.o(RESET) refers to isr.o(i.UART4_RX_TX_IRQHandler) for UART4_RX_TX_IRQHandler
    startup_mk66f18.o(.text) refers to system_mk66.o(i.Start) for Start
    startup_mk66f18.o(.text) refers to entry.o(.ARM.Collect$$$$00000000) for __main
    system_mk66.o(i.SYSTEM_CLK) refers to system_mk66.o(i.div_set) for div_set
    system_mk66.o(i.Start) refers to system_mk66.o(i.Disable_Wdog) for Disable_Wdog
    system_mk66.o(i.Start) refers to system_mk66.o(i.SYSTEM_CLK) for SYSTEM_CLK
    system_mk66.o(i.Start) refers to mk60_gpio.o(i.gpio_init) for gpio_init
    common.o(i.get_clk) refers to mk60_uart.o(i.uart_init) for uart_init
    common.o(i.get_clk) refers to common.o(.data) for mcgout_clk_mhz
    mk60_adc.o(i.adc_init) refers to mk60_port.o(i.port_init) for port_init
    mk60_adc.o(i.adc_once) refers to mk60_adc.o(i.adc_start) for adc_start
    mk60_adc.o(i.adc_once) refers to mk60_adc.o(.constdata) for ADCX
    mk60_adc.o(i.adc_start) refers to mk60_adc.o(.constdata) for ADCX
    mk60_adc.o(i.adc_stop) refers to mk60_adc.o(.constdata) for ADCX
    mk60_cmt.o(i.cmt_pwm_duty) refers to mk60_cmt.o(.data) for cmt_period
    mk60_cmt.o(i.cmt_pwm_freq) refers to common.o(.data) for bus_clk_mhz
    mk60_cmt.o(i.cmt_pwm_freq) refers to mk60_cmt.o(.data) for cmt_period
    mk60_cmt.o(i.cmt_pwm_init) refers to mk60_port.o(i.port_init) for port_init
    mk60_cmt.o(i.cmt_pwm_init) refers to common.o(.data) for bus_clk_mhz
    mk60_cmt.o(i.cmt_pwm_init) refers to mk60_cmt.o(.data) for cmt_period
    mk60_dac.o(i.dac_init) refers to mk60_dac.o(.constdata) for DACX
    mk60_dac.o(i.dac_out) refers to mk60_dac.o(.constdata) for DACX
    mk60_dma.o(i.dma_portx2buff_init) refers to mk60_port.o(i.port_init) for port_init
    mk60_dma.o(i.dma_portx2buff_init) refers to mk60_gpio.o(i.gpio_init) for gpio_init
    mk60_flash.o(i.FLASH_EraseSector) refers to mk60_flash.o(i.FlashCmdStart) for FlashCmdStart
    mk60_flash.o(i.FLASH_WriteSector) refers to mk60_flash.o(i.FlashCmdStart) for FlashCmdStart
    mk60_flash.o(i.FlashCmdStart) refers to mk60_flash.o(.data) for s_flash_command_run
    mk60_ftm.o(i.FTM_port_mux) refers to mk60_port.o(i.port_init) for port_init
    mk60_ftm.o(i.ftm_input_clean) refers to mk60_ftm.o(.constdata) for FTMX
    mk60_ftm.o(i.ftm_input_get) refers to mk60_ftm.o(.constdata) for FTMX
    mk60_ftm.o(i.ftm_input_init) refers to mk60_ftm.o(i.FTM_port_mux) for FTM_port_mux
    mk60_ftm.o(i.ftm_input_init) refers to mk60_ftm.o(.constdata) for FTMX
    mk60_ftm.o(i.ftm_input_init) refers to common.o(.data) for bus_clk_mhz
    mk60_ftm.o(i.ftm_pwm_duty) refers to mk60_ftm.o(.data) for period
    mk60_ftm.o(i.ftm_pwm_duty) refers to mk60_ftm.o(.constdata) for FTMX
    mk60_ftm.o(i.ftm_pwm_freq) refers to common.o(.data) for bus_clk_mhz
    mk60_ftm.o(i.ftm_pwm_freq) refers to mk60_ftm.o(.data) for period
    mk60_ftm.o(i.ftm_pwm_freq) refers to mk60_ftm.o(.constdata) for FTMX
    mk60_ftm.o(i.ftm_pwm_init) refers to mk60_ftm.o(i.FTM_port_mux) for FTM_port_mux
    mk60_ftm.o(i.ftm_pwm_init) refers to common.o(.data) for bus_clk_mhz
    mk60_ftm.o(i.ftm_pwm_init) refers to mk60_ftm.o(.data) for period
    mk60_ftm.o(i.ftm_pwm_init) refers to mk60_ftm.o(.constdata) for FTMX
    mk60_ftm.o(i.ftm_quad_clean) refers to mk60_ftm.o(.constdata) for FTMX
    mk60_ftm.o(i.ftm_quad_get) refers to mk60_ftm.o(.constdata) for FTMX
    mk60_ftm.o(i.ftm_quad_init) refers to mk60_port.o(i.port_init) for port_init
    mk60_ftm.o(i.ftm_quad_init) refers to mk60_ftm.o(.constdata) for FTMX
    mk60_gpio.o(i.gpio_ddr) refers to mk60_gpio.o(.constdata) for GPIOX
    mk60_gpio.o(i.gpio_get) refers to mk60_gpio.o(.constdata) for GPIOX
    mk60_gpio.o(i.gpio_init) refers to mk60_gpio.o(.constdata) for PORTX
    mk60_gpio.o(i.gpio_set) refers to mk60_gpio.o(.constdata) for GPIOX
    mk60_gpio.o(i.gpio_turn) refers to mk60_gpio.o(.constdata) for GPIOX
    mk60_i2c.o(i.i2c_init) refers to memcpya.o(.text) for __aeabi_memcpy4
    mk60_i2c.o(i.i2c_init) refers to mk60_port.o(i.port_init) for port_init
    mk60_i2c.o(i.i2c_init) refers to mk60_i2c.o(.constdata) for .constdata
    mk60_i2c.o(i.i2c_init) refers to common.o(.data) for bus_clk_mhz
    mk60_i2c.o(i.i2c_init) refers to mk60_i2c.o(.data) for I2CN
    mk60_i2c.o(i.i2c_read_reg) refers to mk60_i2c.o(i.i2c_delay) for i2c_delay
    mk60_i2c.o(i.i2c_read_reg) refers to mk60_i2c.o(.data) for I2CN
    mk60_i2c.o(i.i2c_read_reg_bytes) refers to mk60_i2c.o(i.i2c_delay) for i2c_delay
    mk60_i2c.o(i.i2c_read_reg_bytes) refers to mk60_i2c.o(.data) for I2CN
    mk60_i2c.o(i.i2c_write_reg) refers to mk60_i2c.o(i.i2c_delay) for i2c_delay
    mk60_i2c.o(i.i2c_write_reg) refers to mk60_i2c.o(.data) for I2CN
    mk60_lptmr.o(i.lptmr_pulse_init) refers to mk60_port.o(i.port_init) for port_init
    mk60_port.o(i.port_init) refers to mk60_port.o(.constdata) for PORTX
    mk60_port.o(i.port_init_NoAlt) refers to mk60_port.o(.constdata) for PORTX
    mk60_sdhc.o(i.sdhc_init) refers to mk60_sdhc.o(i.sdhc_initgpio) for sdhc_initgpio
    mk60_sdhc.o(i.sdhc_init) refers to mk60_sdhc.o(i.sdhc_setbaudrate) for sdhc_setbaudrate
    mk60_sdhc.o(i.sdhc_init) refers to mk60_sdhc.o(.data) for sdcard_ptr
    mk60_sdhc.o(i.sdhc_initcard) refers to malloc.o(i.malloc) for malloc
    mk60_sdhc.o(i.sdhc_initcard) refers to mk60_sdhc.o(i.sdhc_ioc) for sdhc_ioc
    mk60_sdhc.o(i.sdhc_initcard) refers to mk60_sdhc.o(.data) for sdcard_ptr
    mk60_sdhc.o(i.sdhc_initgpio) refers to mk60_port.o(i.port_init) for port_init
    mk60_sdhc.o(i.sdhc_ioc) refers to mk60_sdhc.o(i.sdhc_init) for sdhc_init
    mk60_sdhc.o(i.sdhc_ioc) refers to mk60_sdhc.o(i.sdhc_sendcommand) for sdhc_sendcommand
    mk60_sdhc.o(i.sdhc_ioc) refers to mk60_sdhc.o(i.sdhc_setbaudrate) for sdhc_setbaudrate
    mk60_sdhc.o(i.sdhc_ioc) refers to mk60_sdhc.o(i.sdhc_initgpio) for sdhc_initgpio
    mk60_sdhc.o(i.sdhc_ioc) refers to mk60_sdhc.o(i.sdhc_isrunning) for sdhc_isrunning
    mk60_sdhc.o(i.sdhc_ioc) refers to mk60_sdhc.o(i.sdhc_waitstatus) for sdhc_waitstatus
    mk60_sdhc.o(i.sdhc_ioc) refers to mk60_sdhc.o(.data) for sdcard_ptr
    mk60_sdhc.o(i.sdhc_ioc) refers to common.o(.data) for bus_clk_mhz
    mk60_sdhc.o(i.sdhc_readblocks) refers to mk60_sdhc.o(i.sdhc_ioc) for sdhc_ioc
    mk60_sdhc.o(i.sdhc_readblocks) refers to mk60_sdhc.o(i.sdhc_read) for sdhc_read
    mk60_sdhc.o(i.sdhc_readblocks) refers to mk60_sdhc.o(.data) for sdcard_ptr
    mk60_sdhc.o(i.sdhc_sendcommand) refers to mk60_sdhc.o(i.sdhc_waitstatus) for sdhc_waitstatus
    mk60_sdhc.o(i.sdhc_sendcommand) refers to mk60_sdhc.o(.data) for sdcard_ptr
    mk60_sdhc.o(i.sdhc_setbaudrate) refers to common.o(.data) for bus_clk_mhz
    mk60_sdhc.o(i.sdhc_writeblocks) refers to mk60_sdhc.o(i.sdhc_ioc) for sdhc_ioc
    mk60_sdhc.o(i.sdhc_writeblocks) refers to mk60_sdhc.o(i.sdhc_write) for sdhc_write
    mk60_sdhc.o(i.sdhc_writeblocks) refers to mk60_sdhc.o(i.sdhc_read) for sdhc_read
    mk60_sdhc.o(i.sdhc_writeblocks) refers to mk60_sdhc.o(.data) for sdcard_ptr
    mk60_spi.o(i.spi_init) refers to memcpya.o(.text) for __aeabi_memcpy4
    mk60_spi.o(i.spi_init) refers to mk60_port.o(i.port_init) for port_init
    mk60_spi.o(i.spi_init) refers to common.o(i.get_clk) for get_clk
    mk60_spi.o(i.spi_init) refers to mk60_spi.o(.constdata) for .constdata
    mk60_spi.o(i.spi_init) refers to mk60_spi.o(.data) for SPIN
    mk60_spi.o(i.spi_init) refers to common.o(.data) for bus_clk_mhz
    mk60_spi.o(i.spi_mosi) refers to mk60_spi.o(.data) for SPIN
    mk60_spi.o(i.spi_mosi_cmd) refers to mk60_spi.o(.data) for SPIN
    mk60_systick.o(i.systick_delay_ms) refers to mk60_systick.o(i.systick_delay) for systick_delay
    mk60_systick.o(i.systick_delay_ms) refers to common.o(.data) for core_clk_mhz
    mk60_uart.o(i.fputc) refers to mk60_uart.o(i.uart_putchar) for uart_putchar
    mk60_uart.o(i.uart_getchar) refers to mk60_uart.o(.data) for uart
    mk60_uart.o(i.uart_init) refers to mk60_port.o(i.port_init) for port_init
    mk60_uart.o(i.uart_init) refers to mk60_uart.o(.data) for uart
    mk60_uart.o(i.uart_init) refers to common.o(.data) for core_clk_mhz
    mk60_uart.o(i.uart_putbuff) refers to mk60_uart.o(i.uart_putchar) for uart_putchar
    mk60_uart.o(i.uart_putchar) refers to mk60_uart.o(.data) for uart
    mk60_uart.o(i.uart_putstr) refers to mk60_uart.o(i.uart_putchar) for uart_putchar
    mk60_uart.o(i.uart_querychar) refers to mk60_uart.o(.data) for uart
    mk60_uart.o(i.uart_rx_irq_dis) refers to mk60_uart.o(i.NVIC_DisableIRQ) for NVIC_DisableIRQ
    mk60_uart.o(i.uart_rx_irq_dis) refers to mk60_uart.o(.data) for uart
    mk60_uart.o(i.uart_rx_irq_en) refers to mk60_uart.o(i.NVIC_EnableIRQ) for NVIC_EnableIRQ
    mk60_uart.o(i.uart_rx_irq_en) refers to mk60_uart.o(.data) for uart
    mk60_uart.o(i.uart_txc_irq_dis) refers to mk60_uart.o(i.NVIC_DisableIRQ) for NVIC_DisableIRQ
    mk60_uart.o(i.uart_txc_irq_dis) refers to mk60_uart.o(.data) for uart
    mk60_uart.o(i.uart_txc_irq_en) refers to mk60_uart.o(i.NVIC_EnableIRQ) for NVIC_EnableIRQ
    mk60_uart.o(i.uart_txc_irq_en) refers to mk60_uart.o(.data) for uart
    mk60_wdog.o(i.wdog_disable) refers to mk60_wdog.o(i.wdog_unlock) for wdog_unlock
    mk60_wdog.o(i.wdog_enable) refers to mk60_wdog.o(i.wdog_unlock) for wdog_unlock
    mk60_wdog.o(i.wdog_init_ms) refers to mk60_wdog.o(i.wdog_unlock) for wdog_unlock
    seekfree_18tft.o(i.LCD_WriteData_16Bit) refers to mk60_gpio.o(i.gpio_set) for gpio_set
    seekfree_18tft.o(i.LCD_WriteData_16Bit) refers to mk60_spi.o(i.spi_mosi) for spi_mosi
    seekfree_18tft.o(i.Lcd_SetRegion) refers to seekfree_18tft.o(i.Lcd_WriteIndex) for Lcd_WriteIndex
    seekfree_18tft.o(i.Lcd_SetRegion) refers to seekfree_18tft.o(i.Lcd_WriteData) for Lcd_WriteData
    seekfree_18tft.o(i.Lcd_WriteData) refers to mk60_gpio.o(i.gpio_set) for gpio_set
    seekfree_18tft.o(i.Lcd_WriteData) refers to mk60_spi.o(i.spi_mosi) for spi_mosi
    seekfree_18tft.o(i.Lcd_WriteIndex) refers to mk60_gpio.o(i.gpio_set) for gpio_set
    seekfree_18tft.o(i.Lcd_WriteIndex) refers to mk60_spi.o(i.spi_mosi) for spi_mosi
    seekfree_18tft.o(i.displayimage032) refers to seekfree_18tft.o(i.Lcd_SetRegion) for Lcd_SetRegion
    seekfree_18tft.o(i.displayimage032) refers to seekfree_18tft.o(i.LCD_WriteData_16Bit) for LCD_WriteData_16Bit
    seekfree_18tft.o(i.displayimage7725) refers to seekfree_18tft.o(i.Lcd_SetRegion) for Lcd_SetRegion
    seekfree_18tft.o(i.displayimage7725) refers to seekfree_18tft.o(i.LCD_WriteData_16Bit) for LCD_WriteData_16Bit
    seekfree_18tft.o(i.dsp_single_colour) refers to seekfree_18tft.o(i.Lcd_SetRegion) for Lcd_SetRegion
    seekfree_18tft.o(i.dsp_single_colour) refers to seekfree_18tft.o(i.LCD_WriteData_16Bit) for LCD_WriteData_16Bit
    seekfree_18tft.o(i.lcd_init) refers to mk60_spi.o(i.spi_init) for spi_init
    seekfree_18tft.o(i.lcd_init) refers to mk60_gpio.o(i.gpio_init) for gpio_init
    seekfree_18tft.o(i.lcd_init) refers to mk60_gpio.o(i.gpio_set) for gpio_set
    seekfree_18tft.o(i.lcd_init) refers to seekfree_18tft.o(i.tft_delay) for tft_delay
    seekfree_18tft.o(i.lcd_init) refers to seekfree_18tft.o(i.Lcd_WriteIndex) for Lcd_WriteIndex
    seekfree_18tft.o(i.lcd_init) refers to seekfree_18tft.o(i.Lcd_WriteData) for Lcd_WriteData
    seekfree_18tft.o(i.lcd_init) refers to seekfree_18tft.o(i.dsp_single_colour) for dsp_single_colour
    seekfree_28lcd.o(i.LCD_Clear) refers to seekfree_28lcd.o(i.LCD_SetWindows) for LCD_SetWindows
    seekfree_28lcd.o(i.LCD_Clear) refers to seekfree_28lcd.o(i.LCD_WR_DATA) for LCD_WR_DATA
    seekfree_28lcd.o(i.LCD_Clear) refers to seekfree_28lcd.o(.bss) for lcddev
    seekfree_28lcd.o(i.LCD_Display_16x8Num) refers to seekfree_28lcd.o(i.my_pow) for my_pow
    seekfree_28lcd.o(i.LCD_Display_16x8Num) refers to seekfree_28lcd.o(i.LCD_SetCursor) for LCD_SetCursor
    seekfree_28lcd.o(i.LCD_Display_16x8Num) refers to seekfree_28lcd.o(i.LCD_WR_DATA) for LCD_WR_DATA
    seekfree_28lcd.o(i.LCD_Display_16x8Num) refers to seekfree_28lcd.o(.constdata) for Typeface16x8
    seekfree_28lcd.o(i.LCD_Display_16x8Num) refers to seekfree_28lcd.o(.data) for BACK_COLOR
    seekfree_28lcd.o(i.LCD_Display_16x8Str) refers to seekfree_28lcd.o(i.LCD_SetCursor) for LCD_SetCursor
    seekfree_28lcd.o(i.LCD_Display_16x8Str) refers to seekfree_28lcd.o(i.LCD_WR_DATA) for LCD_WR_DATA
    seekfree_28lcd.o(i.LCD_Display_16x8Str) refers to seekfree_28lcd.o(.constdata) for Typeface16x8
    seekfree_28lcd.o(i.LCD_Display_16x8Str) refers to seekfree_28lcd.o(.data) for BACK_COLOR
    seekfree_28lcd.o(i.LCD_Display_32x16Num) refers to seekfree_28lcd.o(i.my_pow) for my_pow
    seekfree_28lcd.o(i.LCD_Display_32x16Num) refers to seekfree_28lcd.o(i.LCD_SetCursor) for LCD_SetCursor
    seekfree_28lcd.o(i.LCD_Display_32x16Num) refers to seekfree_28lcd.o(i.LCD_WR_DATA) for LCD_WR_DATA
    seekfree_28lcd.o(i.LCD_Display_32x16Num) refers to seekfree_28lcd.o(.constdata) for Typeface32x16
    seekfree_28lcd.o(i.LCD_Display_32x16Num) refers to seekfree_28lcd.o(.data) for BACK_COLOR
    seekfree_28lcd.o(i.LCD_Display_32x16Str) refers to seekfree_28lcd.o(i.LCD_SetCursor) for LCD_SetCursor
    seekfree_28lcd.o(i.LCD_Display_32x16Str) refers to seekfree_28lcd.o(i.LCD_WR_DATA) for LCD_WR_DATA
    seekfree_28lcd.o(i.LCD_Display_32x16Str) refers to seekfree_28lcd.o(.constdata) for Typeface32x16
    seekfree_28lcd.o(i.LCD_Display_32x16Str) refers to seekfree_28lcd.o(.data) for BACK_COLOR
    seekfree_28lcd.o(i.LCD_Display_Chinese) refers to seekfree_28lcd.o(i.LCD_SetWindows) for LCD_SetWindows
    seekfree_28lcd.o(i.LCD_Display_Chinese) refers to seekfree_28lcd.o(i.LCD_WR_DATA) for LCD_WR_DATA
    seekfree_28lcd.o(i.LCD_Display_Chinese) refers to seekfree_28lcd.o(.data) for BACK_COLOR
    seekfree_28lcd.o(i.LCD_Display_image) refers to seekfree_28lcd.o(i.LCD_SetWindows) for LCD_SetWindows
    seekfree_28lcd.o(i.LCD_Display_image) refers to seekfree_28lcd.o(i.LCD_WR_DATA) for LCD_WR_DATA
    seekfree_28lcd.o(i.LCD_Displayimage032) refers to seekfree_28lcd.o(i.LCD_SetWindows) for LCD_SetWindows
    seekfree_28lcd.o(i.LCD_Displayimage032) refers to seekfree_28lcd.o(i.LCD_WR_DATA) for LCD_WR_DATA
    seekfree_28lcd.o(i.LCD_Displayimage7725) refers to seekfree_28lcd.o(i.LCD_SetWindows) for LCD_SetWindows
    seekfree_28lcd.o(i.LCD_Displayimage7725) refers to seekfree_28lcd.o(i.LCD_WR_DATA) for LCD_WR_DATA
    seekfree_28lcd.o(i.LCD_DrawPoint) refers to seekfree_28lcd.o(i.LCD_SetWindows) for LCD_SetWindows
    seekfree_28lcd.o(i.LCD_DrawPoint) refers to seekfree_28lcd.o(i.LCD_WR_DATA) for LCD_WR_DATA
    seekfree_28lcd.o(i.LCD_DrawPoint) refers to seekfree_28lcd.o(.data) for POINT_COLOR
    seekfree_28lcd.o(i.LCD_Init) refers to mk60_gpio.o(i.gpio_init) for gpio_init
    seekfree_28lcd.o(i.LCD_Init) refers to seekfree_28lcd.o(i.LCD_Reset) for LCD_Reset
    seekfree_28lcd.o(i.LCD_Init) refers to seekfree_28lcd.o(i.LCD_WR_REG) for LCD_WR_REG
    seekfree_28lcd.o(i.LCD_Init) refers to seekfree_28lcd.o(i.LCD_WR_DATA) for LCD_WR_DATA
    seekfree_28lcd.o(i.LCD_Init) refers to mk60_systick.o(i.systick_delay_ms) for systick_delay_ms
    seekfree_28lcd.o(i.LCD_Init) refers to seekfree_28lcd.o(i.LCD_SetParam) for LCD_SetParam
    seekfree_28lcd.o(i.LCD_Init) refers to seekfree_28lcd.o(i.LCD_Clear) for LCD_Clear
    seekfree_28lcd.o(i.LCD_Reset) refers to mk60_systick.o(i.systick_delay_ms) for systick_delay_ms
    seekfree_28lcd.o(i.LCD_SetCursor) refers to seekfree_28lcd.o(i.LCD_WR_REG) for LCD_WR_REG
    seekfree_28lcd.o(i.LCD_SetCursor) refers to seekfree_28lcd.o(i.LCD_WR_DATA) for LCD_WR_DATA
    seekfree_28lcd.o(i.LCD_SetCursor) refers to seekfree_28lcd.o(i.LCD_WriteRAM_Prepare) for LCD_WriteRAM_Prepare
    seekfree_28lcd.o(i.LCD_SetCursor) refers to seekfree_28lcd.o(.bss) for lcddev
    seekfree_28lcd.o(i.LCD_SetParam) refers to seekfree_28lcd.o(i.LCD_WriteReg) for LCD_WriteReg
    seekfree_28lcd.o(i.LCD_SetParam) refers to seekfree_28lcd.o(.bss) for lcddev
    seekfree_28lcd.o(i.LCD_SetWindows) refers to seekfree_28lcd.o(i.LCD_WR_REG) for LCD_WR_REG
    seekfree_28lcd.o(i.LCD_SetWindows) refers to seekfree_28lcd.o(i.LCD_WR_DATA) for LCD_WR_DATA
    seekfree_28lcd.o(i.LCD_SetWindows) refers to seekfree_28lcd.o(i.LCD_WriteRAM_Prepare) for LCD_WriteRAM_Prepare
    seekfree_28lcd.o(i.LCD_SetWindows) refers to seekfree_28lcd.o(.bss) for lcddev
    seekfree_28lcd.o(i.LCD_WriteRAM_Prepare) refers to seekfree_28lcd.o(i.LCD_WR_REG) for LCD_WR_REG
    seekfree_28lcd.o(i.LCD_WriteRAM_Prepare) refers to seekfree_28lcd.o(.bss) for lcddev
    seekfree_28lcd.o(i.LCD_WriteReg) refers to seekfree_28lcd.o(i.LCD_WR_REG) for LCD_WR_REG
    seekfree_28lcd.o(i.LCD_WriteReg) refers to seekfree_28lcd.o(i.LCD_WR_DATA) for LCD_WR_DATA
    seekfree_7725.o(i.ov7725_dma) refers to seekfree_7725.o(.data) for ov7725_finish_flag
    seekfree_7725.o(i.ov7725_init) refers to seekfree_iic.o(i.IIC_init) for IIC_init
    seekfree_7725.o(i.ov7725_init) refers to seekfree_7725.o(i.ov7725_reg_init) for ov7725_reg_init
    seekfree_7725.o(i.ov7725_init) refers to seekfree_7725.o(i.ov7725_port_init) for ov7725_port_init
    seekfree_7725.o(i.ov7725_port_init) refers to mk60_dma.o(i.dma_portx2buff_init) for dma_portx2buff_init
    seekfree_7725.o(i.ov7725_port_init) refers to seekfree_7725.o(i.NVIC_EnableIRQ) for NVIC_EnableIRQ
    seekfree_7725.o(i.ov7725_port_init) refers to mk60_port.o(i.port_init) for port_init
    seekfree_7725.o(i.ov7725_port_init) refers to seekfree_7725.o(.bss) for image_bin
    seekfree_7725.o(i.ov7725_reg_init) refers to seekfree_iic.o(i.simiic_write_reg) for simiic_write_reg
    seekfree_7725.o(i.ov7725_reg_init) refers to mk60_systick.o(i.systick_delay_ms) for systick_delay_ms
    seekfree_7725.o(i.ov7725_reg_init) refers to seekfree_iic.o(i.simiic_read_reg) for simiic_read_reg
    seekfree_7725.o(i.ov7725_reg_init) refers to seekfree_7725.o(.data) for OV7725_IDCode
    seekfree_7725.o(i.ov7725_vsync) refers to seekfree_7725.o(.bss) for image_bin
    seekfree_7725.o(i.seekfree_sendimg_7725) refers to mk60_uart.o(i.uart_putchar) for uart_putchar
    seekfree_7725.o(i.seekfree_sendimg_7725) refers to mk60_uart.o(i.uart_putbuff) for uart_putbuff
    seekfree_iic.o(i.I2C_SendACK) refers to mk60_gpio.o(i.gpio_set) for gpio_set
    seekfree_iic.o(i.I2C_SendACK) refers to seekfree_iic.o(i.simiic_delay) for simiic_delay
    seekfree_iic.o(i.IIC_init) refers to mk60_gpio.o(i.gpio_init) for gpio_init
    seekfree_iic.o(i.IIC_init) refers to mk60_port.o(i.port_init_NoAlt) for port_init_NoAlt
    seekfree_iic.o(i.IIC_start) refers to mk60_gpio.o(i.gpio_set) for gpio_set
    seekfree_iic.o(i.IIC_start) refers to seekfree_iic.o(i.simiic_delay) for simiic_delay
    seekfree_iic.o(i.IIC_stop) refers to mk60_gpio.o(i.gpio_set) for gpio_set
    seekfree_iic.o(i.IIC_stop) refers to seekfree_iic.o(i.simiic_delay) for simiic_delay
    seekfree_iic.o(i.SCCB_WaitAck) refers to mk60_gpio.o(i.gpio_set) for gpio_set
    seekfree_iic.o(i.SCCB_WaitAck) refers to mk60_gpio.o(i.gpio_ddr) for gpio_ddr
    seekfree_iic.o(i.SCCB_WaitAck) refers to seekfree_iic.o(i.simiic_delay) for simiic_delay
    seekfree_iic.o(i.SCCB_WaitAck) refers to mk60_gpio.o(i.gpio_get) for gpio_get
    seekfree_iic.o(i.read_ch) refers to mk60_gpio.o(i.gpio_set) for gpio_set
    seekfree_iic.o(i.read_ch) refers to seekfree_iic.o(i.simiic_delay) for simiic_delay
    seekfree_iic.o(i.read_ch) refers to mk60_gpio.o(i.gpio_ddr) for gpio_ddr
    seekfree_iic.o(i.read_ch) refers to mk60_gpio.o(i.gpio_get) for gpio_get
    seekfree_iic.o(i.read_ch) refers to seekfree_iic.o(i.I2C_SendACK) for I2C_SendACK
    seekfree_iic.o(i.send_ch) refers to mk60_gpio.o(i.gpio_set) for gpio_set
    seekfree_iic.o(i.send_ch) refers to seekfree_iic.o(i.simiic_delay) for simiic_delay
    seekfree_iic.o(i.send_ch) refers to seekfree_iic.o(i.SCCB_WaitAck) for SCCB_WaitAck
    seekfree_iic.o(i.simiic_read_reg) refers to seekfree_iic.o(i.IIC_start) for IIC_start
    seekfree_iic.o(i.simiic_read_reg) refers to seekfree_iic.o(i.send_ch) for send_ch
    seekfree_iic.o(i.simiic_read_reg) refers to seekfree_iic.o(i.IIC_stop) for IIC_stop
    seekfree_iic.o(i.simiic_read_reg) refers to seekfree_iic.o(i.read_ch) for read_ch
    seekfree_iic.o(i.simiic_write_reg) refers to seekfree_iic.o(i.IIC_start) for IIC_start
    seekfree_iic.o(i.simiic_write_reg) refers to seekfree_iic.o(i.send_ch) for send_ch
    seekfree_iic.o(i.simiic_write_reg) refers to seekfree_iic.o(i.IIC_stop) for IIC_stop
    seekfree_l3g4200d.o(i.InitL3G4200D) refers to seekfree_iic.o(i.simiic_write_reg) for simiic_write_reg
    seekfree_l3g4200d.o(i.InitL3G4200D) refers to seekfree_iic.o(i.simiic_read_reg) for simiic_read_reg
    seekfree_l3g4200d.o(i.InitL3G4200D) refers to seekfree_l3g4200d.o(.data) for Temperature
    seekfree_l3g4200d.o(i.get_l3g4200d) refers to seekfree_iic.o(i.simiic_read_reg) for simiic_read_reg
    seekfree_l3g4200d.o(i.get_l3g4200d) refers to seekfree_l3g4200d.o(.data) for gyro_x
    seekfree_mma8451.o(i.MMA845x_init) refers to seekfree_iic.o(i.simiic_write_reg) for simiic_write_reg
    seekfree_mma8451.o(i.MMA845x_init) refers to seekfree_iic.o(i.simiic_read_reg) for simiic_read_reg
    seekfree_mma8451.o(i.get_mma8451) refers to seekfree_iic.o(i.simiic_read_reg) for simiic_read_reg
    seekfree_mma8451.o(i.get_mma8451) refers to seekfree_mma8451.o(.data) for acc_x
    seekfree_mpu6050.o(i.GetData) refers to seekfree_iic.o(i.simiic_read_reg) for simiic_read_reg
    seekfree_mpu6050.o(i.Get_AccData) refers to seekfree_mpu6050.o(i.GetData) for GetData
    seekfree_mpu6050.o(i.Get_AccData) refers to seekfree_mpu6050.o(.data) for mpu_acc_x
    seekfree_mpu6050.o(i.Get_Gyro) refers to seekfree_mpu6050.o(i.GetData) for GetData
    seekfree_mpu6050.o(i.Get_Gyro) refers to seekfree_mpu6050.o(.data) for mpu_gyro_z
    seekfree_mpu6050.o(i.InitMPU6050) refers to seekfree_iic.o(i.simiic_write_reg) for simiic_write_reg
    seekfree_mt9v032.o(i.VSYNC) refers to seekfree_mt9v032.o(.bss) for image
    seekfree_mt9v032.o(i.camera_init) refers to mk60_uart.o(i.uart_init) for uart_init
    seekfree_mt9v032.o(i.camera_init) refers to mk60_uart.o(i.uart_rx_irq_en) for uart_rx_irq_en
    seekfree_mt9v032.o(i.camera_init) refers to mk60_systick.o(i.systick_delay_ms) for systick_delay_ms
    seekfree_mt9v032.o(i.camera_init) refers to mk60_uart.o(i.uart_putbuff) for uart_putbuff
    seekfree_mt9v032.o(i.camera_init) refers to seekfree_mt9v032.o(i.get_config) for get_config
    seekfree_mt9v032.o(i.camera_init) refers to mk60_dma.o(i.dma_portx2buff_init) for dma_portx2buff_init
    seekfree_mt9v032.o(i.camera_init) refers to mk60_port.o(i.port_init) for port_init
    seekfree_mt9v032.o(i.camera_init) refers to seekfree_mt9v032.o(i.NVIC_EnableIRQ) for NVIC_EnableIRQ
    seekfree_mt9v032.o(i.camera_init) refers to seekfree_mt9v032.o(.data) for uart_receive_flag
    seekfree_mt9v032.o(i.camera_init) refers to seekfree_mt9v032.o(.bss) for image
    seekfree_mt9v032.o(i.get_config) refers to mk60_uart.o(i.uart_putbuff) for uart_putbuff
    seekfree_mt9v032.o(i.get_config) refers to seekfree_mt9v032.o(.data) for GET_CFG
    seekfree_mt9v032.o(i.get_version) refers to mk60_uart.o(i.uart_putbuff) for uart_putbuff
    seekfree_mt9v032.o(i.get_version) refers to seekfree_mt9v032.o(.data) for uart_receive_flag
    seekfree_mt9v032.o(i.mt9v032_cof_uart_interrupt) refers to mk60_uart.o(i.uart_getchar) for uart_getchar
    seekfree_mt9v032.o(i.mt9v032_cof_uart_interrupt) refers to seekfree_mt9v032.o(.data) for receive
    seekfree_mt9v032.o(i.row_finished) refers to seekfree_mt9v032.o(.data) for mt9v032_finish_flag
    seekfree_mt9v032.o(i.seekfree_sendimg_032) refers to mk60_uart.o(i.uart_putchar) for uart_putchar
    seekfree_mt9v032.o(i.seekfree_sendimg_032) refers to mk60_uart.o(i.uart_putbuff) for uart_putbuff
    seekfree_mt9v032.o(i.seekfree_sendimg_032) refers to seekfree_mt9v032.o(.bss) for image
    seekfree_mt9v032.o(i.set_exposure_time) refers to mk60_uart.o(i.uart_putbuff) for uart_putbuff
    seekfree_mt9v032.o(i.set_exposure_time) refers to seekfree_mt9v032.o(.data) for uart_receive_flag
    seekfree_mt9v032.o(i.set_mt9v032_reg) refers to mk60_uart.o(i.uart_putbuff) for uart_putbuff
    seekfree_mt9v032.o(i.set_mt9v032_reg) refers to mk60_systick.o(i.systick_delay_ms) for systick_delay_ms
    seekfree_mt9v032.o(i.set_mt9v032_reg) refers to seekfree_mt9v032.o(.data) for uart_receive_flag
    seekfree_nrf24l01.o(i.NRF_Dev_Init) refers to mk60_gpio.o(i.gpio_init) for gpio_init
    seekfree_nrf24l01.o(i.NRF_Dev_Init) refers to mk60_port.o(i.port_init_NoAlt) for port_init_NoAlt
    seekfree_nrf24l01.o(i.NRF_Dev_Init) refers to mk60_gpio.o(i.gpio_set) for gpio_set
    seekfree_nrf24l01.o(i.NRF_Dev_Init) refers to seekfree_nrf24l01.o(i.NRF_SPI_W_Reg_Byte) for NRF_SPI_W_Reg_Byte
    seekfree_nrf24l01.o(i.NRF_Dev_Init) refers to seekfree_nrf24l01.o(i.NRF_SPI_W_Reg_Burst) for NRF_SPI_W_Reg_Burst
    seekfree_nrf24l01.o(i.NRF_Dev_Init) refers to seekfree_nrf24l01.o(i.NRF_SPI_W_Cmd_Byte) for NRF_SPI_W_Cmd_Byte
    seekfree_nrf24l01.o(i.NRF_Dev_Init) refers to seekfree_nrf24l01.o(.data) for NRF_RF_Addr
    seekfree_nrf24l01.o(i.NRF_Rece_Packet) refers to mk60_gpio.o(i.gpio_get) for gpio_get
    seekfree_nrf24l01.o(i.NRF_Rece_Packet) refers to seekfree_nrf24l01.o(i.NRF_SPI_R_Reg_Byte) for NRF_SPI_R_Reg_Byte
    seekfree_nrf24l01.o(i.NRF_Rece_Packet) refers to seekfree_nrf24l01.o(i.NRF_SPI_W_Reg_Byte) for NRF_SPI_W_Reg_Byte
    seekfree_nrf24l01.o(i.NRF_Rece_Packet) refers to seekfree_nrf24l01.o(i.NRF_SPI_R_Reg_Burst) for NRF_SPI_R_Reg_Burst
    seekfree_nrf24l01.o(i.NRF_SPI_R_Reg_Burst) refers to mk60_gpio.o(i.gpio_set) for gpio_set
    seekfree_nrf24l01.o(i.NRF_SPI_R_Reg_Burst) refers to seekfree_nrf24l01.o(i.NRF_SPI_WR_Byte) for NRF_SPI_WR_Byte
    seekfree_nrf24l01.o(i.NRF_SPI_R_Reg_Byte) refers to mk60_gpio.o(i.gpio_set) for gpio_set
    seekfree_nrf24l01.o(i.NRF_SPI_R_Reg_Byte) refers to seekfree_nrf24l01.o(i.NRF_SPI_WR_Byte) for NRF_SPI_WR_Byte
    seekfree_nrf24l01.o(i.NRF_SPI_WR_Byte) refers to mk60_gpio.o(i.gpio_set) for gpio_set
    seekfree_nrf24l01.o(i.NRF_SPI_WR_Byte) refers to mk60_gpio.o(i.gpio_get) for gpio_get
    seekfree_nrf24l01.o(i.NRF_SPI_W_Cmd_Byte) refers to mk60_gpio.o(i.gpio_set) for gpio_set
    seekfree_nrf24l01.o(i.NRF_SPI_W_Cmd_Byte) refers to seekfree_nrf24l01.o(i.NRF_SPI_WR_Byte) for NRF_SPI_WR_Byte
    seekfree_nrf24l01.o(i.NRF_SPI_W_Reg_Burst) refers to mk60_gpio.o(i.gpio_set) for gpio_set
    seekfree_nrf24l01.o(i.NRF_SPI_W_Reg_Burst) refers to seekfree_nrf24l01.o(i.NRF_SPI_WR_Byte) for NRF_SPI_WR_Byte
    seekfree_nrf24l01.o(i.NRF_SPI_W_Reg_Byte) refers to mk60_gpio.o(i.gpio_set) for gpio_set
    seekfree_nrf24l01.o(i.NRF_SPI_W_Reg_Byte) refers to seekfree_nrf24l01.o(i.NRF_SPI_WR_Byte) for NRF_SPI_WR_Byte
    seekfree_nrf24l01.o(i.NRF_Send_Packet) refers to mk60_gpio.o(i.gpio_set) for gpio_set
    seekfree_nrf24l01.o(i.NRF_Send_Packet) refers to seekfree_nrf24l01.o(i.NRF_SPI_W_Reg_Byte) for NRF_SPI_W_Reg_Byte
    seekfree_nrf24l01.o(i.NRF_Send_Packet) refers to seekfree_nrf24l01.o(i.NRF_SPI_W_Reg_Burst) for NRF_SPI_W_Reg_Burst
    seekfree_nrf24l01.o(i.NRF_Send_Packet) refers to seekfree_nrf24l01.o(i.NRF_SPI_R_Reg_Byte) for NRF_SPI_R_Reg_Byte
    seekfree_nrf24l01.o(i.NRF_Send_Packet) refers to seekfree_nrf24l01.o(.data) for NRF_RF_Addr
    seekfree_oled.o(i.OLED_ClrPixel) refers to seekfree_oled.o(i.OLED_Set_Pos) for OLED_Set_Pos
    seekfree_oled.o(i.OLED_ClrPixel) refers to seekfree_oled.o(i.OLED_WrCmd) for OLED_WrCmd
    seekfree_oled.o(i.OLED_ClrPixel) refers to seekfree_oled.o(i.OLED_WrDat) for OLED_WrDat
    seekfree_oled.o(i.OLED_Fill) refers to seekfree_oled.o(i.OLED_WrCmd) for OLED_WrCmd
    seekfree_oled.o(i.OLED_Fill) refers to seekfree_oled.o(i.OLED_WrDat) for OLED_WrDat
    seekfree_oled.o(i.OLED_Init) refers to mk60_gpio.o(i.gpio_init) for gpio_init
    seekfree_oled.o(i.OLED_Init) refers to mk60_port.o(i.port_init_NoAlt) for port_init_NoAlt
    seekfree_oled.o(i.OLED_Init) refers to mk60_gpio.o(i.gpio_set) for gpio_set
    seekfree_oled.o(i.OLED_Init) refers to seekfree_oled.o(i.OLED_DLY_ms) for OLED_DLY_ms
    seekfree_oled.o(i.OLED_Init) refers to seekfree_oled.o(i.OLED_WrCmd) for OLED_WrCmd
    seekfree_oled.o(i.OLED_Init) refers to seekfree_oled.o(i.OLED_Fill) for OLED_Fill
    seekfree_oled.o(i.OLED_Init) refers to seekfree_oled.o(i.OLED_Set_Pos) for OLED_Set_Pos
    seekfree_oled.o(i.OLED_P6x8Str) refers to seekfree_oled.o(i.OLED_Set_Pos) for OLED_Set_Pos
    seekfree_oled.o(i.OLED_P6x8Str) refers to seekfree_oled.o(i.OLED_WrDat) for OLED_WrDat
    seekfree_oled.o(i.OLED_P6x8Str) refers to seekfree_oled.o(.constdata) for F6x8
    seekfree_oled.o(i.OLED_P8x16Str) refers to seekfree_oled.o(i.OLED_Set_Pos) for OLED_Set_Pos
    seekfree_oled.o(i.OLED_P8x16Str) refers to seekfree_oled.o(i.OLED_WrDat) for OLED_WrDat
    seekfree_oled.o(i.OLED_P8x16Str) refers to seekfree_oled.o(.constdata) for F8X16
    seekfree_oled.o(i.OLED_Print_Num) refers to seekfree_oled.o(i.OLED_HEXACSII) for OLED_HEXACSII
    seekfree_oled.o(i.OLED_Print_Num) refers to seekfree_oled.o(i.OLED_P8x16Str) for OLED_P8x16Str
    seekfree_oled.o(i.OLED_Print_Num1) refers to seekfree_oled.o(i.OLED_P6x8Str) for OLED_P6x8Str
    seekfree_oled.o(i.OLED_Print_Num1) refers to seekfree_oled.o(i.OLED_HEXACSII) for OLED_HEXACSII
    seekfree_oled.o(i.OLED_PutPixel) refers to seekfree_oled.o(i.OLED_Set_Pos) for OLED_Set_Pos
    seekfree_oled.o(i.OLED_PutPixel) refers to seekfree_oled.o(i.OLED_WrCmd) for OLED_WrCmd
    seekfree_oled.o(i.OLED_PutPixel) refers to seekfree_oled.o(i.OLED_WrDat) for OLED_WrDat
    seekfree_oled.o(i.OLED_Set_Pos) refers to seekfree_oled.o(i.OLED_WrCmd) for OLED_WrCmd
    seekfree_oled.o(i.OLED_Wr6Dat) refers to mk60_gpio.o(i.gpio_set) for gpio_set
    seekfree_oled.o(i.OLED_WrCmd) refers to mk60_gpio.o(i.gpio_set) for gpio_set
    seekfree_oled.o(i.OLED_WrDat) refers to mk60_gpio.o(i.gpio_set) for gpio_set
    seekfree_oled.o(i.dis_bmp) refers to seekfree_oled.o(i.OLED_Set_Pos) for OLED_Set_Pos
    seekfree_oled.o(i.dis_bmp) refers to seekfree_oled.o(i.OLED_WrDat) for OLED_WrDat
    seekfree_tsl1401.o(i.ccd_collect) refers to mk60_gpio.o(i.gpio_set) for gpio_set
    seekfree_tsl1401.o(i.ccd_collect) refers to mk60_adc.o(i.adc_once) for adc_once
    seekfree_tsl1401.o(i.ccd_collect) refers to seekfree_tsl1401.o(.bss) for ccd_data
    seekfree_tsl1401.o(i.ccd_init) refers to mk60_adc.o(i.adc_init) for adc_init
    seekfree_tsl1401.o(i.ccd_init) refers to mk60_gpio.o(i.gpio_init) for gpio_init
    seekfree_tsl1401.o(i.ccd_init) refers to mk60_pit.o(i.pit_init) for pit_init
    seekfree_tsl1401.o(i.ccd_init) refers to common.o(.data) for bus_clk_mhz
    pid.o(i.BetaGeneration) refers to f2d.o(.text) for __aeabi_f2d
    pid.o(i.BetaGeneration) refers to fabs.o(i.__hardfp_fabs) for __hardfp_fabs
    pid.o(i.BetaGeneration) refers to cdcmple.o(.text) for __aeabi_cdcmple
    pid.o(i.PID_fun) refers to pid.o(i.PIDgegulation) for PIDgegulation
    pid.o(i.PID_fun) refers to f2d.o(.text) for __aeabi_f2d
    pid.o(i.PID_fun) refers to fabs.o(i.__hardfp_fabs) for __hardfp_fabs
    pid.o(i.PID_fun) refers to dfixui.o(.text) for __aeabi_d2uiz
    pid.o(i.PID_fun) refers to mk60_ftm.o(i.ftm_pwm_duty) for ftm_pwm_duty
    pid.o(i.PID_fun) refers to isr.o(.data) for date_1
    pid.o(i.PID_fun) refers to pid.o(.bss) for dianji_1
    pid.o(i.PID_init) refers to mk60_ftm.o(i.ftm_pwm_init) for ftm_pwm_init
    pid.o(i.PID_init) refers to pid.o(.bss) for dianji_1
    pid.o(i.PIDgegulation) refers to pid.o(i.BetaGeneration) for BetaGeneration
    isr.o(i.PIT0_IRQHandler) refers to mk60_ftm.o(i.ftm_quad_get) for ftm_quad_get
    isr.o(i.PIT0_IRQHandler) refers to mk60_ftm.o(i.ftm_quad_clean) for ftm_quad_clean
    isr.o(i.PIT0_IRQHandler) refers to isr.o(.data) for date_1
    isr.o(i.PORTB_IRQHandler) refers to mk60_gpio.o(i.gpio_turn) for gpio_turn
    main.o(i.main) refers to common.o(i.get_clk) for get_clk
    main.o(i.main) refers to seekfree_oled.o(i.OLED_Init) for OLED_Init
    main.o(i.main) refers to seekfree_oled.o(i.OLED_P8x16Str) for OLED_P8x16Str
    main.o(i.main) refers to seekfree_oled.o(i.OLED_P6x8Str) for OLED_P6x8Str
    fabs.o(i.__hardfp_fabs) refers (Special) to iusefp.o(.text) for __I$use$fp
    fabs.o(i.__softfp_fabs) refers (Special) to iusefp.o(.text) for __I$use$fp
    fabs.o(i.fabs) refers (Special) to iusefp.o(.text) for __I$use$fp
    entry.o(.ARM.Collect$$$$00000000) refers (Special) to entry10a.o(.ARM.Collect$$$$0000000D) for __rt_final_cpp
    entry.o(.ARM.Collect$$$$00000000) refers (Special) to entry11a.o(.ARM.Collect$$$$0000000F) for __rt_final_exit
    entry.o(.ARM.Collect$$$$00000000) refers (Special) to entry7b.o(.ARM.Collect$$$$00000008) for _main_clock
    entry.o(.ARM.Collect$$$$00000000) refers (Special) to entry8b.o(.ARM.Collect$$$$0000000A) for _main_cpp_init
    entry.o(.ARM.Collect$$$$00000000) refers (Special) to entry9a.o(.ARM.Collect$$$$0000000B) for _main_init
    entry.o(.ARM.Collect$$$$00000000) refers (Special) to entry5.o(.ARM.Collect$$$$00000004) for _main_scatterload
    entry.o(.ARM.Collect$$$$00000000) refers (Special) to entry2.o(.ARM.Collect$$$$00000001) for _main_stk
    malloc.o(i.free) refers to mvars.o(.data) for __microlib_freelist
    malloc.o(i.malloc) refers to mvars.o(.data) for __microlib_freelist_initialised
    malloc.o(i.malloc) refers to mvars.o(.data) for __microlib_freelist
    malloc.o(i.malloc) refers to startup_mk66f18.o(HEAP) for __heap_base
    mallocr.o(i.__free$realloc) refers to mvars.o(.data) for __microlib_freelist
    mallocr.o(i.__malloc$realloc) refers to mallocr.o(i.internal_alloc) for internal_alloc
    mallocr.o(i.__malloc$realloc) refers to mvars.o(.data) for __microlib_freelist_initialised
    mallocr.o(i.__malloc$realloc) refers to startup_mk66f18.o(HEAP) for __heap_base
    mallocr.o(i.__malloc$realloc) refers to mvars.o(.data) for __microlib_freelist
    mallocr.o(i.internal_alloc) refers to memcpya.o(.text) for __aeabi_memcpy
    mallocr.o(i.internal_alloc) refers to mvars.o(.data) for __microlib_freelist
    mallocr.o(i.realloc) refers to mallocr.o(i.__free$realloc) for __free$realloc
    mallocr.o(i.realloc) refers to mallocr.o(i.internal_alloc) for internal_alloc
    mallocr.o(i.realloc) refers to mallocr.o(i.__malloc$realloc) for __malloc$realloc
    mallocr.o(i.realloc) refers to mvars.o(.data) for __microlib_freelist
    malloca.o(i.__aligned_malloc) refers to mvars.o(.data) for __microlib_freelist_initialised
    malloca.o(i.__aligned_malloc) refers to mvars.o(.data) for __microlib_freelist
    malloca.o(i.__aligned_malloc) refers to startup_mk66f18.o(HEAP) for __heap_base
    malloca.o(i.__free$memalign) refers to mvars.o(.data) for __microlib_freelist
    malloca.o(i.__malloc$memalign) refers to malloca.o(i.__aligned_malloc) for __aligned_malloc
    mallocra.o(i.__aligned_malloc$realloc) refers to mallocra.o(i.internal_alloc) for internal_alloc
    mallocra.o(i.__aligned_malloc$realloc) refers to mvars.o(.data) for __microlib_freelist_initialised
    mallocra.o(i.__aligned_malloc$realloc) refers to startup_mk66f18.o(HEAP) for __heap_base
    mallocra.o(i.__aligned_malloc$realloc) refers to mvars.o(.data) for __microlib_freelist
    mallocra.o(i.__free$realloc$memalign) refers to mvars.o(.data) for __microlib_freelist
    mallocra.o(i.__malloc$realloc$memalign) refers to mallocra.o(i.__aligned_malloc$realloc) for __aligned_malloc$realloc
    mallocra.o(i.__realloc$memalign) refers to mallocra.o(i.__free$realloc$memalign) for __free$realloc$memalign
    mallocra.o(i.__realloc$memalign) refers to mallocra.o(i.internal_alloc) for internal_alloc
    mallocra.o(i.__realloc$memalign) refers to mallocra.o(i.__malloc$realloc$memalign) for __malloc$realloc$memalign
    mallocra.o(i.__realloc$memalign) refers to mvars.o(.data) for __microlib_freelist
    mallocra.o(i.internal_alloc) refers to memcpya.o(.text) for __aeabi_memcpy
    mallocra.o(i.internal_alloc) refers to mvars.o(.data) for __microlib_freelist
    dfixui.o(.text) refers (Special) to iusefp.o(.text) for __I$use$fp
    dfixui.o(.text) refers to llushr.o(.text) for __aeabi_llsr
    f2d.o(.text) refers (Special) to iusefp.o(.text) for __I$use$fp
    cdcmple.o(.text) refers (Special) to iusefp.o(.text) for __I$use$fp
    entry2.o(.ARM.Collect$$$$00000001) refers to entry2.o(.ARM.Collect$$$$00002712) for __lit__00000000
    entry2.o(.ARM.Collect$$$$00002712) refers to startup_mk66f18.o(STACK) for __initial_sp
    entry2.o(__vectab_stack_and_reset_area) refers to startup_mk66f18.o(STACK) for __initial_sp
    entry2.o(__vectab_stack_and_reset_area) refers to entry.o(.ARM.Collect$$$$00000000) for __main
    entry5.o(.ARM.Collect$$$$00000004) refers to init.o(.text) for __scatterload
    entry9a.o(.ARM.Collect$$$$0000000B) refers to main.o(i.main) for main
    entry9b.o(.ARM.Collect$$$$0000000C) refers to main.o(i.main) for main
    init.o(.text) refers to entry5.o(.ARM.Collect$$$$00000004) for __main_after_scatterload


==============================================================================

Removing Unused input sections from the image.

    Removing startup_mk66f18.o(HEAP), (0 bytes).
    Removing system_mk66.o(.rev16_text), (4 bytes).
    Removing system_mk66.o(.revsh_text), (4 bytes).
    Removing common.o(.rev16_text), (4 bytes).
    Removing common.o(.revsh_text), (4 bytes).
    Removing misc.o(.rev16_text), (4 bytes).
    Removing misc.o(.revsh_text), (4 bytes).
    Removing misc.o(i.write_vtor), (12 bytes).
    Removing mk60_adc.o(.rev16_text), (4 bytes).
    Removing mk60_adc.o(.revsh_text), (4 bytes).
    Removing mk60_adc.o(i.adc_init), (432 bytes).
    Removing mk60_adc.o(i.adc_once), (76 bytes).
    Removing mk60_adc.o(i.adc_start), (56 bytes).
    Removing mk60_adc.o(i.adc_stop), (16 bytes).
    Removing mk60_adc.o(.constdata), (8 bytes).
    Removing mk60_cmt.o(.rev16_text), (4 bytes).
    Removing mk60_cmt.o(.revsh_text), (4 bytes).
    Removing mk60_cmt.o(i.cmt_pwm_duty), (56 bytes).
    Removing mk60_cmt.o(i.cmt_pwm_freq), (108 bytes).
    Removing mk60_cmt.o(i.cmt_pwm_init), (164 bytes).
    Removing mk60_cmt.o(.data), (2 bytes).
    Removing mk60_dac.o(.rev16_text), (4 bytes).
    Removing mk60_dac.o(.revsh_text), (4 bytes).
    Removing mk60_dac.o(i.dac_init), (84 bytes).
    Removing mk60_dac.o(i.dac_out), (28 bytes).
    Removing mk60_dac.o(.constdata), (8 bytes).
    Removing mk60_dma.o(.rev16_text), (4 bytes).
    Removing mk60_dma.o(.revsh_text), (4 bytes).
    Removing mk60_dma.o(i.dma_portx2buff_init), (420 bytes).
    Removing mk60_flash.o(.rev16_text), (4 bytes).
    Removing mk60_flash.o(.revsh_text), (4 bytes).
    Removing mk60_flash.o(i.FLASH_EraseSector), (52 bytes).
    Removing mk60_flash.o(i.FLASH_GetSectorSize), (6 bytes).
    Removing mk60_flash.o(i.FLASH_Init), (12 bytes).
    Removing mk60_flash.o(i.FLASH_WriteSector), (132 bytes).
    Removing mk60_flash.o(i.FlashCmdStart), (52 bytes).
    Removing mk60_flash.o(.data), (20 bytes).
    Removing mk60_ftm.o(.rev16_text), (4 bytes).
    Removing mk60_ftm.o(.revsh_text), (4 bytes).
    Removing mk60_ftm.o(i.FTM_port_mux), (404 bytes).
    Removing mk60_ftm.o(i.ftm_input_clean), (16 bytes).
    Removing mk60_ftm.o(i.ftm_input_get), (24 bytes).
    Removing mk60_ftm.o(i.ftm_input_init), (260 bytes).
    Removing mk60_ftm.o(i.ftm_pwm_duty), (128 bytes).
    Removing mk60_ftm.o(i.ftm_pwm_freq), (120 bytes).
    Removing mk60_ftm.o(i.ftm_pwm_init), (308 bytes).
    Removing mk60_ftm.o(i.ftm_quad_init), (228 bytes).
    Removing mk60_ftm.o(.data), (6 bytes).
    Removing mk60_gpio.o(.rev16_text), (4 bytes).
    Removing mk60_gpio.o(.revsh_text), (4 bytes).
    Removing mk60_gpio.o(i.gpio_ddr), (80 bytes).
    Removing mk60_gpio.o(i.gpio_get), (44 bytes).
    Removing mk60_i2c.o(.rev16_text), (4 bytes).
    Removing mk60_i2c.o(.revsh_text), (4 bytes).
    Removing mk60_i2c.o(i.i2c_delay), (26 bytes).
    Removing mk60_i2c.o(i.i2c_init), (304 bytes).
    Removing mk60_i2c.o(i.i2c_read_reg), (324 bytes).
    Removing mk60_i2c.o(i.i2c_read_reg_bytes), (452 bytes).
    Removing mk60_i2c.o(i.i2c_write_reg), (196 bytes).
    Removing mk60_i2c.o(.constdata), (128 bytes).
    Removing mk60_i2c.o(.data), (20 bytes).
    Removing mk60_lptmr.o(.rev16_text), (4 bytes).
    Removing mk60_lptmr.o(.revsh_text), (4 bytes).
    Removing mk60_lptmr.o(i.lptmr_pulse_clean), (28 bytes).
    Removing mk60_lptmr.o(i.lptmr_pulse_get), (36 bytes).
    Removing mk60_lptmr.o(i.lptmr_pulse_init), (112 bytes).
    Removing mk60_pit.o(.rev16_text), (4 bytes).
    Removing mk60_pit.o(.revsh_text), (4 bytes).
    Removing mk60_pit.o(i.pit_close), (48 bytes).
    Removing mk60_pit.o(i.pit_delay), (128 bytes).
    Removing mk60_pit.o(i.pit_init), (92 bytes).
    Removing mk60_pit.o(i.pit_time_get), (84 bytes).
    Removing mk60_pit.o(i.pit_time_start), (92 bytes).
    Removing mk60_port.o(.rev16_text), (4 bytes).
    Removing mk60_port.o(.revsh_text), (4 bytes).
    Removing mk60_rtc.o(.rev16_text), (4 bytes).
    Removing mk60_rtc.o(.revsh_text), (4 bytes).
    Removing mk60_rtc.o(i.rtc_close_alarm), (20 bytes).
    Removing mk60_rtc.o(i.rtc_get_time), (12 bytes).
    Removing mk60_rtc.o(i.rtc_init), (96 bytes).
    Removing mk60_rtc.o(i.rtc_set_alarm), (56 bytes).
    Removing mk60_rtc.o(i.rtc_set_time), (32 bytes).
    Removing mk60_sdhc.o(.rev16_text), (4 bytes).
    Removing mk60_sdhc.o(.revsh_text), (4 bytes).
    Removing mk60_sdhc.o(i.sdhc_init), (188 bytes).
    Removing mk60_sdhc.o(i.sdhc_initcard), (592 bytes).
    Removing mk60_sdhc.o(i.sdhc_initgpio), (104 bytes).
    Removing mk60_sdhc.o(i.sdhc_ioc), (996 bytes).
    Removing mk60_sdhc.o(i.sdhc_isrunning), (24 bytes).
    Removing mk60_sdhc.o(i.sdhc_read), (276 bytes).
    Removing mk60_sdhc.o(i.sdhc_readblocks), (136 bytes).
    Removing mk60_sdhc.o(i.sdhc_sendcommand), (288 bytes).
    Removing mk60_sdhc.o(i.sdhc_setbaudrate), (232 bytes).
    Removing mk60_sdhc.o(i.sdhc_waitstatus), (24 bytes).
    Removing mk60_sdhc.o(i.sdhc_write), (272 bytes).
    Removing mk60_sdhc.o(i.sdhc_writeblocks), (356 bytes).
    Removing mk60_sdhc.o(.data), (4 bytes).
    Removing mk60_spi.o(.rev16_text), (4 bytes).
    Removing mk60_spi.o(.revsh_text), (4 bytes).
    Removing mk60_spi.o(i.spi_init), (812 bytes).
    Removing mk60_spi.o(i.spi_mosi), (264 bytes).
    Removing mk60_spi.o(i.spi_mosi_cmd), (492 bytes).
    Removing mk60_spi.o(.constdata), (64 bytes).
    Removing mk60_spi.o(.data), (12 bytes).
    Removing mk60_systick.o(.rev16_text), (4 bytes).
    Removing mk60_systick.o(.revsh_text), (4 bytes).
    Removing mk60_systick.o(i.systick_delay), (44 bytes).
    Removing mk60_systick.o(i.systick_delay_ms), (36 bytes).
    Removing mk60_systick.o(i.systick_getval), (8 bytes).
    Removing mk60_systick.o(i.systick_timing), (24 bytes).
    Removing mk60_uart.o(.rev16_text), (4 bytes).
    Removing mk60_uart.o(.revsh_text), (4 bytes).
    Removing mk60_uart.o(i.NVIC_DisableIRQ), (24 bytes).
    Removing mk60_uart.o(i.NVIC_EnableIRQ), (22 bytes).
    Removing mk60_uart.o(i.fputc), (18 bytes).
    Removing mk60_uart.o(i.uart_getchar), (36 bytes).
    Removing mk60_uart.o(i.uart_putbuff), (30 bytes).
    Removing mk60_uart.o(i.uart_putchar), (32 bytes).
    Removing mk60_uart.o(i.uart_putstr), (26 bytes).
    Removing mk60_uart.o(i.uart_querychar), (36 bytes).
    Removing mk60_uart.o(i.uart_rx_irq_dis), (68 bytes).
    Removing mk60_uart.o(i.uart_rx_irq_en), (56 bytes).
    Removing mk60_uart.o(i.uart_txc_irq_dis), (68 bytes).
    Removing mk60_uart.o(i.uart_txc_irq_en), (56 bytes).
    Removing mk60_wdog.o(.rev16_text), (4 bytes).
    Removing mk60_wdog.o(.revsh_text), (4 bytes).
    Removing mk60_wdog.o(i.wdog_disable), (24 bytes).
    Removing mk60_wdog.o(i.wdog_enable), (24 bytes).
    Removing mk60_wdog.o(i.wdog_feed), (36 bytes).
    Removing mk60_wdog.o(i.wdog_init_ms), (40 bytes).
    Removing mk60_wdog.o(i.wdog_unlock), (36 bytes).
    Removing seekfree_18tft.o(.rev16_text), (4 bytes).
    Removing seekfree_18tft.o(.revsh_text), (4 bytes).
    Removing seekfree_18tft.o(i.LCD_WriteData_16Bit), (54 bytes).
    Removing seekfree_18tft.o(i.Lcd_SetRegion), (90 bytes).
    Removing seekfree_18tft.o(i.Lcd_WriteData), (30 bytes).
    Removing seekfree_18tft.o(i.Lcd_WriteIndex), (30 bytes).
    Removing seekfree_18tft.o(i.displayimage032), (118 bytes).
    Removing seekfree_18tft.o(i.displayimage7725), (94 bytes).
    Removing seekfree_18tft.o(i.dsp_single_colour), (48 bytes).
    Removing seekfree_18tft.o(i.lcd_init), (620 bytes).
    Removing seekfree_18tft.o(i.tft_delay), (12 bytes).
    Removing seekfree_28lcd.o(.rev16_text), (4 bytes).
    Removing seekfree_28lcd.o(.revsh_text), (4 bytes).
    Removing seekfree_28lcd.o(i.LCD_Clear), (68 bytes).
    Removing seekfree_28lcd.o(i.LCD_Display_16x8Num), (168 bytes).
    Removing seekfree_28lcd.o(i.LCD_Display_16x8Str), (124 bytes).
    Removing seekfree_28lcd.o(i.LCD_Display_32x16Num), (224 bytes).
    Removing seekfree_28lcd.o(i.LCD_Display_32x16Str), (184 bytes).
    Removing seekfree_28lcd.o(i.LCD_Display_Chinese), (176 bytes).
    Removing seekfree_28lcd.o(i.LCD_Display_image), (68 bytes).
    Removing seekfree_28lcd.o(i.LCD_Displayimage032), (72 bytes).
    Removing seekfree_28lcd.o(i.LCD_Displayimage7725), (72 bytes).
    Removing seekfree_28lcd.o(i.LCD_DrawPoint), (32 bytes).
    Removing seekfree_28lcd.o(i.LCD_Init), (792 bytes).
    Removing seekfree_28lcd.o(i.LCD_Reset), (44 bytes).
    Removing seekfree_28lcd.o(i.LCD_SetCursor), (80 bytes).
    Removing seekfree_28lcd.o(i.LCD_SetParam), (44 bytes).
    Removing seekfree_28lcd.o(i.LCD_SetWindows), (84 bytes).
    Removing seekfree_28lcd.o(i.LCD_WR_DATA), (36 bytes).
    Removing seekfree_28lcd.o(i.LCD_WR_REG), (32 bytes).
    Removing seekfree_28lcd.o(i.LCD_WriteRAM_Prepare), (16 bytes).
    Removing seekfree_28lcd.o(i.LCD_WriteReg), (20 bytes).
    Removing seekfree_28lcd.o(i.my_pow), (22 bytes).
    Removing seekfree_28lcd.o(.bss), (14 bytes).
    Removing seekfree_28lcd.o(.constdata), (45362 bytes).
    Removing seekfree_28lcd.o(.data), (4 bytes).
    Removing seekfree_7725.o(.rev16_text), (4 bytes).
    Removing seekfree_7725.o(.revsh_text), (4 bytes).
    Removing seekfree_7725.o(i.Image_Decompression), (64 bytes).
    Removing seekfree_7725.o(i.NVIC_EnableIRQ), (22 bytes).
    Removing seekfree_7725.o(i.ov7725_dma), (28 bytes).
    Removing seekfree_7725.o(i.ov7725_init), (18 bytes).
    Removing seekfree_7725.o(i.ov7725_port_init), (128 bytes).
    Removing seekfree_7725.o(i.ov7725_reg_init), (576 bytes).
    Removing seekfree_7725.o(i.ov7725_vsync), (72 bytes).
    Removing seekfree_7725.o(i.seekfree_sendimg_7725), (50 bytes).
    Removing seekfree_7725.o(.bss), (5400 bytes).
    Removing seekfree_7725.o(.data), (2 bytes).
    Removing seekfree_fun.o(.rev16_text), (4 bytes).
    Removing seekfree_fun.o(.revsh_text), (4 bytes).
    Removing seekfree_fun.o(i.limit), (70 bytes).
    Removing seekfree_fun.o(i.limit_ab), (14 bytes).
    Removing seekfree_fun.o(i.my_delay), (12 bytes).
    Removing seekfree_fun.o(i.myabs), (14 bytes).
    Removing seekfree_iic.o(.rev16_text), (4 bytes).
    Removing seekfree_iic.o(.revsh_text), (4 bytes).
    Removing seekfree_iic.o(i.I2C_SendACK), (62 bytes).
    Removing seekfree_iic.o(i.IIC_init), (40 bytes).
    Removing seekfree_iic.o(i.IIC_start), (44 bytes).
    Removing seekfree_iic.o(i.IIC_stop), (48 bytes).
    Removing seekfree_iic.o(i.SCCB_WaitAck), (86 bytes).
    Removing seekfree_iic.o(i.read_ch), (118 bytes).
    Removing seekfree_iic.o(i.send_ch), (76 bytes).
    Removing seekfree_iic.o(i.simiic_delay), (18 bytes).
    Removing seekfree_iic.o(i.simiic_read_reg), (72 bytes).
    Removing seekfree_iic.o(i.simiic_write_reg), (42 bytes).
    Removing seekfree_iic.o(.data), (9 bytes).
    Removing seekfree_l3g4200d.o(.rev16_text), (4 bytes).
    Removing seekfree_l3g4200d.o(.revsh_text), (4 bytes).
    Removing seekfree_l3g4200d.o(i.InitL3G4200D), (72 bytes).
    Removing seekfree_l3g4200d.o(i.get_l3g4200d), (172 bytes).
    Removing seekfree_l3g4200d.o(.data), (7 bytes).
    Removing seekfree_mma8451.o(.rev16_text), (4 bytes).
    Removing seekfree_mma8451.o(.revsh_text), (4 bytes).
    Removing seekfree_mma8451.o(i.MMA845x_init), (64 bytes).
    Removing seekfree_mma8451.o(i.get_mma8451), (188 bytes).
    Removing seekfree_mma8451.o(.data), (6 bytes).
    Removing seekfree_mpu6050.o(.rev16_text), (4 bytes).
    Removing seekfree_mpu6050.o(.revsh_text), (4 bytes).
    Removing seekfree_mpu6050.o(i.GetData), (38 bytes).
    Removing seekfree_mpu6050.o(i.Get_AccData), (52 bytes).
    Removing seekfree_mpu6050.o(i.Get_Gyro), (52 bytes).
    Removing seekfree_mpu6050.o(i.InitMPU6050), (74 bytes).
    Removing seekfree_mpu6050.o(.data), (12 bytes).
    Removing seekfree_mt9v032.o(.rev16_text), (4 bytes).
    Removing seekfree_mt9v032.o(.revsh_text), (4 bytes).
    Removing seekfree_mt9v032.o(i.NVIC_EnableIRQ), (22 bytes).
    Removing seekfree_mt9v032.o(i.VSYNC), (88 bytes).
    Removing seekfree_mt9v032.o(i.camera_init), (328 bytes).
    Removing seekfree_mt9v032.o(i.get_config), (108 bytes).
    Removing seekfree_mt9v032.o(i.get_version), (76 bytes).
    Removing seekfree_mt9v032.o(i.mt9v032_cof_uart_interrupt), (80 bytes).
    Removing seekfree_mt9v032.o(i.row_finished), (12 bytes).
    Removing seekfree_mt9v032.o(i.seekfree_sendimg_032), (52 bytes).
    Removing seekfree_mt9v032.o(i.set_exposure_time), (80 bytes).
    Removing seekfree_mt9v032.o(i.set_mt9v032_reg), (124 bytes).
    Removing seekfree_mt9v032.o(.bss), (22560 bytes).
    Removing seekfree_mt9v032.o(.data), (77 bytes).
    Removing seekfree_nrf24l01.o(.rev16_text), (4 bytes).
    Removing seekfree_nrf24l01.o(.revsh_text), (4 bytes).
    Removing seekfree_nrf24l01.o(i.NRF_Dev_Init), (236 bytes).
    Removing seekfree_nrf24l01.o(i.NRF_Rece_Packet), (54 bytes).
    Removing seekfree_nrf24l01.o(i.NRF_SPI_R_Reg_Burst), (60 bytes).
    Removing seekfree_nrf24l01.o(i.NRF_SPI_R_Reg_Byte), (38 bytes).
    Removing seekfree_nrf24l01.o(i.NRF_SPI_WR_Byte), (58 bytes).
    Removing seekfree_nrf24l01.o(i.NRF_SPI_W_Cmd_Byte), (32 bytes).
    Removing seekfree_nrf24l01.o(i.NRF_SPI_W_Reg_Burst), (58 bytes).
    Removing seekfree_nrf24l01.o(i.NRF_SPI_W_Reg_Byte), (40 bytes).
    Removing seekfree_nrf24l01.o(i.NRF_Send_Packet), (136 bytes).
    Removing seekfree_nrf24l01.o(.bss), (64 bytes).
    Removing seekfree_nrf24l01.o(.data), (5 bytes).
    Removing seekfree_oled.o(.rev16_text), (4 bytes).
    Removing seekfree_oled.o(.revsh_text), (4 bytes).
    Removing seekfree_oled.o(i.OLED_ClrPixel), (72 bytes).
    Removing seekfree_oled.o(i.OLED_HEXACSII), (48 bytes).
    Removing seekfree_oled.o(i.OLED_Print_Num), (52 bytes).
    Removing seekfree_oled.o(i.OLED_Print_Num1), (92 bytes).
    Removing seekfree_oled.o(i.OLED_PutPixel), (72 bytes).
    Removing seekfree_oled.o(i.OLED_Wr6Dat), (80 bytes).
    Removing seekfree_oled.o(i.dis_bmp), (472 bytes).
    Removing seekfree_tsl1401.o(.rev16_text), (4 bytes).
    Removing seekfree_tsl1401.o(.revsh_text), (4 bytes).
    Removing seekfree_tsl1401.o(i.ccd_collect), (100 bytes).
    Removing seekfree_tsl1401.o(i.ccd_init), (88 bytes).
    Removing seekfree_tsl1401.o(.bss), (256 bytes).
    Removing pid.o(.rev16_text), (4 bytes).
    Removing pid.o(.revsh_text), (4 bytes).
    Removing pid.o(i.BetaGeneration), (84 bytes).
    Removing pid.o(i.PID_fun), (324 bytes).
    Removing pid.o(i.PID_init), (164 bytes).
    Removing pid.o(i.PIDgegulation), (240 bytes).
    Removing pid.o(.bss), (72 bytes).
    Removing isr.o(.rev16_text), (4 bytes).
    Removing isr.o(.revsh_text), (4 bytes).
    Removing main.o(.rev16_text), (4 bytes).
    Removing main.o(.revsh_text), (4 bytes).
    Removing dfixui.o(.text), (50 bytes).
    Removing f2d.o(.text), (38 bytes).
    Removing cdcmple.o(.text), (48 bytes).

270 unused section(s) (total 95204 bytes) removed from the image.

==============================================================================

Image Symbol Table

    Local Symbols

    Symbol Name                              Value     Ov Type        Size  Object(Section)

    RESET                                    0x00000000   Section     1024  startup_mk66f18.o(RESET)
    ../clib/microlib/init/entry.s            0x00000000   Number         0  entry7a.o ABSOLUTE
    ../clib/microlib/init/entry.s            0x00000000   Number         0  entry9b.o ABSOLUTE
    ../clib/microlib/init/entry.s            0x00000000   Number         0  entry9a.o ABSOLUTE
    ../clib/microlib/init/entry.s            0x00000000   Number         0  entry8b.o ABSOLUTE
    ../clib/microlib/init/entry.s            0x00000000   Number         0  entry7b.o ABSOLUTE
    ../clib/microlib/init/entry.s            0x00000000   Number         0  entry.o ABSOLUTE
    ../clib/microlib/init/entry.s            0x00000000   Number         0  entry5.o ABSOLUTE
    ../clib/microlib/init/entry.s            0x00000000   Number         0  entry2.o ABSOLUTE
    ../clib/microlib/init/entry.s            0x00000000   Number         0  entry8a.o ABSOLUTE
    ../clib/microlib/init/entry.s            0x00000000   Number         0  entry11b.o ABSOLUTE
    ../clib/microlib/init/entry.s            0x00000000   Number         0  entry11a.o ABSOLUTE
    ../clib/microlib/init/entry.s            0x00000000   Number         0  entry10b.o ABSOLUTE
    ../clib/microlib/init/entry.s            0x00000000   Number         0  entry10a.o ABSOLUTE
    ../clib/microlib/longlong.c              0x00000000   Number         0  llushr.o ABSOLUTE
    ../clib/microlib/malloc/malloc.c         0x00000000   Number         0  mallocra.o ABSOLUTE
    ../clib/microlib/malloc/malloc.c         0x00000000   Number         0  malloc.o ABSOLUTE
    ../clib/microlib/malloc/malloc.c         0x00000000   Number         0  malloca.o ABSOLUTE
    ../clib/microlib/malloc/malloc.c         0x00000000   Number         0  mallocr.o ABSOLUTE
    ../clib/microlib/malloc/mvars.c          0x00000000   Number         0  mvars.o ABSOLUTE
    ../clib/microlib/string/memcpy.c         0x00000000   Number         0  memcpya.o ABSOLUTE
    ../clib/microlib/string/memcpy.c         0x00000000   Number         0  memcpyb.o ABSOLUTE
    ../clib/microlib/stubs.s                 0x00000000   Number         0  iusefp.o ABSOLUTE
    ../fplib/microlib/f2d.c                  0x00000000   Number         0  f2d.o ABSOLUTE
    ../fplib/microlib/fpfix.c                0x00000000   Number         0  dfixui.o ABSOLUTE
    ../mathlib/fabs.c                        0x00000000   Number         0  fabs.o ABSOLUTE
    ..\Libraries\app\PID.c                   0x00000000   Number         0  pid.o ABSOLUTE
    ..\Libraries\drives\src\MK60_adc.c       0x00000000   Number         0  mk60_adc.o ABSOLUTE
    ..\Libraries\drives\src\MK60_cmt.c       0x00000000   Number         0  mk60_cmt.o ABSOLUTE
    ..\Libraries\drives\src\MK60_dac.c       0x00000000   Number         0  mk60_dac.o ABSOLUTE
    ..\Libraries\drives\src\MK60_dma.c       0x00000000   Number         0  mk60_dma.o ABSOLUTE
    ..\Libraries\drives\src\MK60_flash.c     0x00000000   Number         0  mk60_flash.o ABSOLUTE
    ..\Libraries\drives\src\MK60_ftm.c       0x00000000   Number         0  mk60_ftm.o ABSOLUTE
    ..\Libraries\drives\src\MK60_gpio.c      0x00000000   Number         0  mk60_gpio.o ABSOLUTE
    ..\Libraries\drives\src\MK60_i2c.c       0x00000000   Number         0  mk60_i2c.o ABSOLUTE
    ..\Libraries\drives\src\MK60_lptmr.c     0x00000000   Number         0  mk60_lptmr.o ABSOLUTE
    ..\Libraries\drives\src\MK60_pit.c       0x00000000   Number         0  mk60_pit.o ABSOLUTE
    ..\Libraries\drives\src\MK60_port.c      0x00000000   Number         0  mk60_port.o ABSOLUTE
    ..\Libraries\drives\src\MK60_rtc.c       0x00000000   Number         0  mk60_rtc.o ABSOLUTE
    ..\Libraries\drives\src\MK60_sdhc.c      0x00000000   Number         0  mk60_sdhc.o ABSOLUTE
    ..\Libraries\drives\src\MK60_spi.c       0x00000000   Number         0  mk60_spi.o ABSOLUTE
    ..\Libraries\drives\src\MK60_systick.c   0x00000000   Number         0  mk60_systick.o ABSOLUTE
    ..\Libraries\drives\src\MK60_uart.c      0x00000000   Number         0  mk60_uart.o ABSOLUTE
    ..\Libraries\drives\src\MK60_wdog.c      0x00000000   Number         0  mk60_wdog.o ABSOLUTE
    ..\Libraries\drives\src\common.c         0x00000000   Number         0  common.o ABSOLUTE
    ..\Libraries\drives\src\misc.c           0x00000000   Number         0  misc.o ABSOLUTE
    ..\Libraries\seekfree\SEEKFREE_18TFT.c   0x00000000   Number         0  seekfree_18tft.o ABSOLUTE
    ..\Libraries\seekfree\SEEKFREE_28LCD.c   0x00000000   Number         0  seekfree_28lcd.o ABSOLUTE
    ..\Libraries\seekfree\SEEKFREE_7725.c    0x00000000   Number         0  seekfree_7725.o ABSOLUTE
    ..\Libraries\seekfree\SEEKFREE_FUN.c     0x00000000   Number         0  seekfree_fun.o ABSOLUTE
    ..\Libraries\seekfree\SEEKFREE_IIC.c     0x00000000   Number         0  seekfree_iic.o ABSOLUTE
    ..\Libraries\seekfree\SEEKFREE_L3G4200D.c 0x00000000   Number         0  seekfree_l3g4200d.o ABSOLUTE
    ..\Libraries\seekfree\SEEKFREE_MMA8451.c 0x00000000   Number         0  seekfree_mma8451.o ABSOLUTE
    ..\Libraries\seekfree\SEEKFREE_MPU6050.c 0x00000000   Number         0  seekfree_mpu6050.o ABSOLUTE
    ..\Libraries\seekfree\SEEKFREE_MT9V032.c 0x00000000   Number         0  seekfree_mt9v032.o ABSOLUTE
    ..\Libraries\seekfree\SEEKFREE_NRF24L01.c 0x00000000   Number         0  seekfree_nrf24l01.o ABSOLUTE
    ..\Libraries\seekfree\SEEKFREE_OLED.c    0x00000000   Number         0  seekfree_oled.o ABSOLUTE
    ..\Libraries\seekfree\SEEKFREE_TSL1401.c 0x00000000   Number         0  seekfree_tsl1401.o ABSOLUTE
    ..\Libraries\startup\DeviceSupport\startup_MK66F18.s 0x00000000   Number         0  startup_mk66f18.o ABSOLUTE
    ..\Libraries\startup\DeviceSupport\system_MK66.c 0x00000000   Number         0  system_mk66.o ABSOLUTE
    ..\User\isr.c                            0x00000000   Number         0  isr.o ABSOLUTE
    ..\User\main.c                           0x00000000   Number         0  main.o ABSOLUTE
    ..\\Libraries\\app\\PID.c                0x00000000   Number         0  pid.o ABSOLUTE
    ..\\Libraries\\drives\\src\\MK60_adc.c   0x00000000   Number         0  mk60_adc.o ABSOLUTE
    ..\\Libraries\\drives\\src\\MK60_cmt.c   0x00000000   Number         0  mk60_cmt.o ABSOLUTE
    ..\\Libraries\\drives\\src\\MK60_dac.c   0x00000000   Number         0  mk60_dac.o ABSOLUTE
    ..\\Libraries\\drives\\src\\MK60_dma.c   0x00000000   Number         0  mk60_dma.o ABSOLUTE
    ..\\Libraries\\drives\\src\\MK60_flash.c 0x00000000   Number         0  mk60_flash.o ABSOLUTE
    ..\\Libraries\\drives\\src\\MK60_ftm.c   0x00000000   Number         0  mk60_ftm.o ABSOLUTE
    ..\\Libraries\\drives\\src\\MK60_gpio.c  0x00000000   Number         0  mk60_gpio.o ABSOLUTE
    ..\\Libraries\\drives\\src\\MK60_i2c.c   0x00000000   Number         0  mk60_i2c.o ABSOLUTE
    ..\\Libraries\\drives\\src\\MK60_lptmr.c 0x00000000   Number         0  mk60_lptmr.o ABSOLUTE
    ..\\Libraries\\drives\\src\\MK60_pit.c   0x00000000   Number         0  mk60_pit.o ABSOLUTE
    ..\\Libraries\\drives\\src\\MK60_port.c  0x00000000   Number         0  mk60_port.o ABSOLUTE
    ..\\Libraries\\drives\\src\\MK60_rtc.c   0x00000000   Number         0  mk60_rtc.o ABSOLUTE
    ..\\Libraries\\drives\\src\\MK60_sdhc.c  0x00000000   Number         0  mk60_sdhc.o ABSOLUTE
    ..\\Libraries\\drives\\src\\MK60_spi.c   0x00000000   Number         0  mk60_spi.o ABSOLUTE
    ..\\Libraries\\drives\\src\\MK60_systick.c 0x00000000   Number         0  mk60_systick.o ABSOLUTE
    ..\\Libraries\\drives\\src\\MK60_uart.c  0x00000000   Number         0  mk60_uart.o ABSOLUTE
    ..\\Libraries\\drives\\src\\MK60_wdog.c  0x00000000   Number         0  mk60_wdog.o ABSOLUTE
    ..\\Libraries\\drives\\src\\common.c     0x00000000   Number         0  common.o ABSOLUTE
    ..\\Libraries\\drives\\src\\misc.c       0x00000000   Number         0  misc.o ABSOLUTE
    ..\\Libraries\\seekfree\\SEEKFREE_18TFT.c 0x00000000   Number         0  seekfree_18tft.o ABSOLUTE
    ..\\Libraries\\seekfree\\SEEKFREE_28LCD.c 0x00000000   Number         0  seekfree_28lcd.o ABSOLUTE
    ..\\Libraries\\seekfree\\SEEKFREE_7725.c 0x00000000   Number         0  seekfree_7725.o ABSOLUTE
    ..\\Libraries\\seekfree\\SEEKFREE_FUN.c  0x00000000   Number         0  seekfree_fun.o ABSOLUTE
    ..\\Libraries\\seekfree\\SEEKFREE_IIC.c  0x00000000   Number         0  seekfree_iic.o ABSOLUTE
    ..\\Libraries\\seekfree\\SEEKFREE_L3G4200D.c 0x00000000   Number         0  seekfree_l3g4200d.o ABSOLUTE
    ..\\Libraries\\seekfree\\SEEKFREE_MMA8451.c 0x00000000   Number         0  seekfree_mma8451.o ABSOLUTE
    ..\\Libraries\\seekfree\\SEEKFREE_MPU6050.c 0x00000000   Number         0  seekfree_mpu6050.o ABSOLUTE
    ..\\Libraries\\seekfree\\SEEKFREE_MT9V032.c 0x00000000   Number         0  seekfree_mt9v032.o ABSOLUTE
    ..\\Libraries\\seekfree\\SEEKFREE_NRF24L01.c 0x00000000   Number         0  seekfree_nrf24l01.o ABSOLUTE
    ..\\Libraries\\seekfree\\SEEKFREE_OLED.c 0x00000000   Number         0  seekfree_oled.o ABSOLUTE
    ..\\Libraries\\seekfree\\SEEKFREE_TSL1401.c 0x00000000   Number         0  seekfree_tsl1401.o ABSOLUTE
    ..\\Libraries\\startup\\DeviceSupport\\system_MK66.c 0x00000000   Number         0  system_mk66.o ABSOLUTE
    ..\\User\\isr.c                          0x00000000   Number         0  isr.o ABSOLUTE
    ..\\User\\main.c                         0x00000000   Number         0  main.o ABSOLUTE
    cdcmple.s                                0x00000000   Number         0  cdcmple.o ABSOLUTE
    dc.s                                     0x00000000   Number         0  dc.o ABSOLUTE
    handlers.s                               0x00000000   Number         0  handlers.o ABSOLUTE
    init.s                                   0x00000000   Number         0  init.o ABSOLUTE
    .ARM.__at_0x400                          0x00000400   Section       16  startup_mk66f18.o(.ARM.__at_0x400)
    .ARM.Collect$$$$00000000                 0x00000410   Section        0  entry.o(.ARM.Collect$$$$00000000)
    .ARM.Collect$$$$00000001                 0x00000410   Section        4  entry2.o(.ARM.Collect$$$$00000001)
    .ARM.Collect$$$$00000004                 0x00000414   Section        4  entry5.o(.ARM.Collect$$$$00000004)
    .ARM.Collect$$$$00000008                 0x00000418   Section        0  entry7b.o(.ARM.Collect$$$$00000008)
    .ARM.Collect$$$$0000000A                 0x00000418   Section        0  entry8b.o(.ARM.Collect$$$$0000000A)
    .ARM.Collect$$$$0000000B                 0x00000418   Section        8  entry9a.o(.ARM.Collect$$$$0000000B)
    .ARM.Collect$$$$0000000D                 0x00000420   Section        0  entry10a.o(.ARM.Collect$$$$0000000D)
    .ARM.Collect$$$$0000000F                 0x00000420   Section        0  entry11a.o(.ARM.Collect$$$$0000000F)
    .ARM.Collect$$$$00002712                 0x00000420   Section        4  entry2.o(.ARM.Collect$$$$00002712)
    __lit__00000000                          0x00000420   Data           4  entry2.o(.ARM.Collect$$$$00002712)
    .text                                    0x00000424   Section       40  startup_mk66f18.o(.text)
    $v0                                      0x00000424   Number         0  startup_mk66f18.o(.text)
    .text                                    0x0000044c   Section       36  init.o(.text)
    i.DMA0_IRQHandler                        0x00000470   Section        0  isr.o(i.DMA0_IRQHandler)
    i.Disable_Wdog                           0x00000484   Section        0  system_mk66.o(i.Disable_Wdog)
    i.NMI_Handler                            0x000004a0   Section        0  system_mk66.o(i.NMI_Handler)
    i.OLED_DLY_ms                            0x000004a2   Section        0  seekfree_oled.o(i.OLED_DLY_ms)
    i.OLED_Fill                              0x000004be   Section        0  seekfree_oled.o(i.OLED_Fill)
    i.OLED_Init                              0x000004f8   Section        0  seekfree_oled.o(i.OLED_Init)
    i.OLED_P6x8Str                           0x00000618   Section        0  seekfree_oled.o(i.OLED_P6x8Str)
    i.OLED_P8x16Str                          0x0000067c   Section        0  seekfree_oled.o(i.OLED_P8x16Str)
    i.OLED_Set_Pos                           0x00000704   Section        0  seekfree_oled.o(i.OLED_Set_Pos)
    i.OLED_WrCmd                             0x0000072c   Section        0  seekfree_oled.o(i.OLED_WrCmd)
    i.OLED_WrDat                             0x0000077c   Section        0  seekfree_oled.o(i.OLED_WrDat)
    i.PIT0_IRQHandler                        0x000007cc   Section        0  isr.o(i.PIT0_IRQHandler)
    i.PORTB_IRQHandler                       0x00000808   Section        0  isr.o(i.PORTB_IRQHandler)
    i.PORTC_IRQHandler                       0x0000082c   Section        0  isr.o(i.PORTC_IRQHandler)
    i.SYSTEM_CLK                             0x0000083c   Section        0  system_mk66.o(i.SYSTEM_CLK)
    i.Start                                  0x000008f4   Section        0  system_mk66.o(i.Start)
    i.UART3_RX_TX_IRQHandler                 0x0000091c   Section        0  isr.o(i.UART3_RX_TX_IRQHandler)
    i.UART4_RX_TX_IRQHandler                 0x0000092c   Section        0  isr.o(i.UART4_RX_TX_IRQHandler)
    i.__scatterload_copy                     0x0000093c   Section       14  handlers.o(i.__scatterload_copy)
    i.__scatterload_null                     0x0000094a   Section        2  handlers.o(i.__scatterload_null)
    i.__scatterload_zeroinit                 0x0000094c   Section       14  handlers.o(i.__scatterload_zeroinit)
    i.div_set                                0x0000095c   Section        0  system_mk66.o(i.div_set)
    i.ftm_quad_clean                         0x000009a8   Section        0  mk60_ftm.o(i.ftm_quad_clean)
    i.ftm_quad_get                           0x000009b8   Section        0  mk60_ftm.o(i.ftm_quad_get)
    i.get_clk                                0x000009cc   Section        0  common.o(i.get_clk)
    i.gpio_init                              0x00000a40   Section        0  mk60_gpio.o(i.gpio_init)
    i.gpio_set                               0x00000b14   Section        0  mk60_gpio.o(i.gpio_set)
    i.gpio_turn                              0x00000b5c   Section        0  mk60_gpio.o(i.gpio_turn)
    i.main                                   0x00000b84   Section        0  main.o(i.main)
    i.port_init                              0x00000be8   Section        0  mk60_port.o(i.port_init)
    i.port_init_NoAlt                        0x00000c5c   Section        0  mk60_port.o(i.port_init_NoAlt)
    i.uart_init                              0x00000cb0   Section        0  mk60_uart.o(i.uart_init)
    .constdata                               0x00000e88   Section       16  mk60_ftm.o(.constdata)
    FTMX                                     0x00000e88   Data          16  mk60_ftm.o(.constdata)
    .constdata                               0x00000e98   Section       40  mk60_gpio.o(.constdata)
    PORTX                                    0x00000e98   Data          20  mk60_gpio.o(.constdata)
    GPIOX                                    0x00000eac   Data          20  mk60_gpio.o(.constdata)
    .constdata                               0x00000ec0   Section       40  mk60_port.o(.constdata)
    PORTX                                    0x00000ec0   Data          20  mk60_port.o(.constdata)
    GPIOX                                    0x00000ed4   Data          20  mk60_port.o(.constdata)
    .constdata                               0x00000ee8   Section     2072  seekfree_oled.o(.constdata)
    .data                                    0x1fff0000   Section       12  common.o(.data)
    .data                                    0x1fff000c   Section       20  mk60_uart.o(.data)
    .data                                    0x1fff0020   Section        8  isr.o(.data)
    STACK                                    0x1fff0028   Section     1024  startup_mk66f18.o(STACK)

    Global Symbols

    Symbol Name                              Value     Ov Type        Size  Object(Section)

    BuildAttributes$$THM_ISAv4$E$P$D$K$B$S$7EM$VFPi3$EXTD16$VFPS$VFMA$PE$A:L22UL41UL21$X:L11$S22US41US21$IEEE1$IW$USESV6$~STKCKD$USESV7$~SHL$OTIME$ROPI$IEEEJ$EBA8$MICROLIB$REQ8$PRES8$EABIv2 0x00000000   Number         0  anon$$obj.o ABSOLUTE
    __ARM_use_no_argv                        0x00000000   Number         0  main.o ABSOLUTE
    __Vectors                                0x00000000   Data           4  startup_mk66f18.o(RESET)
    __cpp_initialize__aeabi_                  - Undefined Weak Reference
    __cxa_finalize                            - Undefined Weak Reference
    __decompress                              - Undefined Weak Reference
    _clock_init                               - Undefined Weak Reference
    _microlib_exit                            - Undefined Weak Reference
    __Vectors_End                            0x00000400   Data           0  startup_mk66f18.o(RESET)
    __Vectors_Size                           0x00000400   Number         0  startup_mk66f18.o ABSOLUTE
    __main                                   0x00000411   Thumb Code     0  entry.o(.ARM.Collect$$$$00000000)
    _main_stk                                0x00000411   Thumb Code     0  entry2.o(.ARM.Collect$$$$00000001)
    _main_scatterload                        0x00000415   Thumb Code     0  entry5.o(.ARM.Collect$$$$00000004)
    __main_after_scatterload                 0x00000419   Thumb Code     0  entry5.o(.ARM.Collect$$$$00000004)
    _main_clock                              0x00000419   Thumb Code     0  entry7b.o(.ARM.Collect$$$$00000008)
    _main_cpp_init                           0x00000419   Thumb Code     0  entry8b.o(.ARM.Collect$$$$0000000A)
    _main_init                               0x00000419   Thumb Code     0  entry9a.o(.ARM.Collect$$$$0000000B)
    __rt_final_cpp                           0x00000421   Thumb Code     0  entry10a.o(.ARM.Collect$$$$0000000D)
    __rt_final_exit                          0x00000421   Thumb Code     0  entry11a.o(.ARM.Collect$$$$0000000F)
    Reset_Handler                            0x00000425   Thumb Code    12  startup_mk66f18.o(.text)
    HardFault_Handler                        0x00000433   Thumb Code     2  startup_mk66f18.o(.text)
    MemManage_Handler                        0x00000435   Thumb Code     2  startup_mk66f18.o(.text)
    BusFault_Handler                         0x00000437   Thumb Code     2  startup_mk66f18.o(.text)
    UsageFault_Handler                       0x00000439   Thumb Code     2  startup_mk66f18.o(.text)
    SVC_Handler                              0x0000043b   Thumb Code     2  startup_mk66f18.o(.text)
    DebugMon_Handler                         0x0000043d   Thumb Code     2  startup_mk66f18.o(.text)
    PendSV_Handler                           0x0000043f   Thumb Code     2  startup_mk66f18.o(.text)
    SysTick_Handler                          0x00000441   Thumb Code     2  startup_mk66f18.o(.text)
    ADC0_IRQHandler                          0x00000443   Thumb Code     0  startup_mk66f18.o(.text)
    ADC1_IRQHandler                          0x00000443   Thumb Code     0  startup_mk66f18.o(.text)
    CAN0_Bus_Off_IRQHandler                  0x00000443   Thumb Code     0  startup_mk66f18.o(.text)
    CAN0_Error_IRQHandler                    0x00000443   Thumb Code     0  startup_mk66f18.o(.text)
    CAN0_ORed_Message_buffer_IRQHandler      0x00000443   Thumb Code     0  startup_mk66f18.o(.text)
    CAN0_Rx_Warning_IRQHandler               0x00000443   Thumb Code     0  startup_mk66f18.o(.text)
    CAN0_Tx_Warning_IRQHandler               0x00000443   Thumb Code     0  startup_mk66f18.o(.text)
    CAN0_Wake_Up_IRQHandler                  0x00000443   Thumb Code     0  startup_mk66f18.o(.text)
    CAN1_Bus_Off_IRQHandler                  0x00000443   Thumb Code     0  startup_mk66f18.o(.text)
    CAN1_Error_IRQHandler                    0x00000443   Thumb Code     0  startup_mk66f18.o(.text)
    CAN1_ORed_Message_buffer_IRQHandler      0x00000443   Thumb Code     0  startup_mk66f18.o(.text)
    CAN1_Rx_Warning_IRQHandler               0x00000443   Thumb Code     0  startup_mk66f18.o(.text)
    CAN1_Tx_Warning_IRQHandler               0x00000443   Thumb Code     0  startup_mk66f18.o(.text)
    CAN1_Wake_Up_IRQHandler                  0x00000443   Thumb Code     0  startup_mk66f18.o(.text)
    CMP0_IRQHandler                          0x00000443   Thumb Code     0  startup_mk66f18.o(.text)
    CMP1_IRQHandler                          0x00000443   Thumb Code     0  startup_mk66f18.o(.text)
    CMP2_IRQHandler                          0x00000443   Thumb Code     0  startup_mk66f18.o(.text)
    CMP3_IRQHandler                          0x00000443   Thumb Code     0  startup_mk66f18.o(.text)
    CMT_IRQHandler                           0x00000443   Thumb Code     0  startup_mk66f18.o(.text)
    DAC0_IRQHandler                          0x00000443   Thumb Code     0  startup_mk66f18.o(.text)
    DAC1_IRQHandler                          0x00000443   Thumb Code     0  startup_mk66f18.o(.text)
    DMA10_IRQHandler                         0x00000443   Thumb Code     0  startup_mk66f18.o(.text)
    DMA11_IRQHandler                         0x00000443   Thumb Code     0  startup_mk66f18.o(.text)
    DMA12_IRQHandler                         0x00000443   Thumb Code     0  startup_mk66f18.o(.text)
    DMA13_IRQHandler                         0x00000443   Thumb Code     0  startup_mk66f18.o(.text)
    DMA14_IRQHandler                         0x00000443   Thumb Code     0  startup_mk66f18.o(.text)
    DMA15_IRQHandler                         0x00000443   Thumb Code     0  startup_mk66f18.o(.text)
    DMA1_IRQHandler                          0x00000443   Thumb Code     0  startup_mk66f18.o(.text)
    DMA2_IRQHandler                          0x00000443   Thumb Code     0  startup_mk66f18.o(.text)
    DMA3_IRQHandler                          0x00000443   Thumb Code     0  startup_mk66f18.o(.text)
    DMA4_IRQHandler                          0x00000443   Thumb Code     0  startup_mk66f18.o(.text)
    DMA5_IRQHandler                          0x00000443   Thumb Code     0  startup_mk66f18.o(.text)
    DMA6_IRQHandler                          0x00000443   Thumb Code     0  startup_mk66f18.o(.text)
    DMA7_IRQHandler                          0x00000443   Thumb Code     0  startup_mk66f18.o(.text)
    DMA8_IRQHandler                          0x00000443   Thumb Code     0  startup_mk66f18.o(.text)
    DMA9_IRQHandler                          0x00000443   Thumb Code     0  startup_mk66f18.o(.text)
    DMA_Error_IRQHandler                     0x00000443   Thumb Code     0  startup_mk66f18.o(.text)
    DefaultISR                               0x00000443   Thumb Code     0  startup_mk66f18.o(.text)
    ENET_1588_Timer_IRQHandler               0x00000443   Thumb Code     0  startup_mk66f18.o(.text)
    ENET_Error_IRQHandler                    0x00000443   Thumb Code     0  startup_mk66f18.o(.text)
    ENET_Receive_IRQHandler                  0x00000443   Thumb Code     0  startup_mk66f18.o(.text)
    ENET_Transmit_IRQHandler                 0x00000443   Thumb Code     0  startup_mk66f18.o(.text)
    FTFE_IRQHandler                          0x00000443   Thumb Code     0  startup_mk66f18.o(.text)
    FTM0_IRQHandler                          0x00000443   Thumb Code     0  startup_mk66f18.o(.text)
    FTM1_IRQHandler                          0x00000443   Thumb Code     0  startup_mk66f18.o(.text)
    FTM2_IRQHandler                          0x00000443   Thumb Code     0  startup_mk66f18.o(.text)
    FTM3_IRQHandler                          0x00000443   Thumb Code     0  startup_mk66f18.o(.text)
    I2C0_IRQHandler                          0x00000443   Thumb Code     0  startup_mk66f18.o(.text)
    I2C1_IRQHandler                          0x00000443   Thumb Code     0  startup_mk66f18.o(.text)
    I2C2_IRQHandler                          0x00000443   Thumb Code     0  startup_mk66f18.o(.text)
    I2C3_IRQHandler                          0x00000443   Thumb Code     0  startup_mk66f18.o(.text)
    I2S0_Rx_IRQHandler                       0x00000443   Thumb Code     0  startup_mk66f18.o(.text)
    I2S0_Tx_IRQHandler                       0x00000443   Thumb Code     0  startup_mk66f18.o(.text)
    LLWU_IRQHandler                          0x00000443   Thumb Code     0  startup_mk66f18.o(.text)
    LPTMR0_IRQHandler                        0x00000443   Thumb Code     0  startup_mk66f18.o(.text)
    LPUART0_IRQHandler                       0x00000443   Thumb Code     0  startup_mk66f18.o(.text)
    LVD_LVW_IRQHandler                       0x00000443   Thumb Code     0  startup_mk66f18.o(.text)
    MCG_IRQHandler                           0x00000443   Thumb Code     0  startup_mk66f18.o(.text)
    MCM_IRQHandler                           0x00000443   Thumb Code     0  startup_mk66f18.o(.text)
    PDB0_IRQHandler                          0x00000443   Thumb Code     0  startup_mk66f18.o(.text)
    PIT1_IRQHandler                          0x00000443   Thumb Code     0  startup_mk66f18.o(.text)
    PIT2_IRQHandler                          0x00000443   Thumb Code     0  startup_mk66f18.o(.text)
    PIT3_IRQHandler                          0x00000443   Thumb Code     0  startup_mk66f18.o(.text)
    PORTA_IRQHandler                         0x00000443   Thumb Code     0  startup_mk66f18.o(.text)
    PORTD_IRQHandler                         0x00000443   Thumb Code     0  startup_mk66f18.o(.text)
    PORTE_IRQHandler                         0x00000443   Thumb Code     0  startup_mk66f18.o(.text)
    RNG_IRQHandler                           0x00000443   Thumb Code     0  startup_mk66f18.o(.text)
    RTC_IRQHandler                           0x00000443   Thumb Code     0  startup_mk66f18.o(.text)
    RTC_Seconds_IRQHandler                   0x00000443   Thumb Code     0  startup_mk66f18.o(.text)
    Read_Collision_IRQHandler                0x00000443   Thumb Code     0  startup_mk66f18.o(.text)
    Reserved46_IRQHandler                    0x00000443   Thumb Code     0  startup_mk66f18.o(.text)
    Reserved71_IRQHandler                    0x00000443   Thumb Code     0  startup_mk66f18.o(.text)
    Reserved84_IRQHandler                    0x00000443   Thumb Code     0  startup_mk66f18.o(.text)
    Reserved85_IRQHandler                    0x00000443   Thumb Code     0  startup_mk66f18.o(.text)
    SDHC_IRQHandler                          0x00000443   Thumb Code     0  startup_mk66f18.o(.text)
    SPI0_IRQHandler                          0x00000443   Thumb Code     0  startup_mk66f18.o(.text)
    SPI1_IRQHandler                          0x00000443   Thumb Code     0  startup_mk66f18.o(.text)
    SPI2_IRQHandler                          0x00000443   Thumb Code     0  startup_mk66f18.o(.text)
    SWI_IRQHandler                           0x00000443   Thumb Code     0  startup_mk66f18.o(.text)
    TPM1_IRQHandler                          0x00000443   Thumb Code     0  startup_mk66f18.o(.text)
    TPM2_IRQHandler                          0x00000443   Thumb Code     0  startup_mk66f18.o(.text)
    TSI0_IRQHandler                          0x00000443   Thumb Code     0  startup_mk66f18.o(.text)
    UART0_ERR_IRQHandler                     0x00000443   Thumb Code     0  startup_mk66f18.o(.text)
    UART0_RX_TX_IRQHandler                   0x00000443   Thumb Code     0  startup_mk66f18.o(.text)
    UART1_ERR_IRQHandler                     0x00000443   Thumb Code     0  startup_mk66f18.o(.text)
    UART1_RX_TX_IRQHandler                   0x00000443   Thumb Code     0  startup_mk66f18.o(.text)
    UART2_ERR_IRQHandler                     0x00000443   Thumb Code     0  startup_mk66f18.o(.text)
    UART2_RX_TX_IRQHandler                   0x00000443   Thumb Code     0  startup_mk66f18.o(.text)
    UART3_ERR_IRQHandler                     0x00000443   Thumb Code     0  startup_mk66f18.o(.text)
    UART4_ERR_IRQHandler                     0x00000443   Thumb Code     0  startup_mk66f18.o(.text)
    USB0_IRQHandler                          0x00000443   Thumb Code     0  startup_mk66f18.o(.text)
    USBDCD_IRQHandler                        0x00000443   Thumb Code     0  startup_mk66f18.o(.text)
    USBHSDCD_IRQHandler                      0x00000443   Thumb Code     0  startup_mk66f18.o(.text)
    USBHS_IRQHandler                         0x00000443   Thumb Code     0  startup_mk66f18.o(.text)
    WDOG_EWM_IRQHandler                      0x00000443   Thumb Code     0  startup_mk66f18.o(.text)
    __scatterload                            0x0000044d   Thumb Code    28  init.o(.text)
    __scatterload_rt2                        0x0000044d   Thumb Code     0  init.o(.text)
    DMA0_IRQHandler                          0x00000471   Thumb Code    14  isr.o(i.DMA0_IRQHandler)
    Disable_Wdog                             0x00000485   Thumb Code    22  system_mk66.o(i.Disable_Wdog)
    NMI_Handler                              0x000004a1   Thumb Code     2  system_mk66.o(i.NMI_Handler)
    OLED_DLY_ms                              0x000004a3   Thumb Code    28  seekfree_oled.o(i.OLED_DLY_ms)
    OLED_Fill                                0x000004bf   Thumb Code    58  seekfree_oled.o(i.OLED_Fill)
    OLED_Init                                0x000004f9   Thumb Code   288  seekfree_oled.o(i.OLED_Init)
    OLED_P6x8Str                             0x00000619   Thumb Code    96  seekfree_oled.o(i.OLED_P6x8Str)
    OLED_P8x16Str                            0x0000067d   Thumb Code   130  seekfree_oled.o(i.OLED_P8x16Str)
    OLED_Set_Pos                             0x00000705   Thumb Code    40  seekfree_oled.o(i.OLED_Set_Pos)
    OLED_WrCmd                               0x0000072d   Thumb Code    80  seekfree_oled.o(i.OLED_WrCmd)
    OLED_WrDat                               0x0000077d   Thumb Code    80  seekfree_oled.o(i.OLED_WrDat)
    PIT0_IRQHandler                          0x000007cd   Thumb Code    48  isr.o(i.PIT0_IRQHandler)
    PORTB_IRQHandler                         0x00000809   Thumb Code    32  isr.o(i.PORTB_IRQHandler)
    PORTC_IRQHandler                         0x0000082d   Thumb Code    10  isr.o(i.PORTC_IRQHandler)
    SYSTEM_CLK                               0x0000083d   Thumb Code   170  system_mk66.o(i.SYSTEM_CLK)
    Start                                    0x000008f5   Thumb Code    34  system_mk66.o(i.Start)
    UART3_RX_TX_IRQHandler                   0x0000091d   Thumb Code    10  isr.o(i.UART3_RX_TX_IRQHandler)
    UART4_RX_TX_IRQHandler                   0x0000092d   Thumb Code    10  isr.o(i.UART4_RX_TX_IRQHandler)
    __scatterload_copy                       0x0000093d   Thumb Code    14  handlers.o(i.__scatterload_copy)
    __scatterload_null                       0x0000094b   Thumb Code     2  handlers.o(i.__scatterload_null)
    __scatterload_zeroinit                   0x0000094d   Thumb Code    14  handlers.o(i.__scatterload_zeroinit)
    div_set                                  0x0000095d   Thumb Code    68  system_mk66.o(i.div_set)
    ftm_quad_clean                           0x000009a9   Thumb Code    12  mk60_ftm.o(i.ftm_quad_clean)
    ftm_quad_get                             0x000009b9   Thumb Code    14  mk60_ftm.o(i.ftm_quad_get)
    get_clk                                  0x000009cd   Thumb Code    94  common.o(i.get_clk)
    gpio_init                                0x00000a41   Thumb Code   200  mk60_gpio.o(i.gpio_init)
    gpio_set                                 0x00000b15   Thumb Code    66  mk60_gpio.o(i.gpio_set)
    gpio_turn                                0x00000b5d   Thumb Code    34  mk60_gpio.o(i.gpio_turn)
    main                                     0x00000b85   Thumb Code    54  main.o(i.main)
    port_init                                0x00000be9   Thumb Code   102  mk60_port.o(i.port_init)
    port_init_NoAlt                          0x00000c5d   Thumb Code    76  mk60_port.o(i.port_init_NoAlt)
    uart_init                                0x00000cb1   Thumb Code   452  mk60_uart.o(i.uart_init)
    F6x8                                     0x00000ee8   Data         552  seekfree_oled.o(.constdata)
    F8X16                                    0x00001110   Data        1520  seekfree_oled.o(.constdata)
    Region$$Table$$Base                      0x00001700   Number         0  anon$$obj.o(Region$$Table)
    Region$$Table$$Limit                     0x00001720   Number         0  anon$$obj.o(Region$$Table)
    mcgout_clk_mhz                           0x1fff0000   Data           4  common.o(.data)
    core_clk_mhz                             0x1fff0004   Data           4  common.o(.data)
    bus_clk_mhz                              0x1fff0008   Data           4  common.o(.data)
    uart                                     0x1fff000c   Data          20  mk60_uart.o(.data)
    date_1                                   0x1fff0020   Data           4  isr.o(.data)
    date_2                                   0x1fff0024   Data           4  isr.o(.data)
    __initial_sp                             0x1fff0428   Data           0  startup_mk66f18.o(STACK)



==============================================================================

Memory Map of the image

  Image Entry point : 0x00000411

  Load Region LR_IROM1 (Base: 0x00000000, Size: 0x00001748, Max: 0x00100000, ABSOLUTE)

    Execution Region ER_IROM1 (Exec base: 0x00000000, Load base: 0x00000000, Size: 0x00001720, Max: 0x00100000, ABSOLUTE)

    Exec Addr    Load Addr    Size         Type   Attr      Idx    E Section Name        Object

    0x00000000   0x00000000   0x00000400   Data   RO            3    RESET               startup_mk66f18.o
    0x00000400   0x00000400   0x00000010   Code   RO            4    .ARM.__at_0x400     startup_mk66f18.o
    0x00000410   0x00000410   0x00000000   Code   RO         1974  * .ARM.Collect$$$$00000000  mc_w.l(entry.o)
    0x00000410   0x00000410   0x00000004   Code   RO         2015    .ARM.Collect$$$$00000001  mc_w.l(entry2.o)
    0x00000414   0x00000414   0x00000004   Code   RO         2018    .ARM.Collect$$$$00000004  mc_w.l(entry5.o)
    0x00000418   0x00000418   0x00000000   Code   RO         2020    .ARM.Collect$$$$00000008  mc_w.l(entry7b.o)
    0x00000418   0x00000418   0x00000000   Code   RO         2022    .ARM.Collect$$$$0000000A  mc_w.l(entry8b.o)
    0x00000418   0x00000418   0x00000008   Code   RO         2023    .ARM.Collect$$$$0000000B  mc_w.l(entry9a.o)
    0x00000420   0x00000420   0x00000000   Code   RO         2025    .ARM.Collect$$$$0000000D  mc_w.l(entry10a.o)
    0x00000420   0x00000420   0x00000000   Code   RO         2027    .ARM.Collect$$$$0000000F  mc_w.l(entry11a.o)
    0x00000420   0x00000420   0x00000004   Code   RO         2016    .ARM.Collect$$$$00002712  mc_w.l(entry2.o)
    0x00000424   0x00000424   0x00000028   Code   RO            5    .text               startup_mk66f18.o
    0x0000044c   0x0000044c   0x00000024   Code   RO         2034    .text               mc_w.l(init.o)
    0x00000470   0x00000470   0x00000014   Code   RO         1897    i.DMA0_IRQHandler   isr.o
    0x00000484   0x00000484   0x0000001c   Code   RO           15    i.Disable_Wdog      system_mk66.o
    0x000004a0   0x000004a0   0x00000002   Code   RO           16    i.NMI_Handler       system_mk66.o
    0x000004a2   0x000004a2   0x0000001c   Code   RO         1714    i.OLED_DLY_ms       seekfree_oled.o
    0x000004be   0x000004be   0x0000003a   Code   RO         1715    i.OLED_Fill         seekfree_oled.o
    0x000004f8   0x000004f8   0x00000120   Code   RO         1717    i.OLED_Init         seekfree_oled.o
    0x00000618   0x00000618   0x00000064   Code   RO         1718    i.OLED_P6x8Str      seekfree_oled.o
    0x0000067c   0x0000067c   0x00000088   Code   RO         1719    i.OLED_P8x16Str     seekfree_oled.o
    0x00000704   0x00000704   0x00000028   Code   RO         1723    i.OLED_Set_Pos      seekfree_oled.o
    0x0000072c   0x0000072c   0x00000050   Code   RO         1725    i.OLED_WrCmd        seekfree_oled.o
    0x0000077c   0x0000077c   0x00000050   Code   RO         1726    i.OLED_WrDat        seekfree_oled.o
    0x000007cc   0x000007cc   0x0000003c   Code   RO         1898    i.PIT0_IRQHandler   isr.o
    0x00000808   0x00000808   0x00000024   Code   RO         1899    i.PORTB_IRQHandler  isr.o
    0x0000082c   0x0000082c   0x00000010   Code   RO         1900    i.PORTC_IRQHandler  isr.o
    0x0000083c   0x0000083c   0x000000b8   Code   RO           17    i.SYSTEM_CLK        system_mk66.o
    0x000008f4   0x000008f4   0x00000028   Code   RO           18    i.Start             system_mk66.o
    0x0000091c   0x0000091c   0x00000010   Code   RO         1901    i.UART3_RX_TX_IRQHandler  isr.o
    0x0000092c   0x0000092c   0x00000010   Code   RO         1902    i.UART4_RX_TX_IRQHandler  isr.o
    0x0000093c   0x0000093c   0x0000000e   Code   RO         2038    i.__scatterload_copy  mc_w.l(handlers.o)
    0x0000094a   0x0000094a   0x00000002   Code   RO         2039    i.__scatterload_null  mc_w.l(handlers.o)
    0x0000094c   0x0000094c   0x0000000e   Code   RO         2040    i.__scatterload_zeroinit  mc_w.l(handlers.o)
    0x0000095a   0x0000095a   0x00000002   PAD
    0x0000095c   0x0000095c   0x0000004c   Code   RO           19    i.div_set           system_mk66.o
    0x000009a8   0x000009a8   0x00000010   Code   RO          344    i.ftm_quad_clean    mk60_ftm.o
    0x000009b8   0x000009b8   0x00000014   Code   RO          345    i.ftm_quad_get      mk60_ftm.o
    0x000009cc   0x000009cc   0x00000074   Code   RO          105    i.get_clk           common.o
    0x00000a40   0x00000a40   0x000000d4   Code   RO          424    i.gpio_init         mk60_gpio.o
    0x00000b14   0x00000b14   0x00000048   Code   RO          425    i.gpio_set          mk60_gpio.o
    0x00000b5c   0x00000b5c   0x00000028   Code   RO          426    i.gpio_turn         mk60_gpio.o
    0x00000b84   0x00000b84   0x00000064   Code   RO         1950    i.main              main.o
    0x00000be8   0x00000be8   0x00000074   Code   RO          604    i.port_init         mk60_port.o
    0x00000c5c   0x00000c5c   0x00000054   Code   RO          605    i.port_init_NoAlt   mk60_port.o
    0x00000cb0   0x00000cb0   0x000001d8   Code   RO          847    i.uart_init         mk60_uart.o
    0x00000e88   0x00000e88   0x00000010   Data   RO          347    .constdata          mk60_ftm.o
    0x00000e98   0x00000e98   0x00000028   Data   RO          427    .constdata          mk60_gpio.o
    0x00000ec0   0x00000ec0   0x00000028   Data   RO          606    .constdata          mk60_port.o
    0x00000ee8   0x00000ee8   0x00000818   Data   RO         1728    .constdata          seekfree_oled.o
    0x00001700   0x00001700   0x00000020   Data   RO         2036    Region$$Table       anon$$obj.o


    Execution Region RW_IRAM1 (Exec base: 0x1fff0000, Load base: 0x00001720, Size: 0x00000428, Max: 0x00040000, ABSOLUTE)

    Exec Addr    Load Addr    Size         Type   Attr      Idx    E Section Name        Object

    0x1fff0000   0x00001720   0x0000000c   Data   RW          106    .data               common.o
    0x1fff000c   0x0000172c   0x00000014   Data   RW          856    .data               mk60_uart.o
    0x1fff0020   0x00001740   0x00000008   Data   RW         1903    .data               isr.o
    0x1fff0028        -       0x00000400   Zero   RW            1    STACK               startup_mk66f18.o


==============================================================================

Image component sizes


      Code (inc. data)   RO Data    RW Data    ZI Data      Debug   Object Name

       116         22          0         12          0       2864   common.o
       164         40          0          8          0       3304   isr.o
       100         46          0          0          0        523   main.o
        36         10         16          0          0       3025   mk60_ftm.o
       324         24         40          0          0       2627   mk60_gpio.o
       200         22         40          0          0       1966   mk60_port.o
       472         26          0         20          0       1547   mk60_uart.o
       810         10       2072          0          0       6655   seekfree_oled.o
        56         24       1024          0       1024       1192   startup_mk66f18.o
       330         34          0          0          0     730994   system_mk66.o

    ----------------------------------------------------------------------
      2608        258       3224         40       1024     754697   Object Totals
         0          0         32          0          0          0   (incl. Generated)
         0          0          0          0          0          0   (incl. Padding)

    ----------------------------------------------------------------------

      Code (inc. data)   RO Data    RW Data    ZI Data      Debug   Library Member Name

         0          0          0          0          0          0   entry.o
         0          0          0          0          0          0   entry10a.o
         0          0          0          0          0          0   entry11a.o
         8          4          0          0          0          0   entry2.o
         4          0          0          0          0          0   entry5.o
         0          0          0          0          0          0   entry7b.o
         0          0          0          0          0          0   entry8b.o
         8          4          0          0          0          0   entry9a.o
        30          0          0          0          0          0   handlers.o
        36          8          0          0          0         68   init.o

    ----------------------------------------------------------------------
        88         16          0          0          0         68   Library Totals
         2          0          0          0          0          0   (incl. Padding)

    ----------------------------------------------------------------------

      Code (inc. data)   RO Data    RW Data    ZI Data      Debug   Library Name

        86         16          0          0          0         68   mc_w.l

    ----------------------------------------------------------------------
        88         16          0          0          0         68   Library Totals

    ----------------------------------------------------------------------

==============================================================================


      Code (inc. data)   RO Data    RW Data    ZI Data      Debug   

      2696        274       3224         40       1024     752669   Grand Totals
      2696        274       3224         40       1024     752669   ELF Image Totals
      2696        274       3224         40          0          0   ROM Totals

==============================================================================

    Total RO  Size (Code + RO Data)                 5920 (   5.78kB)
    Total RW  Size (RW Data + ZI Data)              1064 (   1.04kB)
    Total ROM Size (Code + RO Data + RW Data)       5960 (   5.82kB)

==============================================================================

