Component: ARM Compiler 5.06 update 6 (build 750) Tool: armlink [4d35ed]

==============================================================================

Section Cross References

    startup_mk66f18.o(RESET) refers to startup_mk66f18.o(STACK) for __initial_sp
    startup_mk66f18.o(RESET) refers to startup_mk66f18.o(.text) for Reset_Handler
    startup_mk66f18.o(RESET) refers to system_mk66.o(i.NMI_Handler) for NMI_Handler
    startup_mk66f18.o(RESET) refers to isr.o(i.DMA0_IRQHandler) for DMA0_IRQHandler
    startup_mk66f18.o(RESET) refers to isr.o(i.UART3_RX_TX_IRQHandler) for UART3_RX_TX_IRQHandler
    startup_mk66f18.o(RESET) refers to isr.o(i.PIT0_IRQHandler) for PIT0_IRQHandler
    startup_mk66f18.o(RESET) refers to isr.o(i.PORTB_IRQHandler) for PORTB_IRQHandler
    startup_mk66f18.o(RESET) refers to isr.o(i.PORTC_IRQHandler) for PORTC_IRQHandler
    startup_mk66f18.o(RESET) refers to isr.o(i.UART4_RX_TX_IRQHandler) for UART4_RX_TX_IRQHandler
    startup_mk66f18.o(.text) refers to system_mk66.o(i.Start) for Start
    startup_mk66f18.o(.text) refers to entry.o(.ARM.Collect$$$$00000000) for __main
    system_mk66.o(i.SYSTEM_CLK) refers to system_mk66.o(i.div_set) for div_set
    system_mk66.o(i.Start) refers to system_mk66.o(i.Disable_Wdog) for Disable_Wdog
    system_mk66.o(i.Start) refers to system_mk66.o(i.SYSTEM_CLK) for SYSTEM_CLK
    system_mk66.o(i.Start) refers to mk60_gpio.o(i.gpio_init) for gpio_init
    common.o(i.get_clk) refers to mk60_uart.o(i.uart_init) for uart_init
    common.o(i.get_clk) refers to common.o(.data) for mcgout_clk_mhz
    mk60_adc.o(i.adc_init) refers to mk60_port.o(i.port_init) for port_init
    mk60_adc.o(i.adc_once) refers to mk60_adc.o(i.adc_start) for adc_start
    mk60_adc.o(i.adc_once) refers to mk60_adc.o(.constdata) for ADCX
    mk60_adc.o(i.adc_start) refers to mk60_adc.o(.constdata) for ADCX
    mk60_adc.o(i.adc_stop) refers to mk60_adc.o(.constdata) for ADCX
    mk60_cmt.o(i.cmt_pwm_duty) refers to mk60_cmt.o(.data) for cmt_period
    mk60_cmt.o(i.cmt_pwm_freq) refers to common.o(.data) for bus_clk_mhz
    mk60_cmt.o(i.cmt_pwm_freq) refers to mk60_cmt.o(.data) for cmt_period
    mk60_cmt.o(i.cmt_pwm_init) refers to mk60_port.o(i.port_init) for port_init
    mk60_cmt.o(i.cmt_pwm_init) refers to common.o(.data) for bus_clk_mhz
    mk60_cmt.o(i.cmt_pwm_init) refers to mk60_cmt.o(.data) for cmt_period
    mk60_dac.o(i.dac_init) refers to mk60_dac.o(.constdata) for DACX
    mk60_dac.o(i.dac_out) refers to mk60_dac.o(.constdata) for DACX
    mk60_dma.o(i.dma_portx2buff_init) refers to mk60_port.o(i.port_init) for port_init
    mk60_dma.o(i.dma_portx2buff_init) refers to mk60_gpio.o(i.gpio_init) for gpio_init
    mk60_flash.o(i.FLASH_EraseSector) refers to mk60_flash.o(i.FlashCmdStart) for FlashCmdStart
    mk60_flash.o(i.FLASH_WriteSector) refers to mk60_flash.o(i.FlashCmdStart) for FlashCmdStart
    mk60_flash.o(i.FlashCmdStart) refers to mk60_flash.o(.data) for s_flash_command_run
    mk60_ftm.o(i.FTM_port_mux) refers to mk60_port.o(i.port_init) for port_init
    mk60_ftm.o(i.ftm_input_clean) refers to mk60_ftm.o(.constdata) for FTMX
    mk60_ftm.o(i.ftm_input_get) refers to mk60_ftm.o(.constdata) for FTMX
    mk60_ftm.o(i.ftm_input_init) refers to mk60_ftm.o(i.FTM_port_mux) for FTM_port_mux
    mk60_ftm.o(i.ftm_input_init) refers to mk60_ftm.o(.constdata) for FTMX
    mk60_ftm.o(i.ftm_input_init) refers to common.o(.data) for bus_clk_mhz
    mk60_ftm.o(i.ftm_pwm_duty) refers to mk60_ftm.o(.data) for period
    mk60_ftm.o(i.ftm_pwm_duty) refers to mk60_ftm.o(.constdata) for FTMX
    mk60_ftm.o(i.ftm_pwm_freq) refers to common.o(.data) for bus_clk_mhz
    mk60_ftm.o(i.ftm_pwm_freq) refers to mk60_ftm.o(.data) for period
    mk60_ftm.o(i.ftm_pwm_freq) refers to mk60_ftm.o(.constdata) for FTMX
    mk60_ftm.o(i.ftm_pwm_init) refers to mk60_ftm.o(i.FTM_port_mux) for FTM_port_mux
    mk60_ftm.o(i.ftm_pwm_init) refers to common.o(.data) for bus_clk_mhz
    mk60_ftm.o(i.ftm_pwm_init) refers to mk60_ftm.o(.data) for period
    mk60_ftm.o(i.ftm_pwm_init) refers to mk60_ftm.o(.constdata) for FTMX
    mk60_ftm.o(i.ftm_quad_clean) refers to mk60_ftm.o(.constdata) for FTMX
    mk60_ftm.o(i.ftm_quad_get) refers to mk60_ftm.o(.constdata) for FTMX
    mk60_ftm.o(i.ftm_quad_init) refers to mk60_port.o(i.port_init) for port_init
    mk60_ftm.o(i.ftm_quad_init) refers to mk60_ftm.o(.constdata) for FTMX
    mk60_gpio.o(i.gpio_ddr) refers to mk60_gpio.o(.constdata) for GPIOX
    mk60_gpio.o(i.gpio_get) refers to mk60_gpio.o(.constdata) for GPIOX
    mk60_gpio.o(i.gpio_init) refers to mk60_gpio.o(.constdata) for PORTX
    mk60_gpio.o(i.gpio_set) refers to mk60_gpio.o(.constdata) for GPIOX
    mk60_gpio.o(i.gpio_turn) refers to mk60_gpio.o(.constdata) for GPIOX
    mk60_i2c.o(i.i2c_init) refers to memcpya.o(.text) for __aeabi_memcpy4
    mk60_i2c.o(i.i2c_init) refers to mk60_port.o(i.port_init) for port_init
    mk60_i2c.o(i.i2c_init) refers to mk60_i2c.o(.constdata) for .constdata
    mk60_i2c.o(i.i2c_init) refers to common.o(.data) for bus_clk_mhz
    mk60_i2c.o(i.i2c_init) refers to mk60_i2c.o(.data) for I2CN
    mk60_i2c.o(i.i2c_read_reg) refers to mk60_i2c.o(i.i2c_delay) for i2c_delay
    mk60_i2c.o(i.i2c_read_reg) refers to mk60_i2c.o(.data) for I2CN
    mk60_i2c.o(i.i2c_read_reg_bytes) refers to mk60_i2c.o(i.i2c_delay) for i2c_delay
    mk60_i2c.o(i.i2c_read_reg_bytes) refers to mk60_i2c.o(.data) for I2CN
    mk60_i2c.o(i.i2c_write_reg) refers to mk60_i2c.o(i.i2c_delay) for i2c_delay
    mk60_i2c.o(i.i2c_write_reg) refers to mk60_i2c.o(.data) for I2CN
    mk60_lptmr.o(i.lptmr_pulse_init) refers to mk60_port.o(i.port_init) for port_init
    mk60_port.o(i.port_init) refers to mk60_port.o(.constdata) for PORTX
    mk60_port.o(i.port_init_NoAlt) refers to mk60_port.o(.constdata) for PORTX
    mk60_sdhc.o(i.sdhc_init) refers to mk60_sdhc.o(i.sdhc_initgpio) for sdhc_initgpio
    mk60_sdhc.o(i.sdhc_init) refers to mk60_sdhc.o(i.sdhc_setbaudrate) for sdhc_setbaudrate
    mk60_sdhc.o(i.sdhc_init) refers to mk60_sdhc.o(.data) for sdcard_ptr
    mk60_sdhc.o(i.sdhc_initcard) refers to malloc.o(i.malloc) for malloc
    mk60_sdhc.o(i.sdhc_initcard) refers to mk60_sdhc.o(i.sdhc_ioc) for sdhc_ioc
    mk60_sdhc.o(i.sdhc_initcard) refers to mk60_sdhc.o(.data) for sdcard_ptr
    mk60_sdhc.o(i.sdhc_initgpio) refers to mk60_port.o(i.port_init) for port_init
    mk60_sdhc.o(i.sdhc_ioc) refers to mk60_sdhc.o(i.sdhc_init) for sdhc_init
    mk60_sdhc.o(i.sdhc_ioc) refers to mk60_sdhc.o(i.sdhc_sendcommand) for sdhc_sendcommand
    mk60_sdhc.o(i.sdhc_ioc) refers to mk60_sdhc.o(i.sdhc_setbaudrate) for sdhc_setbaudrate
    mk60_sdhc.o(i.sdhc_ioc) refers to mk60_sdhc.o(i.sdhc_initgpio) for sdhc_initgpio
    mk60_sdhc.o(i.sdhc_ioc) refers to mk60_sdhc.o(i.sdhc_isrunning) for sdhc_isrunning
    mk60_sdhc.o(i.sdhc_ioc) refers to mk60_sdhc.o(i.sdhc_waitstatus) for sdhc_waitstatus
    mk60_sdhc.o(i.sdhc_ioc) refers to mk60_sdhc.o(.data) for sdcard_ptr
    mk60_sdhc.o(i.sdhc_ioc) refers to common.o(.data) for bus_clk_mhz
    mk60_sdhc.o(i.sdhc_readblocks) refers to mk60_sdhc.o(i.sdhc_ioc) for sdhc_ioc
    mk60_sdhc.o(i.sdhc_readblocks) refers to mk60_sdhc.o(i.sdhc_read) for sdhc_read
    mk60_sdhc.o(i.sdhc_readblocks) refers to mk60_sdhc.o(.data) for sdcard_ptr
    mk60_sdhc.o(i.sdhc_sendcommand) refers to mk60_sdhc.o(i.sdhc_waitstatus) for sdhc_waitstatus
    mk60_sdhc.o(i.sdhc_sendcommand) refers to mk60_sdhc.o(.data) for sdcard_ptr
    mk60_sdhc.o(i.sdhc_setbaudrate) refers to common.o(.data) for bus_clk_mhz
    mk60_sdhc.o(i.sdhc_writeblocks) refers to mk60_sdhc.o(i.sdhc_ioc) for sdhc_ioc
    mk60_sdhc.o(i.sdhc_writeblocks) refers to mk60_sdhc.o(i.sdhc_write) for sdhc_write
    mk60_sdhc.o(i.sdhc_writeblocks) refers to mk60_sdhc.o(i.sdhc_read) for sdhc_read
    mk60_sdhc.o(i.sdhc_writeblocks) refers to mk60_sdhc.o(.data) for sdcard_ptr
    mk60_spi.o(i.spi_init) refers to memcpya.o(.text) for __aeabi_memcpy4
    mk60_spi.o(i.spi_init) refers to mk60_port.o(i.port_init) for port_init
    mk60_spi.o(i.spi_init) refers to common.o(i.get_clk) for get_clk
    mk60_spi.o(i.spi_init) refers to mk60_spi.o(.constdata) for .constdata
    mk60_spi.o(i.spi_init) refers to mk60_spi.o(.data) for SPIN
    mk60_spi.o(i.spi_init) refers to common.o(.data) for bus_clk_mhz
    mk60_spi.o(i.spi_mosi) refers to mk60_spi.o(.data) for SPIN
    mk60_spi.o(i.spi_mosi_cmd) refers to mk60_spi.o(.data) for SPIN
    mk60_systick.o(i.systick_delay_ms) refers to mk60_systick.o(i.systick_delay) for systick_delay
    mk60_systick.o(i.systick_delay_ms) refers to common.o(.data) for core_clk_mhz
    mk60_uart.o(i.fputc) refers to mk60_uart.o(i.uart_putchar) for uart_putchar
    mk60_uart.o(i.uart_getchar) refers to mk60_uart.o(.data) for uart
    mk60_uart.o(i.uart_init) refers to mk60_port.o(i.port_init) for port_init
    mk60_uart.o(i.uart_init) refers to mk60_uart.o(.data) for uart
    mk60_uart.o(i.uart_init) refers to common.o(.data) for core_clk_mhz
    mk60_uart.o(i.uart_putbuff) refers to mk60_uart.o(i.uart_putchar) for uart_putchar
    mk60_uart.o(i.uart_putchar) refers to mk60_uart.o(.data) for uart
    mk60_uart.o(i.uart_putstr) refers to mk60_uart.o(i.uart_putchar) for uart_putchar
    mk60_uart.o(i.uart_querychar) refers to mk60_uart.o(.data) for uart
    mk60_uart.o(i.uart_rx_irq_dis) refers to mk60_uart.o(i.NVIC_DisableIRQ) for NVIC_DisableIRQ
    mk60_uart.o(i.uart_rx_irq_dis) refers to mk60_uart.o(.data) for uart
    mk60_uart.o(i.uart_rx_irq_en) refers to mk60_uart.o(i.NVIC_EnableIRQ) for NVIC_EnableIRQ
    mk60_uart.o(i.uart_rx_irq_en) refers to mk60_uart.o(.data) for uart
    mk60_uart.o(i.uart_txc_irq_dis) refers to mk60_uart.o(i.NVIC_DisableIRQ) for NVIC_DisableIRQ
    mk60_uart.o(i.uart_txc_irq_dis) refers to mk60_uart.o(.data) for uart
    mk60_uart.o(i.uart_txc_irq_en) refers to mk60_uart.o(i.NVIC_EnableIRQ) for NVIC_EnableIRQ
    mk60_uart.o(i.uart_txc_irq_en) refers to mk60_uart.o(.data) for uart
    mk60_wdog.o(i.wdog_disable) refers to mk60_wdog.o(i.wdog_unlock) for wdog_unlock
    mk60_wdog.o(i.wdog_enable) refers to mk60_wdog.o(i.wdog_unlock) for wdog_unlock
    mk60_wdog.o(i.wdog_init_ms) refers to mk60_wdog.o(i.wdog_unlock) for wdog_unlock
    oled_i2c.o(i.OLED_CLS) refers to oled_i2c.o(i.OLED_Fill) for OLED_Fill
    oled_i2c.o(i.OLED_DrawBMP) refers to oled_i2c.o(i.OLED_SetPos) for OLED_SetPos
    oled_i2c.o(i.OLED_DrawBMP) refers to oled_i2c.o(i.WriteDat) for WriteDat
    oled_i2c.o(i.OLED_Fill) refers to oled_i2c.o(i.WriteCmd) for WriteCmd
    oled_i2c.o(i.OLED_Fill) refers to oled_i2c.o(i.WriteDat) for WriteDat
    oled_i2c.o(i.OLED_Init) refers to mk60_i2c.o(i.i2c_init) for i2c_init
    oled_i2c.o(i.OLED_Init) refers to mk60_systick.o(i.systick_delay_ms) for systick_delay_ms
    oled_i2c.o(i.OLED_Init) refers to oled_i2c.o(i.WriteCmd) for WriteCmd
    oled_i2c.o(i.OLED_Init) refers to oled_i2c.o(i.OLED_CLS) for OLED_CLS
    oled_i2c.o(i.OLED_OFF) refers to oled_i2c.o(i.WriteCmd) for WriteCmd
    oled_i2c.o(i.OLED_ON) refers to oled_i2c.o(i.WriteCmd) for WriteCmd
    oled_i2c.o(i.OLED_SHOW_NUM) refers to oled_i2c.o(i.OLED_ShowStr) for OLED_ShowStr
    oled_i2c.o(i.OLED_SHOW_NUM) refers to printf1.o(i.__0sprintf$1) for __2sprintf
    oled_i2c.o(i.OLED_SHOW_NUM) refers to oled_i2c.o(.constdata) for .constdata
    oled_i2c.o(i.OLED_SetPos) refers to oled_i2c.o(i.WriteCmd) for WriteCmd
    oled_i2c.o(i.OLED_ShowCN) refers to oled_i2c.o(i.OLED_SetPos) for OLED_SetPos
    oled_i2c.o(i.OLED_ShowCN) refers to oled_i2c.o(i.WriteDat) for WriteDat
    oled_i2c.o(i.OLED_ShowCN) refers to oled_i2c.o(.data) for my_small_logo
    oled_i2c.o(i.OLED_ShowStr) refers to oled_i2c.o(i.OLED_SetPos) for OLED_SetPos
    oled_i2c.o(i.OLED_ShowStr) refers to oled_i2c.o(i.WriteDat) for WriteDat
    oled_i2c.o(i.OLED_ShowStr) refers to oled_i2c.o(.constdata) for F6x8
    oled_i2c.o(i.OLED_Test) refers to oled_i2c.o(i.OLED_ON) for OLED_ON
    oled_i2c.o(i.OLED_Test) refers to oled_i2c.o(i.OLED_ShowStr) for OLED_ShowStr
    oled_i2c.o(i.WriteCmd) refers to mk60_i2c.o(i.i2c_write_reg) for i2c_write_reg
    oled_i2c.o(i.WriteDat) refers to mk60_i2c.o(i.i2c_write_reg) for i2c_write_reg
    pid.o(i.BetaGeneration) refers to f2d.o(.text) for __aeabi_f2d
    pid.o(i.BetaGeneration) refers to fabs.o(i.__hardfp_fabs) for __hardfp_fabs
    pid.o(i.BetaGeneration) refers to cdcmple.o(.text) for __aeabi_cdcmple
    pid.o(i.PID_fun) refers to pid.o(i.PIDgegulation) for PIDgegulation
    pid.o(i.PID_fun) refers to f2d.o(.text) for __aeabi_f2d
    pid.o(i.PID_fun) refers to fabs.o(i.__hardfp_fabs) for __hardfp_fabs
    pid.o(i.PID_fun) refers to dfixui.o(.text) for __aeabi_d2uiz
    pid.o(i.PID_fun) refers to mk60_ftm.o(i.ftm_pwm_duty) for ftm_pwm_duty
    pid.o(i.PID_fun) refers to isr.o(.data) for date_1
    pid.o(i.PID_fun) refers to pid.o(.bss) for dianji_1
    pid.o(i.PID_init) refers to mk60_ftm.o(i.ftm_pwm_init) for ftm_pwm_init
    pid.o(i.PID_init) refers to pid.o(.bss) for dianji_1
    pid.o(i.PIDgegulation) refers to pid.o(i.BetaGeneration) for BetaGeneration
    isr.o(i.PIT0_IRQHandler) refers to mk60_ftm.o(i.ftm_quad_get) for ftm_quad_get
    isr.o(i.PIT0_IRQHandler) refers to mk60_ftm.o(i.ftm_quad_clean) for ftm_quad_clean
    isr.o(i.PIT0_IRQHandler) refers to isr.o(.data) for date_1
    isr.o(i.PORTB_IRQHandler) refers to mk60_gpio.o(i.gpio_turn) for gpio_turn
    main.o(i.main) refers to common.o(i.get_clk) for get_clk
    main.o(i.main) refers to oled_i2c.o(i.OLED_Init) for OLED_Init
    main.o(i.main) refers to oled_i2c.o(i.OLED_Test) for OLED_Test
    fabs.o(i.__hardfp_fabs) refers (Special) to iusefp.o(.text) for __I$use$fp
    fabs.o(i.__softfp_fabs) refers (Special) to iusefp.o(.text) for __I$use$fp
    fabs.o(i.fabs) refers (Special) to iusefp.o(.text) for __I$use$fp
    entry.o(.ARM.Collect$$$$00000000) refers (Special) to entry10a.o(.ARM.Collect$$$$0000000D) for __rt_final_cpp
    entry.o(.ARM.Collect$$$$00000000) refers (Special) to entry11a.o(.ARM.Collect$$$$0000000F) for __rt_final_exit
    entry.o(.ARM.Collect$$$$00000000) refers (Special) to entry7b.o(.ARM.Collect$$$$00000008) for _main_clock
    entry.o(.ARM.Collect$$$$00000000) refers (Special) to entry8b.o(.ARM.Collect$$$$0000000A) for _main_cpp_init
    entry.o(.ARM.Collect$$$$00000000) refers (Special) to entry9a.o(.ARM.Collect$$$$0000000B) for _main_init
    entry.o(.ARM.Collect$$$$00000000) refers (Special) to entry5.o(.ARM.Collect$$$$00000004) for _main_scatterload
    entry.o(.ARM.Collect$$$$00000000) refers (Special) to entry2.o(.ARM.Collect$$$$00000001) for _main_stk
    printfb.o(i.__0fprintf$bare) refers to printfb.o(i._printf_core) for _printf_core
    printfb.o(i.__0fprintf$bare) refers to mk60_uart.o(i.fputc) for fputc
    printfb.o(i.__0printf$bare) refers to printfb.o(i._printf_core) for _printf_core
    printfb.o(i.__0printf$bare) refers to mk60_uart.o(i.fputc) for fputc
    printfb.o(i.__0printf$bare) refers to stdout.o(.data) for __stdout
    printfb.o(i.__0snprintf$bare) refers to printfb.o(i._printf_core) for _printf_core
    printfb.o(i.__0snprintf$bare) refers to printfb.o(i._snputc) for _snputc
    printfb.o(i.__0sprintf$bare) refers to printfb.o(i._printf_core) for _printf_core
    printfb.o(i.__0sprintf$bare) refers to printfb.o(i._sputc) for _sputc
    printfb.o(i.__0vfprintf$bare) refers to printfb.o(i._printf_core) for _printf_core
    printfb.o(i.__0vfprintf$bare) refers to mk60_uart.o(i.fputc) for fputc
    printfb.o(i.__0vprintf$bare) refers to printfb.o(i._printf_core) for _printf_core
    printfb.o(i.__0vprintf$bare) refers to mk60_uart.o(i.fputc) for fputc
    printfb.o(i.__0vprintf$bare) refers to stdout.o(.data) for __stdout
    printfb.o(i.__0vsnprintf$bare) refers to printfb.o(i._printf_core) for _printf_core
    printfb.o(i.__0vsnprintf$bare) refers to printfb.o(i._snputc) for _snputc
    printfb.o(i.__0vsprintf$bare) refers to printfb.o(i._printf_core) for _printf_core
    printfb.o(i.__0vsprintf$bare) refers to printfb.o(i._sputc) for _sputc
    printf0.o(i.__0fprintf$0) refers to printf0.o(i._printf_core) for _printf_core
    printf0.o(i.__0fprintf$0) refers to mk60_uart.o(i.fputc) for fputc
    printf0.o(i.__0printf$0) refers to printf0.o(i._printf_core) for _printf_core
    printf0.o(i.__0printf$0) refers to mk60_uart.o(i.fputc) for fputc
    printf0.o(i.__0printf$0) refers to stdout.o(.data) for __stdout
    printf0.o(i.__0snprintf$0) refers to printf0.o(i._printf_core) for _printf_core
    printf0.o(i.__0snprintf$0) refers to printf0.o(i._snputc) for _snputc
    printf0.o(i.__0sprintf$0) refers to printf0.o(i._printf_core) for _printf_core
    printf0.o(i.__0sprintf$0) refers to printf0.o(i._sputc) for _sputc
    printf0.o(i.__0vfprintf$0) refers to printf0.o(i._printf_core) for _printf_core
    printf0.o(i.__0vfprintf$0) refers to mk60_uart.o(i.fputc) for fputc
    printf0.o(i.__0vprintf$0) refers to printf0.o(i._printf_core) for _printf_core
    printf0.o(i.__0vprintf$0) refers to mk60_uart.o(i.fputc) for fputc
    printf0.o(i.__0vprintf$0) refers to stdout.o(.data) for __stdout
    printf0.o(i.__0vsnprintf$0) refers to printf0.o(i._printf_core) for _printf_core
    printf0.o(i.__0vsnprintf$0) refers to printf0.o(i._snputc) for _snputc
    printf0.o(i.__0vsprintf$0) refers to printf0.o(i._printf_core) for _printf_core
    printf0.o(i.__0vsprintf$0) refers to printf0.o(i._sputc) for _sputc
    printf1.o(i.__0fprintf$1) refers to printf1.o(i._printf_core) for _printf_core
    printf1.o(i.__0fprintf$1) refers to mk60_uart.o(i.fputc) for fputc
    printf1.o(i.__0printf$1) refers to printf1.o(i._printf_core) for _printf_core
    printf1.o(i.__0printf$1) refers to mk60_uart.o(i.fputc) for fputc
    printf1.o(i.__0printf$1) refers to stdout.o(.data) for __stdout
    printf1.o(i.__0snprintf$1) refers to printf1.o(i._printf_core) for _printf_core
    printf1.o(i.__0snprintf$1) refers to printf1.o(i._snputc) for _snputc
    printf1.o(i.__0sprintf$1) refers to printf1.o(i._printf_core) for _printf_core
    printf1.o(i.__0sprintf$1) refers to printf1.o(i._sputc) for _sputc
    printf1.o(i.__0vfprintf$1) refers to printf1.o(i._printf_core) for _printf_core
    printf1.o(i.__0vfprintf$1) refers to mk60_uart.o(i.fputc) for fputc
    printf1.o(i.__0vprintf$1) refers to printf1.o(i._printf_core) for _printf_core
    printf1.o(i.__0vprintf$1) refers to mk60_uart.o(i.fputc) for fputc
    printf1.o(i.__0vprintf$1) refers to stdout.o(.data) for __stdout
    printf1.o(i.__0vsnprintf$1) refers to printf1.o(i._printf_core) for _printf_core
    printf1.o(i.__0vsnprintf$1) refers to printf1.o(i._snputc) for _snputc
    printf1.o(i.__0vsprintf$1) refers to printf1.o(i._printf_core) for _printf_core
    printf1.o(i.__0vsprintf$1) refers to printf1.o(i._sputc) for _sputc
    printf1.o(i._printf_core) refers to uidiv.o(.text) for __aeabi_uidivmod
    printf2.o(i.__0fprintf$2) refers to printf2.o(i._printf_core) for _printf_core
    printf2.o(i.__0fprintf$2) refers to mk60_uart.o(i.fputc) for fputc
    printf2.o(i.__0printf$2) refers to printf2.o(i._printf_core) for _printf_core
    printf2.o(i.__0printf$2) refers to mk60_uart.o(i.fputc) for fputc
    printf2.o(i.__0printf$2) refers to stdout.o(.data) for __stdout
    printf2.o(i.__0snprintf$2) refers to printf2.o(i._printf_core) for _printf_core
    printf2.o(i.__0snprintf$2) refers to printf2.o(i._snputc) for _snputc
    printf2.o(i.__0sprintf$2) refers to printf2.o(i._printf_core) for _printf_core
    printf2.o(i.__0sprintf$2) refers to printf2.o(i._sputc) for _sputc
    printf2.o(i.__0vfprintf$2) refers to printf2.o(i._printf_core) for _printf_core
    printf2.o(i.__0vfprintf$2) refers to mk60_uart.o(i.fputc) for fputc
    printf2.o(i.__0vprintf$2) refers to printf2.o(i._printf_core) for _printf_core
    printf2.o(i.__0vprintf$2) refers to mk60_uart.o(i.fputc) for fputc
    printf2.o(i.__0vprintf$2) refers to stdout.o(.data) for __stdout
    printf2.o(i.__0vsnprintf$2) refers to printf2.o(i._printf_core) for _printf_core
    printf2.o(i.__0vsnprintf$2) refers to printf2.o(i._snputc) for _snputc
    printf2.o(i.__0vsprintf$2) refers to printf2.o(i._printf_core) for _printf_core
    printf2.o(i.__0vsprintf$2) refers to printf2.o(i._sputc) for _sputc
    printf3.o(i.__0fprintf$3) refers to printf3.o(i._printf_core) for _printf_core
    printf3.o(i.__0fprintf$3) refers to mk60_uart.o(i.fputc) for fputc
    printf3.o(i.__0printf$3) refers to printf3.o(i._printf_core) for _printf_core
    printf3.o(i.__0printf$3) refers to mk60_uart.o(i.fputc) for fputc
    printf3.o(i.__0printf$3) refers to stdout.o(.data) for __stdout
    printf3.o(i.__0snprintf$3) refers to printf3.o(i._printf_core) for _printf_core
    printf3.o(i.__0snprintf$3) refers to printf3.o(i._snputc) for _snputc
    printf3.o(i.__0sprintf$3) refers to printf3.o(i._printf_core) for _printf_core
    printf3.o(i.__0sprintf$3) refers to printf3.o(i._sputc) for _sputc
    printf3.o(i.__0vfprintf$3) refers to printf3.o(i._printf_core) for _printf_core
    printf3.o(i.__0vfprintf$3) refers to mk60_uart.o(i.fputc) for fputc
    printf3.o(i.__0vprintf$3) refers to printf3.o(i._printf_core) for _printf_core
    printf3.o(i.__0vprintf$3) refers to mk60_uart.o(i.fputc) for fputc
    printf3.o(i.__0vprintf$3) refers to stdout.o(.data) for __stdout
    printf3.o(i.__0vsnprintf$3) refers to printf3.o(i._printf_core) for _printf_core
    printf3.o(i.__0vsnprintf$3) refers to printf3.o(i._snputc) for _snputc
    printf3.o(i.__0vsprintf$3) refers to printf3.o(i._printf_core) for _printf_core
    printf3.o(i.__0vsprintf$3) refers to printf3.o(i._sputc) for _sputc
    printf3.o(i._printf_core) refers to uidiv.o(.text) for __aeabi_uidivmod
    printf4.o(i.__0fprintf$4) refers to printf4.o(i._printf_core) for _printf_core
    printf4.o(i.__0fprintf$4) refers to mk60_uart.o(i.fputc) for fputc
    printf4.o(i.__0printf$4) refers to printf4.o(i._printf_core) for _printf_core
    printf4.o(i.__0printf$4) refers to mk60_uart.o(i.fputc) for fputc
    printf4.o(i.__0printf$4) refers to stdout.o(.data) for __stdout
    printf4.o(i.__0snprintf$4) refers to printf4.o(i._printf_core) for _printf_core
    printf4.o(i.__0snprintf$4) refers to printf4.o(i._snputc) for _snputc
    printf4.o(i.__0sprintf$4) refers to printf4.o(i._printf_core) for _printf_core
    printf4.o(i.__0sprintf$4) refers to printf4.o(i._sputc) for _sputc
    printf4.o(i.__0vfprintf$4) refers to printf4.o(i._printf_core) for _printf_core
    printf4.o(i.__0vfprintf$4) refers to mk60_uart.o(i.fputc) for fputc
    printf4.o(i.__0vprintf$4) refers to printf4.o(i._printf_core) for _printf_core
    printf4.o(i.__0vprintf$4) refers to mk60_uart.o(i.fputc) for fputc
    printf4.o(i.__0vprintf$4) refers to stdout.o(.data) for __stdout
    printf4.o(i.__0vsnprintf$4) refers to printf4.o(i._printf_core) for _printf_core
    printf4.o(i.__0vsnprintf$4) refers to printf4.o(i._snputc) for _snputc
    printf4.o(i.__0vsprintf$4) refers to printf4.o(i._printf_core) for _printf_core
    printf4.o(i.__0vsprintf$4) refers to printf4.o(i._sputc) for _sputc
    printf4.o(i._printf_core) refers to uldiv.o(.text) for __aeabi_uldivmod
    printf5.o(i.__0fprintf$5) refers to printf5.o(i._printf_core) for _printf_core
    printf5.o(i.__0fprintf$5) refers to mk60_uart.o(i.fputc) for fputc
    printf5.o(i.__0printf$5) refers to printf5.o(i._printf_core) for _printf_core
    printf5.o(i.__0printf$5) refers to mk60_uart.o(i.fputc) for fputc
    printf5.o(i.__0printf$5) refers to stdout.o(.data) for __stdout
    printf5.o(i.__0snprintf$5) refers to printf5.o(i._printf_core) for _printf_core
    printf5.o(i.__0snprintf$5) refers to printf5.o(i._snputc) for _snputc
    printf5.o(i.__0sprintf$5) refers to printf5.o(i._printf_core) for _printf_core
    printf5.o(i.__0sprintf$5) refers to printf5.o(i._sputc) for _sputc
    printf5.o(i.__0vfprintf$5) refers to printf5.o(i._printf_core) for _printf_core
    printf5.o(i.__0vfprintf$5) refers to mk60_uart.o(i.fputc) for fputc
    printf5.o(i.__0vprintf$5) refers to printf5.o(i._printf_core) for _printf_core
    printf5.o(i.__0vprintf$5) refers to mk60_uart.o(i.fputc) for fputc
    printf5.o(i.__0vprintf$5) refers to stdout.o(.data) for __stdout
    printf5.o(i.__0vsnprintf$5) refers to printf5.o(i._printf_core) for _printf_core
    printf5.o(i.__0vsnprintf$5) refers to printf5.o(i._snputc) for _snputc
    printf5.o(i.__0vsprintf$5) refers to printf5.o(i._printf_core) for _printf_core
    printf5.o(i.__0vsprintf$5) refers to printf5.o(i._sputc) for _sputc
    printf5.o(i._printf_core) refers to uldiv.o(.text) for __aeabi_uldivmod
    printf6.o(i.__0fprintf$6) refers to printf6.o(i._printf_core) for _printf_core
    printf6.o(i.__0fprintf$6) refers to mk60_uart.o(i.fputc) for fputc
    printf6.o(i.__0printf$6) refers to printf6.o(i._printf_core) for _printf_core
    printf6.o(i.__0printf$6) refers to mk60_uart.o(i.fputc) for fputc
    printf6.o(i.__0printf$6) refers to stdout.o(.data) for __stdout
    printf6.o(i.__0snprintf$6) refers to printf6.o(i._printf_core) for _printf_core
    printf6.o(i.__0snprintf$6) refers to printf6.o(i._snputc) for _snputc
    printf6.o(i.__0sprintf$6) refers to printf6.o(i._printf_core) for _printf_core
    printf6.o(i.__0sprintf$6) refers to printf6.o(i._sputc) for _sputc
    printf6.o(i.__0vfprintf$6) refers to printf6.o(i._printf_core) for _printf_core
    printf6.o(i.__0vfprintf$6) refers to mk60_uart.o(i.fputc) for fputc
    printf6.o(i.__0vprintf$6) refers to printf6.o(i._printf_core) for _printf_core
    printf6.o(i.__0vprintf$6) refers to mk60_uart.o(i.fputc) for fputc
    printf6.o(i.__0vprintf$6) refers to stdout.o(.data) for __stdout
    printf6.o(i.__0vsnprintf$6) refers to printf6.o(i._printf_core) for _printf_core
    printf6.o(i.__0vsnprintf$6) refers to printf6.o(i._snputc) for _snputc
    printf6.o(i.__0vsprintf$6) refers to printf6.o(i._printf_core) for _printf_core
    printf6.o(i.__0vsprintf$6) refers to printf6.o(i._sputc) for _sputc
    printf6.o(i._printf_core) refers to printf6.o(i._printf_pre_padding) for _printf_pre_padding
    printf6.o(i._printf_core) refers to uidiv.o(.text) for __aeabi_uidivmod
    printf6.o(i._printf_core) refers to printf6.o(i._printf_post_padding) for _printf_post_padding
    printf7.o(i.__0fprintf$7) refers to printf7.o(i._printf_core) for _printf_core
    printf7.o(i.__0fprintf$7) refers to mk60_uart.o(i.fputc) for fputc
    printf7.o(i.__0printf$7) refers to printf7.o(i._printf_core) for _printf_core
    printf7.o(i.__0printf$7) refers to mk60_uart.o(i.fputc) for fputc
    printf7.o(i.__0printf$7) refers to stdout.o(.data) for __stdout
    printf7.o(i.__0snprintf$7) refers to printf7.o(i._printf_core) for _printf_core
    printf7.o(i.__0snprintf$7) refers to printf7.o(i._snputc) for _snputc
    printf7.o(i.__0sprintf$7) refers to printf7.o(i._printf_core) for _printf_core
    printf7.o(i.__0sprintf$7) refers to printf7.o(i._sputc) for _sputc
    printf7.o(i.__0vfprintf$7) refers to printf7.o(i._printf_core) for _printf_core
    printf7.o(i.__0vfprintf$7) refers to mk60_uart.o(i.fputc) for fputc
    printf7.o(i.__0vprintf$7) refers to printf7.o(i._printf_core) for _printf_core
    printf7.o(i.__0vprintf$7) refers to mk60_uart.o(i.fputc) for fputc
    printf7.o(i.__0vprintf$7) refers to stdout.o(.data) for __stdout
    printf7.o(i.__0vsnprintf$7) refers to printf7.o(i._printf_core) for _printf_core
    printf7.o(i.__0vsnprintf$7) refers to printf7.o(i._snputc) for _snputc
    printf7.o(i.__0vsprintf$7) refers to printf7.o(i._printf_core) for _printf_core
    printf7.o(i.__0vsprintf$7) refers to printf7.o(i._sputc) for _sputc
    printf7.o(i._printf_core) refers to printf7.o(i._printf_pre_padding) for _printf_pre_padding
    printf7.o(i._printf_core) refers to uldiv.o(.text) for __aeabi_uldivmod
    printf7.o(i._printf_core) refers to printf7.o(i._printf_post_padding) for _printf_post_padding
    printf8.o(i.__0fprintf$8) refers to printf8.o(i._printf_core) for _printf_core
    printf8.o(i.__0fprintf$8) refers to mk60_uart.o(i.fputc) for fputc
    printf8.o(i.__0printf$8) refers to printf8.o(i._printf_core) for _printf_core
    printf8.o(i.__0printf$8) refers to mk60_uart.o(i.fputc) for fputc
    printf8.o(i.__0printf$8) refers to stdout.o(.data) for __stdout
    printf8.o(i.__0snprintf$8) refers to printf8.o(i._printf_core) for _printf_core
    printf8.o(i.__0snprintf$8) refers to printf8.o(i._snputc) for _snputc
    printf8.o(i.__0sprintf$8) refers to printf8.o(i._printf_core) for _printf_core
    printf8.o(i.__0sprintf$8) refers to printf8.o(i._sputc) for _sputc
    printf8.o(i.__0vfprintf$8) refers to printf8.o(i._printf_core) for _printf_core
    printf8.o(i.__0vfprintf$8) refers to mk60_uart.o(i.fputc) for fputc
    printf8.o(i.__0vprintf$8) refers to printf8.o(i._printf_core) for _printf_core
    printf8.o(i.__0vprintf$8) refers to mk60_uart.o(i.fputc) for fputc
    printf8.o(i.__0vprintf$8) refers to stdout.o(.data) for __stdout
    printf8.o(i.__0vsnprintf$8) refers to printf8.o(i._printf_core) for _printf_core
    printf8.o(i.__0vsnprintf$8) refers to printf8.o(i._snputc) for _snputc
    printf8.o(i.__0vsprintf$8) refers to printf8.o(i._printf_core) for _printf_core
    printf8.o(i.__0vsprintf$8) refers to printf8.o(i._sputc) for _sputc
    printf8.o(i._printf_core) refers to printf8.o(i._printf_pre_padding) for _printf_pre_padding
    printf8.o(i._printf_core) refers to uldiv.o(.text) for __aeabi_uldivmod
    printf8.o(i._printf_core) refers to printf8.o(i._printf_post_padding) for _printf_post_padding
    printfa.o(i.__0fprintf) refers (Special) to iusefp.o(.text) for __I$use$fp
    printfa.o(i.__0fprintf) refers to printfa.o(i._printf_core) for _printf_core
    printfa.o(i.__0fprintf) refers to mk60_uart.o(i.fputc) for fputc
    printfa.o(i.__0printf) refers (Special) to iusefp.o(.text) for __I$use$fp
    printfa.o(i.__0printf) refers to printfa.o(i._printf_core) for _printf_core
    printfa.o(i.__0printf) refers to mk60_uart.o(i.fputc) for fputc
    printfa.o(i.__0printf) refers to stdout.o(.data) for __stdout
    printfa.o(i.__0snprintf) refers (Special) to iusefp.o(.text) for __I$use$fp
    printfa.o(i.__0snprintf) refers to printfa.o(i._printf_core) for _printf_core
    printfa.o(i.__0snprintf) refers to printfa.o(i._snputc) for _snputc
    printfa.o(i.__0sprintf) refers (Special) to iusefp.o(.text) for __I$use$fp
    printfa.o(i.__0sprintf) refers to printfa.o(i._printf_core) for _printf_core
    printfa.o(i.__0sprintf) refers to printfa.o(i._sputc) for _sputc
    printfa.o(i.__0vfprintf) refers (Special) to iusefp.o(.text) for __I$use$fp
    printfa.o(i.__0vfprintf) refers to printfa.o(i._printf_core) for _printf_core
    printfa.o(i.__0vfprintf) refers to mk60_uart.o(i.fputc) for fputc
    printfa.o(i.__0vprintf) refers (Special) to iusefp.o(.text) for __I$use$fp
    printfa.o(i.__0vprintf) refers to printfa.o(i._printf_core) for _printf_core
    printfa.o(i.__0vprintf) refers to mk60_uart.o(i.fputc) for fputc
    printfa.o(i.__0vprintf) refers to stdout.o(.data) for __stdout
    printfa.o(i.__0vsnprintf) refers (Special) to iusefp.o(.text) for __I$use$fp
    printfa.o(i.__0vsnprintf) refers to printfa.o(i._printf_core) for _printf_core
    printfa.o(i.__0vsnprintf) refers to printfa.o(i._snputc) for _snputc
    printfa.o(i.__0vsprintf) refers (Special) to iusefp.o(.text) for __I$use$fp
    printfa.o(i.__0vsprintf) refers to printfa.o(i._printf_core) for _printf_core
    printfa.o(i.__0vsprintf) refers to printfa.o(i._sputc) for _sputc
    printfa.o(i._fp_digits) refers (Special) to iusefp.o(.text) for __I$use$fp
    printfa.o(i._fp_digits) refers to dmul.o(.text) for __aeabi_dmul
    printfa.o(i._fp_digits) refers to ddiv.o(.text) for __aeabi_ddiv
    printfa.o(i._fp_digits) refers to cdrcmple.o(.text) for __aeabi_cdrcmple
    printfa.o(i._fp_digits) refers to dadd.o(.text) for __aeabi_dadd
    printfa.o(i._fp_digits) refers to dfixul.o(.text) for __aeabi_d2ulz
    printfa.o(i._fp_digits) refers to uldiv.o(.text) for __aeabi_uldivmod
    printfa.o(i._printf_core) refers (Special) to iusefp.o(.text) for __I$use$fp
    printfa.o(i._printf_core) refers to printfa.o(i._printf_pre_padding) for _printf_pre_padding
    printfa.o(i._printf_core) refers to uldiv.o(.text) for __aeabi_uldivmod
    printfa.o(i._printf_core) refers to printfa.o(i._printf_post_padding) for _printf_post_padding
    printfa.o(i._printf_core) refers to printfa.o(i._fp_digits) for _fp_digits
    printfa.o(i._printf_core) refers to uidiv.o(.text) for __aeabi_uidivmod
    printfa.o(i._printf_post_padding) refers (Special) to iusefp.o(.text) for __I$use$fp
    printfa.o(i._printf_pre_padding) refers (Special) to iusefp.o(.text) for __I$use$fp
    printfa.o(i._snputc) refers (Special) to iusefp.o(.text) for __I$use$fp
    printfa.o(i._sputc) refers (Special) to iusefp.o(.text) for __I$use$fp
    malloc.o(i.free) refers to mvars.o(.data) for __microlib_freelist
    malloc.o(i.malloc) refers to mvars.o(.data) for __microlib_freelist_initialised
    malloc.o(i.malloc) refers to mvars.o(.data) for __microlib_freelist
    malloc.o(i.malloc) refers to startup_mk66f18.o(HEAP) for __heap_base
    mallocr.o(i.__free$realloc) refers to mvars.o(.data) for __microlib_freelist
    mallocr.o(i.__malloc$realloc) refers to mallocr.o(i.internal_alloc) for internal_alloc
    mallocr.o(i.__malloc$realloc) refers to mvars.o(.data) for __microlib_freelist_initialised
    mallocr.o(i.__malloc$realloc) refers to startup_mk66f18.o(HEAP) for __heap_base
    mallocr.o(i.__malloc$realloc) refers to mvars.o(.data) for __microlib_freelist
    mallocr.o(i.internal_alloc) refers to memcpya.o(.text) for __aeabi_memcpy
    mallocr.o(i.internal_alloc) refers to mvars.o(.data) for __microlib_freelist
    mallocr.o(i.realloc) refers to mallocr.o(i.__free$realloc) for __free$realloc
    mallocr.o(i.realloc) refers to mallocr.o(i.internal_alloc) for internal_alloc
    mallocr.o(i.realloc) refers to mallocr.o(i.__malloc$realloc) for __malloc$realloc
    mallocr.o(i.realloc) refers to mvars.o(.data) for __microlib_freelist
    malloca.o(i.__aligned_malloc) refers to mvars.o(.data) for __microlib_freelist_initialised
    malloca.o(i.__aligned_malloc) refers to mvars.o(.data) for __microlib_freelist
    malloca.o(i.__aligned_malloc) refers to startup_mk66f18.o(HEAP) for __heap_base
    malloca.o(i.__free$memalign) refers to mvars.o(.data) for __microlib_freelist
    malloca.o(i.__malloc$memalign) refers to malloca.o(i.__aligned_malloc) for __aligned_malloc
    mallocra.o(i.__aligned_malloc$realloc) refers to mallocra.o(i.internal_alloc) for internal_alloc
    mallocra.o(i.__aligned_malloc$realloc) refers to mvars.o(.data) for __microlib_freelist_initialised
    mallocra.o(i.__aligned_malloc$realloc) refers to startup_mk66f18.o(HEAP) for __heap_base
    mallocra.o(i.__aligned_malloc$realloc) refers to mvars.o(.data) for __microlib_freelist
    mallocra.o(i.__free$realloc$memalign) refers to mvars.o(.data) for __microlib_freelist
    mallocra.o(i.__malloc$realloc$memalign) refers to mallocra.o(i.__aligned_malloc$realloc) for __aligned_malloc$realloc
    mallocra.o(i.__realloc$memalign) refers to mallocra.o(i.__free$realloc$memalign) for __free$realloc$memalign
    mallocra.o(i.__realloc$memalign) refers to mallocra.o(i.internal_alloc) for internal_alloc
    mallocra.o(i.__realloc$memalign) refers to mallocra.o(i.__malloc$realloc$memalign) for __malloc$realloc$memalign
    mallocra.o(i.__realloc$memalign) refers to mvars.o(.data) for __microlib_freelist
    mallocra.o(i.internal_alloc) refers to memcpya.o(.text) for __aeabi_memcpy
    mallocra.o(i.internal_alloc) refers to mvars.o(.data) for __microlib_freelist
    dfixui.o(.text) refers (Special) to iusefp.o(.text) for __I$use$fp
    dfixui.o(.text) refers to llushr.o(.text) for __aeabi_llsr
    f2d.o(.text) refers (Special) to iusefp.o(.text) for __I$use$fp
    cdcmple.o(.text) refers (Special) to iusefp.o(.text) for __I$use$fp
    entry2.o(.ARM.Collect$$$$00000001) refers to entry2.o(.ARM.Collect$$$$00002712) for __lit__00000000
    entry2.o(.ARM.Collect$$$$00002712) refers to startup_mk66f18.o(STACK) for __initial_sp
    entry2.o(__vectab_stack_and_reset_area) refers to startup_mk66f18.o(STACK) for __initial_sp
    entry2.o(__vectab_stack_and_reset_area) refers to entry.o(.ARM.Collect$$$$00000000) for __main
    entry5.o(.ARM.Collect$$$$00000004) refers to init.o(.text) for __scatterload
    entry9a.o(.ARM.Collect$$$$0000000B) refers to main.o(i.main) for main
    entry9b.o(.ARM.Collect$$$$0000000C) refers to main.o(i.main) for main
    uldiv.o(.text) refers to llushr.o(.text) for __aeabi_llsr
    uldiv.o(.text) refers to llshl.o(.text) for __aeabi_llsl
    dadd.o(.text) refers to llshl.o(.text) for __aeabi_llsl
    dadd.o(.text) refers to llsshr.o(.text) for __aeabi_lasr
    dadd.o(.text) refers to depilogue.o(.text) for _double_epilogue
    dmul.o(.text) refers to depilogue.o(.text) for _double_epilogue
    ddiv.o(.text) refers to depilogue.o(.text) for _double_round
    dfixul.o(.text) refers to llushr.o(.text) for __aeabi_llsr
    dfixul.o(.text) refers to llshl.o(.text) for __aeabi_llsl
    init.o(.text) refers to entry5.o(.ARM.Collect$$$$00000004) for __main_after_scatterload
    depilogue.o(.text) refers to llshl.o(.text) for __aeabi_llsl
    depilogue.o(.text) refers to llushr.o(.text) for __aeabi_llsr


==============================================================================

Removing Unused input sections from the image.

    Removing startup_mk66f18.o(HEAP), (0 bytes).
    Removing system_mk66.o(.rev16_text), (4 bytes).
    Removing system_mk66.o(.revsh_text), (4 bytes).
    Removing common.o(.rev16_text), (4 bytes).
    Removing common.o(.revsh_text), (4 bytes).
    Removing misc.o(.rev16_text), (4 bytes).
    Removing misc.o(.revsh_text), (4 bytes).
    Removing misc.o(i.write_vtor), (12 bytes).
    Removing mk60_adc.o(.rev16_text), (4 bytes).
    Removing mk60_adc.o(.revsh_text), (4 bytes).
    Removing mk60_adc.o(i.adc_init), (432 bytes).
    Removing mk60_adc.o(i.adc_once), (76 bytes).
    Removing mk60_adc.o(i.adc_start), (56 bytes).
    Removing mk60_adc.o(i.adc_stop), (16 bytes).
    Removing mk60_adc.o(.constdata), (8 bytes).
    Removing mk60_cmt.o(.rev16_text), (4 bytes).
    Removing mk60_cmt.o(.revsh_text), (4 bytes).
    Removing mk60_cmt.o(i.cmt_pwm_duty), (56 bytes).
    Removing mk60_cmt.o(i.cmt_pwm_freq), (108 bytes).
    Removing mk60_cmt.o(i.cmt_pwm_init), (164 bytes).
    Removing mk60_cmt.o(.data), (2 bytes).
    Removing mk60_dac.o(.rev16_text), (4 bytes).
    Removing mk60_dac.o(.revsh_text), (4 bytes).
    Removing mk60_dac.o(i.dac_init), (84 bytes).
    Removing mk60_dac.o(i.dac_out), (28 bytes).
    Removing mk60_dac.o(.constdata), (8 bytes).
    Removing mk60_dma.o(.rev16_text), (4 bytes).
    Removing mk60_dma.o(.revsh_text), (4 bytes).
    Removing mk60_dma.o(i.dma_portx2buff_init), (420 bytes).
    Removing mk60_flash.o(.rev16_text), (4 bytes).
    Removing mk60_flash.o(.revsh_text), (4 bytes).
    Removing mk60_flash.o(i.FLASH_EraseSector), (52 bytes).
    Removing mk60_flash.o(i.FLASH_GetSectorSize), (6 bytes).
    Removing mk60_flash.o(i.FLASH_Init), (12 bytes).
    Removing mk60_flash.o(i.FLASH_WriteSector), (132 bytes).
    Removing mk60_flash.o(i.FlashCmdStart), (52 bytes).
    Removing mk60_flash.o(.data), (20 bytes).
    Removing mk60_ftm.o(.rev16_text), (4 bytes).
    Removing mk60_ftm.o(.revsh_text), (4 bytes).
    Removing mk60_ftm.o(i.FTM_port_mux), (404 bytes).
    Removing mk60_ftm.o(i.ftm_input_clean), (16 bytes).
    Removing mk60_ftm.o(i.ftm_input_get), (24 bytes).
    Removing mk60_ftm.o(i.ftm_input_init), (260 bytes).
    Removing mk60_ftm.o(i.ftm_pwm_duty), (128 bytes).
    Removing mk60_ftm.o(i.ftm_pwm_freq), (120 bytes).
    Removing mk60_ftm.o(i.ftm_pwm_init), (308 bytes).
    Removing mk60_ftm.o(i.ftm_quad_init), (228 bytes).
    Removing mk60_ftm.o(.data), (6 bytes).
    Removing mk60_gpio.o(.rev16_text), (4 bytes).
    Removing mk60_gpio.o(.revsh_text), (4 bytes).
    Removing mk60_gpio.o(i.gpio_ddr), (80 bytes).
    Removing mk60_gpio.o(i.gpio_get), (44 bytes).
    Removing mk60_gpio.o(i.gpio_set), (72 bytes).
    Removing mk60_i2c.o(.rev16_text), (4 bytes).
    Removing mk60_i2c.o(.revsh_text), (4 bytes).
    Removing mk60_i2c.o(i.i2c_read_reg), (324 bytes).
    Removing mk60_i2c.o(i.i2c_read_reg_bytes), (452 bytes).
    Removing mk60_lptmr.o(.rev16_text), (4 bytes).
    Removing mk60_lptmr.o(.revsh_text), (4 bytes).
    Removing mk60_lptmr.o(i.lptmr_pulse_clean), (28 bytes).
    Removing mk60_lptmr.o(i.lptmr_pulse_get), (36 bytes).
    Removing mk60_lptmr.o(i.lptmr_pulse_init), (112 bytes).
    Removing mk60_pit.o(.rev16_text), (4 bytes).
    Removing mk60_pit.o(.revsh_text), (4 bytes).
    Removing mk60_pit.o(i.pit_close), (48 bytes).
    Removing mk60_pit.o(i.pit_delay), (128 bytes).
    Removing mk60_pit.o(i.pit_init), (92 bytes).
    Removing mk60_pit.o(i.pit_time_get), (84 bytes).
    Removing mk60_pit.o(i.pit_time_start), (92 bytes).
    Removing mk60_port.o(.rev16_text), (4 bytes).
    Removing mk60_port.o(.revsh_text), (4 bytes).
    Removing mk60_port.o(i.port_init_NoAlt), (84 bytes).
    Removing mk60_rtc.o(.rev16_text), (4 bytes).
    Removing mk60_rtc.o(.revsh_text), (4 bytes).
    Removing mk60_rtc.o(i.rtc_close_alarm), (20 bytes).
    Removing mk60_rtc.o(i.rtc_get_time), (12 bytes).
    Removing mk60_rtc.o(i.rtc_init), (96 bytes).
    Removing mk60_rtc.o(i.rtc_set_alarm), (56 bytes).
    Removing mk60_rtc.o(i.rtc_set_time), (32 bytes).
    Removing mk60_sdhc.o(.rev16_text), (4 bytes).
    Removing mk60_sdhc.o(.revsh_text), (4 bytes).
    Removing mk60_sdhc.o(i.sdhc_init), (188 bytes).
    Removing mk60_sdhc.o(i.sdhc_initcard), (592 bytes).
    Removing mk60_sdhc.o(i.sdhc_initgpio), (104 bytes).
    Removing mk60_sdhc.o(i.sdhc_ioc), (996 bytes).
    Removing mk60_sdhc.o(i.sdhc_isrunning), (24 bytes).
    Removing mk60_sdhc.o(i.sdhc_read), (276 bytes).
    Removing mk60_sdhc.o(i.sdhc_readblocks), (136 bytes).
    Removing mk60_sdhc.o(i.sdhc_sendcommand), (288 bytes).
    Removing mk60_sdhc.o(i.sdhc_setbaudrate), (232 bytes).
    Removing mk60_sdhc.o(i.sdhc_waitstatus), (24 bytes).
    Removing mk60_sdhc.o(i.sdhc_write), (272 bytes).
    Removing mk60_sdhc.o(i.sdhc_writeblocks), (356 bytes).
    Removing mk60_sdhc.o(.data), (4 bytes).
    Removing mk60_spi.o(.rev16_text), (4 bytes).
    Removing mk60_spi.o(.revsh_text), (4 bytes).
    Removing mk60_spi.o(i.spi_init), (812 bytes).
    Removing mk60_spi.o(i.spi_mosi), (264 bytes).
    Removing mk60_spi.o(i.spi_mosi_cmd), (492 bytes).
    Removing mk60_spi.o(.constdata), (64 bytes).
    Removing mk60_spi.o(.data), (12 bytes).
    Removing mk60_systick.o(.rev16_text), (4 bytes).
    Removing mk60_systick.o(.revsh_text), (4 bytes).
    Removing mk60_systick.o(i.systick_getval), (8 bytes).
    Removing mk60_systick.o(i.systick_timing), (24 bytes).
    Removing mk60_uart.o(.rev16_text), (4 bytes).
    Removing mk60_uart.o(.revsh_text), (4 bytes).
    Removing mk60_uart.o(i.NVIC_DisableIRQ), (24 bytes).
    Removing mk60_uart.o(i.NVIC_EnableIRQ), (22 bytes).
    Removing mk60_uart.o(i.fputc), (18 bytes).
    Removing mk60_uart.o(i.uart_getchar), (36 bytes).
    Removing mk60_uart.o(i.uart_putbuff), (30 bytes).
    Removing mk60_uart.o(i.uart_putchar), (32 bytes).
    Removing mk60_uart.o(i.uart_putstr), (26 bytes).
    Removing mk60_uart.o(i.uart_querychar), (36 bytes).
    Removing mk60_uart.o(i.uart_rx_irq_dis), (68 bytes).
    Removing mk60_uart.o(i.uart_rx_irq_en), (56 bytes).
    Removing mk60_uart.o(i.uart_txc_irq_dis), (68 bytes).
    Removing mk60_uart.o(i.uart_txc_irq_en), (56 bytes).
    Removing mk60_wdog.o(.rev16_text), (4 bytes).
    Removing mk60_wdog.o(.revsh_text), (4 bytes).
    Removing mk60_wdog.o(i.wdog_disable), (24 bytes).
    Removing mk60_wdog.o(i.wdog_enable), (24 bytes).
    Removing mk60_wdog.o(i.wdog_feed), (36 bytes).
    Removing mk60_wdog.o(i.wdog_init_ms), (40 bytes).
    Removing mk60_wdog.o(i.wdog_unlock), (36 bytes).
    Removing oled_i2c.o(.rev16_text), (4 bytes).
    Removing oled_i2c.o(.revsh_text), (4 bytes).
    Removing oled_i2c.o(i.OLED_DrawBMP), (116 bytes).
    Removing oled_i2c.o(i.OLED_OFF), (22 bytes).
    Removing oled_i2c.o(i.OLED_SHOW_NUM), (64 bytes).
    Removing oled_i2c.o(i.OLED_ShowCN), (84 bytes).
    Removing oled_i2c.o(.data), (3264 bytes).
    Removing pid.o(.rev16_text), (4 bytes).
    Removing pid.o(.revsh_text), (4 bytes).
    Removing pid.o(i.BetaGeneration), (84 bytes).
    Removing pid.o(i.PID_fun), (324 bytes).
    Removing pid.o(i.PID_init), (164 bytes).
    Removing pid.o(i.PIDgegulation), (240 bytes).
    Removing pid.o(.bss), (72 bytes).
    Removing isr.o(.rev16_text), (4 bytes).
    Removing isr.o(.revsh_text), (4 bytes).
    Removing main.o(.rev16_text), (4 bytes).
    Removing main.o(.revsh_text), (4 bytes).
    Removing dfixui.o(.text), (50 bytes).
    Removing f2d.o(.text), (38 bytes).
    Removing cdcmple.o(.text), (48 bytes).
    Removing dadd.o(.text), (334 bytes).
    Removing dmul.o(.text), (228 bytes).
    Removing ddiv.o(.text), (222 bytes).
    Removing dfixul.o(.text), (48 bytes).
    Removing cdrcmple.o(.text), (48 bytes).
    Removing depilogue.o(.text), (186 bytes).

153 unused section(s) (total 16758 bytes) removed from the image.

==============================================================================

Image Symbol Table

    Local Symbols

    Symbol Name                              Value     Ov Type        Size  Object(Section)

    RESET                                    0x00000000   Section     1024  startup_mk66f18.o(RESET)
    ../clib/microlib/division.c              0x00000000   Number         0  uidiv.o ABSOLUTE
    ../clib/microlib/division.c              0x00000000   Number         0  uldiv.o ABSOLUTE
    ../clib/microlib/init/entry.s            0x00000000   Number         0  entry7b.o ABSOLUTE
    ../clib/microlib/init/entry.s            0x00000000   Number         0  entry8a.o ABSOLUTE
    ../clib/microlib/init/entry.s            0x00000000   Number         0  entry7a.o ABSOLUTE
    ../clib/microlib/init/entry.s            0x00000000   Number         0  entry8b.o ABSOLUTE
    ../clib/microlib/init/entry.s            0x00000000   Number         0  entry11b.o ABSOLUTE
    ../clib/microlib/init/entry.s            0x00000000   Number         0  entry11a.o ABSOLUTE
    ../clib/microlib/init/entry.s            0x00000000   Number         0  entry10b.o ABSOLUTE
    ../clib/microlib/init/entry.s            0x00000000   Number         0  entry10a.o ABSOLUTE
    ../clib/microlib/init/entry.s            0x00000000   Number         0  entry9b.o ABSOLUTE
    ../clib/microlib/init/entry.s            0x00000000   Number         0  entry.o ABSOLUTE
    ../clib/microlib/init/entry.s            0x00000000   Number         0  entry9a.o ABSOLUTE
    ../clib/microlib/init/entry.s            0x00000000   Number         0  entry5.o ABSOLUTE
    ../clib/microlib/init/entry.s            0x00000000   Number         0  entry2.o ABSOLUTE
    ../clib/microlib/longlong.c              0x00000000   Number         0  llsshr.o ABSOLUTE
    ../clib/microlib/longlong.c              0x00000000   Number         0  llushr.o ABSOLUTE
    ../clib/microlib/longlong.c              0x00000000   Number         0  llshl.o ABSOLUTE
    ../clib/microlib/malloc/malloc.c         0x00000000   Number         0  malloca.o ABSOLUTE
    ../clib/microlib/malloc/malloc.c         0x00000000   Number         0  mallocra.o ABSOLUTE
    ../clib/microlib/malloc/malloc.c         0x00000000   Number         0  malloc.o ABSOLUTE
    ../clib/microlib/malloc/malloc.c         0x00000000   Number         0  mallocr.o ABSOLUTE
    ../clib/microlib/malloc/mvars.c          0x00000000   Number         0  mvars.o ABSOLUTE
    ../clib/microlib/printf/printf.c         0x00000000   Number         0  printf3.o ABSOLUTE
    ../clib/microlib/printf/printf.c         0x00000000   Number         0  printf4.o ABSOLUTE
    ../clib/microlib/printf/printf.c         0x00000000   Number         0  printf5.o ABSOLUTE
    ../clib/microlib/printf/printf.c         0x00000000   Number         0  printf6.o ABSOLUTE
    ../clib/microlib/printf/printf.c         0x00000000   Number         0  printf7.o ABSOLUTE
    ../clib/microlib/printf/printf.c         0x00000000   Number         0  printf8.o ABSOLUTE
    ../clib/microlib/printf/printf.c         0x00000000   Number         0  printfa.o ABSOLUTE
    ../clib/microlib/printf/printf.c         0x00000000   Number         0  printfb.o ABSOLUTE
    ../clib/microlib/printf/printf.c         0x00000000   Number         0  printf0.o ABSOLUTE
    ../clib/microlib/printf/printf.c         0x00000000   Number         0  printf1.o ABSOLUTE
    ../clib/microlib/printf/printf.c         0x00000000   Number         0  printf2.o ABSOLUTE
    ../clib/microlib/printf/stubs.s          0x00000000   Number         0  stubs.o ABSOLUTE
    ../clib/microlib/stdio/streams.c         0x00000000   Number         0  stdout.o ABSOLUTE
    ../clib/microlib/string/memcpy.c         0x00000000   Number         0  memcpya.o ABSOLUTE
    ../clib/microlib/string/memcpy.c         0x00000000   Number         0  memcpyb.o ABSOLUTE
    ../clib/microlib/stubs.s                 0x00000000   Number         0  iusefp.o ABSOLUTE
    ../fplib/microlib/f2d.c                  0x00000000   Number         0  f2d.o ABSOLUTE
    ../fplib/microlib/fpadd.c                0x00000000   Number         0  dadd.o ABSOLUTE
    ../fplib/microlib/fpdiv.c                0x00000000   Number         0  ddiv.o ABSOLUTE
    ../fplib/microlib/fpepilogue.c           0x00000000   Number         0  depilogue.o ABSOLUTE
    ../fplib/microlib/fpfix.c                0x00000000   Number         0  dfixui.o ABSOLUTE
    ../fplib/microlib/fpfix.c                0x00000000   Number         0  dfixul.o ABSOLUTE
    ../fplib/microlib/fpmul.c                0x00000000   Number         0  dmul.o ABSOLUTE
    ../mathlib/fabs.c                        0x00000000   Number         0  fabs.o ABSOLUTE
    ..\Libraries\app\OLED_I2C.c              0x00000000   Number         0  oled_i2c.o ABSOLUTE
    ..\Libraries\app\PID.c                   0x00000000   Number         0  pid.o ABSOLUTE
    ..\Libraries\drives\src\MK60_adc.c       0x00000000   Number         0  mk60_adc.o ABSOLUTE
    ..\Libraries\drives\src\MK60_cmt.c       0x00000000   Number         0  mk60_cmt.o ABSOLUTE
    ..\Libraries\drives\src\MK60_dac.c       0x00000000   Number         0  mk60_dac.o ABSOLUTE
    ..\Libraries\drives\src\MK60_dma.c       0x00000000   Number         0  mk60_dma.o ABSOLUTE
    ..\Libraries\drives\src\MK60_flash.c     0x00000000   Number         0  mk60_flash.o ABSOLUTE
    ..\Libraries\drives\src\MK60_ftm.c       0x00000000   Number         0  mk60_ftm.o ABSOLUTE
    ..\Libraries\drives\src\MK60_gpio.c      0x00000000   Number         0  mk60_gpio.o ABSOLUTE
    ..\Libraries\drives\src\MK60_i2c.c       0x00000000   Number         0  mk60_i2c.o ABSOLUTE
    ..\Libraries\drives\src\MK60_lptmr.c     0x00000000   Number         0  mk60_lptmr.o ABSOLUTE
    ..\Libraries\drives\src\MK60_pit.c       0x00000000   Number         0  mk60_pit.o ABSOLUTE
    ..\Libraries\drives\src\MK60_port.c      0x00000000   Number         0  mk60_port.o ABSOLUTE
    ..\Libraries\drives\src\MK60_rtc.c       0x00000000   Number         0  mk60_rtc.o ABSOLUTE
    ..\Libraries\drives\src\MK60_sdhc.c      0x00000000   Number         0  mk60_sdhc.o ABSOLUTE
    ..\Libraries\drives\src\MK60_spi.c       0x00000000   Number         0  mk60_spi.o ABSOLUTE
    ..\Libraries\drives\src\MK60_systick.c   0x00000000   Number         0  mk60_systick.o ABSOLUTE
    ..\Libraries\drives\src\MK60_uart.c      0x00000000   Number         0  mk60_uart.o ABSOLUTE
    ..\Libraries\drives\src\MK60_wdog.c      0x00000000   Number         0  mk60_wdog.o ABSOLUTE
    ..\Libraries\drives\src\common.c         0x00000000   Number         0  common.o ABSOLUTE
    ..\Libraries\drives\src\misc.c           0x00000000   Number         0  misc.o ABSOLUTE
    ..\Libraries\startup\DeviceSupport\startup_MK66F18.s 0x00000000   Number         0  startup_mk66f18.o ABSOLUTE
    ..\Libraries\startup\DeviceSupport\system_MK66.c 0x00000000   Number         0  system_mk66.o ABSOLUTE
    ..\User\isr.c                            0x00000000   Number         0  isr.o ABSOLUTE
    ..\User\main.c                           0x00000000   Number         0  main.o ABSOLUTE
    ..\\Libraries\\app\\OLED_I2C.c           0x00000000   Number         0  oled_i2c.o ABSOLUTE
    ..\\Libraries\\app\\PID.c                0x00000000   Number         0  pid.o ABSOLUTE
    ..\\Libraries\\drives\\src\\MK60_adc.c   0x00000000   Number         0  mk60_adc.o ABSOLUTE
    ..\\Libraries\\drives\\src\\MK60_cmt.c   0x00000000   Number         0  mk60_cmt.o ABSOLUTE
    ..\\Libraries\\drives\\src\\MK60_dac.c   0x00000000   Number         0  mk60_dac.o ABSOLUTE
    ..\\Libraries\\drives\\src\\MK60_dma.c   0x00000000   Number         0  mk60_dma.o ABSOLUTE
    ..\\Libraries\\drives\\src\\MK60_flash.c 0x00000000   Number         0  mk60_flash.o ABSOLUTE
    ..\\Libraries\\drives\\src\\MK60_ftm.c   0x00000000   Number         0  mk60_ftm.o ABSOLUTE
    ..\\Libraries\\drives\\src\\MK60_gpio.c  0x00000000   Number         0  mk60_gpio.o ABSOLUTE
    ..\\Libraries\\drives\\src\\MK60_i2c.c   0x00000000   Number         0  mk60_i2c.o ABSOLUTE
    ..\\Libraries\\drives\\src\\MK60_lptmr.c 0x00000000   Number         0  mk60_lptmr.o ABSOLUTE
    ..\\Libraries\\drives\\src\\MK60_pit.c   0x00000000   Number         0  mk60_pit.o ABSOLUTE
    ..\\Libraries\\drives\\src\\MK60_port.c  0x00000000   Number         0  mk60_port.o ABSOLUTE
    ..\\Libraries\\drives\\src\\MK60_rtc.c   0x00000000   Number         0  mk60_rtc.o ABSOLUTE
    ..\\Libraries\\drives\\src\\MK60_sdhc.c  0x00000000   Number         0  mk60_sdhc.o ABSOLUTE
    ..\\Libraries\\drives\\src\\MK60_spi.c   0x00000000   Number         0  mk60_spi.o ABSOLUTE
    ..\\Libraries\\drives\\src\\MK60_systick.c 0x00000000   Number         0  mk60_systick.o ABSOLUTE
    ..\\Libraries\\drives\\src\\MK60_uart.c  0x00000000   Number         0  mk60_uart.o ABSOLUTE
    ..\\Libraries\\drives\\src\\MK60_wdog.c  0x00000000   Number         0  mk60_wdog.o ABSOLUTE
    ..\\Libraries\\drives\\src\\common.c     0x00000000   Number         0  common.o ABSOLUTE
    ..\\Libraries\\drives\\src\\misc.c       0x00000000   Number         0  misc.o ABSOLUTE
    ..\\Libraries\\startup\\DeviceSupport\\system_MK66.c 0x00000000   Number         0  system_mk66.o ABSOLUTE
    ..\\User\\isr.c                          0x00000000   Number         0  isr.o ABSOLUTE
    ..\\User\\main.c                         0x00000000   Number         0  main.o ABSOLUTE
    cdcmple.s                                0x00000000   Number         0  cdcmple.o ABSOLUTE
    cdrcmple.s                               0x00000000   Number         0  cdrcmple.o ABSOLUTE
    dc.s                                     0x00000000   Number         0  dc.o ABSOLUTE
    handlers.s                               0x00000000   Number         0  handlers.o ABSOLUTE
    init.s                                   0x00000000   Number         0  init.o ABSOLUTE
    .ARM.__at_0x400                          0x00000400   Section       16  startup_mk66f18.o(.ARM.__at_0x400)
    .ARM.Collect$$$$00000000                 0x00000410   Section        0  entry.o(.ARM.Collect$$$$00000000)
    .ARM.Collect$$$$00000001                 0x00000410   Section        4  entry2.o(.ARM.Collect$$$$00000001)
    .ARM.Collect$$$$00000004                 0x00000414   Section        4  entry5.o(.ARM.Collect$$$$00000004)
    .ARM.Collect$$$$00000008                 0x00000418   Section        0  entry7b.o(.ARM.Collect$$$$00000008)
    .ARM.Collect$$$$0000000A                 0x00000418   Section        0  entry8b.o(.ARM.Collect$$$$0000000A)
    .ARM.Collect$$$$0000000B                 0x00000418   Section        8  entry9a.o(.ARM.Collect$$$$0000000B)
    .ARM.Collect$$$$0000000D                 0x00000420   Section        0  entry10a.o(.ARM.Collect$$$$0000000D)
    .ARM.Collect$$$$0000000F                 0x00000420   Section        0  entry11a.o(.ARM.Collect$$$$0000000F)
    .ARM.Collect$$$$00002712                 0x00000420   Section        4  entry2.o(.ARM.Collect$$$$00002712)
    __lit__00000000                          0x00000420   Data           4  entry2.o(.ARM.Collect$$$$00002712)
    .text                                    0x00000424   Section       40  startup_mk66f18.o(.text)
    $v0                                      0x00000424   Number         0  startup_mk66f18.o(.text)
    .text                                    0x0000044c   Section        0  memcpya.o(.text)
    .text                                    0x00000470   Section       36  init.o(.text)
    i.DMA0_IRQHandler                        0x00000494   Section        0  isr.o(i.DMA0_IRQHandler)
    i.Disable_Wdog                           0x000004a8   Section        0  system_mk66.o(i.Disable_Wdog)
    i.NMI_Handler                            0x000004c4   Section        0  system_mk66.o(i.NMI_Handler)
    i.OLED_CLS                               0x000004c6   Section        0  oled_i2c.o(i.OLED_CLS)
    i.OLED_Fill                              0x000004d0   Section        0  oled_i2c.o(i.OLED_Fill)
    i.OLED_Init                              0x0000050c   Section        0  oled_i2c.o(i.OLED_Init)
    i.OLED_ON                                0x000005d0   Section        0  oled_i2c.o(i.OLED_ON)
    i.OLED_SetPos                            0x000005e6   Section        0  oled_i2c.o(i.OLED_SetPos)
    i.OLED_ShowStr                           0x00000610   Section        0  oled_i2c.o(i.OLED_ShowStr)
    i.OLED_Test                              0x000006fc   Section        0  oled_i2c.o(i.OLED_Test)
    i.PIT0_IRQHandler                        0x00000774   Section        0  isr.o(i.PIT0_IRQHandler)
    i.PORTB_IRQHandler                       0x000007b0   Section        0  isr.o(i.PORTB_IRQHandler)
    i.PORTC_IRQHandler                       0x000007d4   Section        0  isr.o(i.PORTC_IRQHandler)
    i.SYSTEM_CLK                             0x000007e4   Section        0  system_mk66.o(i.SYSTEM_CLK)
    i.Start                                  0x0000089c   Section        0  system_mk66.o(i.Start)
    i.UART3_RX_TX_IRQHandler                 0x000008c4   Section        0  isr.o(i.UART3_RX_TX_IRQHandler)
    i.UART4_RX_TX_IRQHandler                 0x000008d4   Section        0  isr.o(i.UART4_RX_TX_IRQHandler)
    i.WriteCmd                               0x000008e4   Section        0  oled_i2c.o(i.WriteCmd)
    i.WriteDat                               0x000008f6   Section        0  oled_i2c.o(i.WriteDat)
    i.__scatterload_copy                     0x00000908   Section       14  handlers.o(i.__scatterload_copy)
    i.__scatterload_null                     0x00000916   Section        2  handlers.o(i.__scatterload_null)
    i.__scatterload_zeroinit                 0x00000918   Section       14  handlers.o(i.__scatterload_zeroinit)
    i.div_set                                0x00000928   Section        0  system_mk66.o(i.div_set)
    i.ftm_quad_clean                         0x00000974   Section        0  mk60_ftm.o(i.ftm_quad_clean)
    i.ftm_quad_get                           0x00000984   Section        0  mk60_ftm.o(i.ftm_quad_get)
    i.get_clk                                0x00000998   Section        0  common.o(i.get_clk)
    i.gpio_init                              0x00000a0c   Section        0  mk60_gpio.o(i.gpio_init)
    i.gpio_turn                              0x00000ae0   Section        0  mk60_gpio.o(i.gpio_turn)
    i.i2c_delay                              0x00000b08   Section        0  mk60_i2c.o(i.i2c_delay)
    i.i2c_init                               0x00000b24   Section        0  mk60_i2c.o(i.i2c_init)
    i.i2c_write_reg                          0x00000c54   Section        0  mk60_i2c.o(i.i2c_write_reg)
    i.main                                   0x00000d18   Section        0  main.o(i.main)
    i.port_init                              0x00000d2c   Section        0  mk60_port.o(i.port_init)
    i.systick_delay                          0x00000da0   Section        0  mk60_systick.o(i.systick_delay)
    i.systick_delay_ms                       0x00000dcc   Section        0  mk60_systick.o(i.systick_delay_ms)
    i.uart_init                              0x00000df0   Section        0  mk60_uart.o(i.uart_init)
    .constdata                               0x00000fc8   Section       16  mk60_ftm.o(.constdata)
    FTMX                                     0x00000fc8   Data          16  mk60_ftm.o(.constdata)
    .constdata                               0x00000fd8   Section       40  mk60_gpio.o(.constdata)
    PORTX                                    0x00000fd8   Data          20  mk60_gpio.o(.constdata)
    GPIOX                                    0x00000fec   Data          20  mk60_gpio.o(.constdata)
    .constdata                               0x00001000   Section      128  mk60_i2c.o(.constdata)
    .constdata                               0x00001080   Section       40  mk60_port.o(.constdata)
    PORTX                                    0x00001080   Data          20  mk60_port.o(.constdata)
    GPIOX                                    0x00001094   Data          20  mk60_port.o(.constdata)
    .constdata                               0x000010a8   Section     2082  oled_i2c.o(.constdata)
    .data                                    0x1fff0000   Section       12  common.o(.data)
    .data                                    0x1fff000c   Section       20  mk60_i2c.o(.data)
    .data                                    0x1fff0020   Section       20  mk60_uart.o(.data)
    .data                                    0x1fff0034   Section        8  isr.o(.data)
    STACK                                    0x1fff0040   Section     1024  startup_mk66f18.o(STACK)

    Global Symbols

    Symbol Name                              Value     Ov Type        Size  Object(Section)

    BuildAttributes$$THM_ISAv4$E$P$D$K$B$S$7EM$VFPi3$EXTD16$VFPS$VFMA$PE$A:L22UL41UL21$X:L11$S22US41US21$IEEE1$IW$USESV6$~STKCKD$USESV7$~SHL$OTIME$ROPI$IEEEJ$EBA8$MICROLIB$REQ8$PRES8$EABIv2 0x00000000   Number         0  anon$$obj.o ABSOLUTE
    __ARM_use_no_argv                        0x00000000   Number         0  main.o ABSOLUTE
    __Vectors                                0x00000000   Data           4  startup_mk66f18.o(RESET)
    _printf_a                                0x00000000   Number         0  stubs.o ABSOLUTE
    _printf_c                                0x00000000   Number         0  stubs.o ABSOLUTE
    _printf_charcount                        0x00000000   Number         0  stubs.o ABSOLUTE
    _printf_d                                0x00000000   Number         0  stubs.o ABSOLUTE
    _printf_e                                0x00000000   Number         0  stubs.o ABSOLUTE
    _printf_f                                0x00000000   Number         0  stubs.o ABSOLUTE
    _printf_flags                            0x00000000   Number         0  stubs.o ABSOLUTE
    _printf_fp_dec                           0x00000000   Number         0  stubs.o ABSOLUTE
    _printf_fp_hex                           0x00000000   Number         0  stubs.o ABSOLUTE
    _printf_g                                0x00000000   Number         0  stubs.o ABSOLUTE
    _printf_i                                0x00000000   Number         0  stubs.o ABSOLUTE
    _printf_int_dec                          0x00000000   Number         0  stubs.o ABSOLUTE
    _printf_l                                0x00000000   Number         0  stubs.o ABSOLUTE
    _printf_lc                               0x00000000   Number         0  stubs.o ABSOLUTE
    _printf_ll                               0x00000000   Number         0  stubs.o ABSOLUTE
    _printf_lld                              0x00000000   Number         0  stubs.o ABSOLUTE
    _printf_lli                              0x00000000   Number         0  stubs.o ABSOLUTE
    _printf_llo                              0x00000000   Number         0  stubs.o ABSOLUTE
    _printf_llu                              0x00000000   Number         0  stubs.o ABSOLUTE
    _printf_llx                              0x00000000   Number         0  stubs.o ABSOLUTE
    _printf_longlong_dec                     0x00000000   Number         0  stubs.o ABSOLUTE
    _printf_longlong_hex                     0x00000000   Number         0  stubs.o ABSOLUTE
    _printf_longlong_oct                     0x00000000   Number         0  stubs.o ABSOLUTE
    _printf_ls                               0x00000000   Number         0  stubs.o ABSOLUTE
    _printf_mbtowc                           0x00000000   Number         0  stubs.o ABSOLUTE
    _printf_n                                0x00000000   Number         0  stubs.o ABSOLUTE
    _printf_o                                0x00000000   Number         0  stubs.o ABSOLUTE
    _printf_p                                0x00000000   Number         0  stubs.o ABSOLUTE
    _printf_percent                          0x00000000   Number         0  stubs.o ABSOLUTE
    _printf_pre_padding                      0x00000000   Number         0  stubs.o ABSOLUTE
    _printf_return_value                     0x00000000   Number         0  stubs.o ABSOLUTE
    _printf_s                                0x00000000   Number         0  stubs.o ABSOLUTE
    _printf_sizespec                         0x00000000   Number         0  stubs.o ABSOLUTE
    _printf_str                              0x00000000   Number         0  stubs.o ABSOLUTE
    _printf_truncate_signed                  0x00000000   Number         0  stubs.o ABSOLUTE
    _printf_truncate_unsigned                0x00000000   Number         0  stubs.o ABSOLUTE
    _printf_u                                0x00000000   Number         0  stubs.o ABSOLUTE
    _printf_wc                               0x00000000   Number         0  stubs.o ABSOLUTE
    _printf_wctomb                           0x00000000   Number         0  stubs.o ABSOLUTE
    _printf_widthprec                        0x00000000   Number         0  stubs.o ABSOLUTE
    _printf_x                                0x00000000   Number         0  stubs.o ABSOLUTE
    __cpp_initialize__aeabi_                  - Undefined Weak Reference
    __cxa_finalize                            - Undefined Weak Reference
    __decompress                              - Undefined Weak Reference
    _clock_init                               - Undefined Weak Reference
    _microlib_exit                            - Undefined Weak Reference
    __Vectors_End                            0x00000400   Data           0  startup_mk66f18.o(RESET)
    __Vectors_Size                           0x00000400   Number         0  startup_mk66f18.o ABSOLUTE
    __main                                   0x00000411   Thumb Code     0  entry.o(.ARM.Collect$$$$00000000)
    _main_stk                                0x00000411   Thumb Code     0  entry2.o(.ARM.Collect$$$$00000001)
    _main_scatterload                        0x00000415   Thumb Code     0  entry5.o(.ARM.Collect$$$$00000004)
    __main_after_scatterload                 0x00000419   Thumb Code     0  entry5.o(.ARM.Collect$$$$00000004)
    _main_clock                              0x00000419   Thumb Code     0  entry7b.o(.ARM.Collect$$$$00000008)
    _main_cpp_init                           0x00000419   Thumb Code     0  entry8b.o(.ARM.Collect$$$$0000000A)
    _main_init                               0x00000419   Thumb Code     0  entry9a.o(.ARM.Collect$$$$0000000B)
    __rt_final_cpp                           0x00000421   Thumb Code     0  entry10a.o(.ARM.Collect$$$$0000000D)
    __rt_final_exit                          0x00000421   Thumb Code     0  entry11a.o(.ARM.Collect$$$$0000000F)
    Reset_Handler                            0x00000425   Thumb Code    12  startup_mk66f18.o(.text)
    HardFault_Handler                        0x00000433   Thumb Code     2  startup_mk66f18.o(.text)
    MemManage_Handler                        0x00000435   Thumb Code     2  startup_mk66f18.o(.text)
    BusFault_Handler                         0x00000437   Thumb Code     2  startup_mk66f18.o(.text)
    UsageFault_Handler                       0x00000439   Thumb Code     2  startup_mk66f18.o(.text)
    SVC_Handler                              0x0000043b   Thumb Code     2  startup_mk66f18.o(.text)
    DebugMon_Handler                         0x0000043d   Thumb Code     2  startup_mk66f18.o(.text)
    PendSV_Handler                           0x0000043f   Thumb Code     2  startup_mk66f18.o(.text)
    SysTick_Handler                          0x00000441   Thumb Code     2  startup_mk66f18.o(.text)
    ADC0_IRQHandler                          0x00000443   Thumb Code     0  startup_mk66f18.o(.text)
    ADC1_IRQHandler                          0x00000443   Thumb Code     0  startup_mk66f18.o(.text)
    CAN0_Bus_Off_IRQHandler                  0x00000443   Thumb Code     0  startup_mk66f18.o(.text)
    CAN0_Error_IRQHandler                    0x00000443   Thumb Code     0  startup_mk66f18.o(.text)
    CAN0_ORed_Message_buffer_IRQHandler      0x00000443   Thumb Code     0  startup_mk66f18.o(.text)
    CAN0_Rx_Warning_IRQHandler               0x00000443   Thumb Code     0  startup_mk66f18.o(.text)
    CAN0_Tx_Warning_IRQHandler               0x00000443   Thumb Code     0  startup_mk66f18.o(.text)
    CAN0_Wake_Up_IRQHandler                  0x00000443   Thumb Code     0  startup_mk66f18.o(.text)
    CAN1_Bus_Off_IRQHandler                  0x00000443   Thumb Code     0  startup_mk66f18.o(.text)
    CAN1_Error_IRQHandler                    0x00000443   Thumb Code     0  startup_mk66f18.o(.text)
    CAN1_ORed_Message_buffer_IRQHandler      0x00000443   Thumb Code     0  startup_mk66f18.o(.text)
    CAN1_Rx_Warning_IRQHandler               0x00000443   Thumb Code     0  startup_mk66f18.o(.text)
    CAN1_Tx_Warning_IRQHandler               0x00000443   Thumb Code     0  startup_mk66f18.o(.text)
    CAN1_Wake_Up_IRQHandler                  0x00000443   Thumb Code     0  startup_mk66f18.o(.text)
    CMP0_IRQHandler                          0x00000443   Thumb Code     0  startup_mk66f18.o(.text)
    CMP1_IRQHandler                          0x00000443   Thumb Code     0  startup_mk66f18.o(.text)
    CMP2_IRQHandler                          0x00000443   Thumb Code     0  startup_mk66f18.o(.text)
    CMP3_IRQHandler                          0x00000443   Thumb Code     0  startup_mk66f18.o(.text)
    CMT_IRQHandler                           0x00000443   Thumb Code     0  startup_mk66f18.o(.text)
    DAC0_IRQHandler                          0x00000443   Thumb Code     0  startup_mk66f18.o(.text)
    DAC1_IRQHandler                          0x00000443   Thumb Code     0  startup_mk66f18.o(.text)
    DMA10_IRQHandler                         0x00000443   Thumb Code     0  startup_mk66f18.o(.text)
    DMA11_IRQHandler                         0x00000443   Thumb Code     0  startup_mk66f18.o(.text)
    DMA12_IRQHandler                         0x00000443   Thumb Code     0  startup_mk66f18.o(.text)
    DMA13_IRQHandler                         0x00000443   Thumb Code     0  startup_mk66f18.o(.text)
    DMA14_IRQHandler                         0x00000443   Thumb Code     0  startup_mk66f18.o(.text)
    DMA15_IRQHandler                         0x00000443   Thumb Code     0  startup_mk66f18.o(.text)
    DMA1_IRQHandler                          0x00000443   Thumb Code     0  startup_mk66f18.o(.text)
    DMA2_IRQHandler                          0x00000443   Thumb Code     0  startup_mk66f18.o(.text)
    DMA3_IRQHandler                          0x00000443   Thumb Code     0  startup_mk66f18.o(.text)
    DMA4_IRQHandler                          0x00000443   Thumb Code     0  startup_mk66f18.o(.text)
    DMA5_IRQHandler                          0x00000443   Thumb Code     0  startup_mk66f18.o(.text)
    DMA6_IRQHandler                          0x00000443   Thumb Code     0  startup_mk66f18.o(.text)
    DMA7_IRQHandler                          0x00000443   Thumb Code     0  startup_mk66f18.o(.text)
    DMA8_IRQHandler                          0x00000443   Thumb Code     0  startup_mk66f18.o(.text)
    DMA9_IRQHandler                          0x00000443   Thumb Code     0  startup_mk66f18.o(.text)
    DMA_Error_IRQHandler                     0x00000443   Thumb Code     0  startup_mk66f18.o(.text)
    DefaultISR                               0x00000443   Thumb Code     0  startup_mk66f18.o(.text)
    ENET_1588_Timer_IRQHandler               0x00000443   Thumb Code     0  startup_mk66f18.o(.text)
    ENET_Error_IRQHandler                    0x00000443   Thumb Code     0  startup_mk66f18.o(.text)
    ENET_Receive_IRQHandler                  0x00000443   Thumb Code     0  startup_mk66f18.o(.text)
    ENET_Transmit_IRQHandler                 0x00000443   Thumb Code     0  startup_mk66f18.o(.text)
    FTFE_IRQHandler                          0x00000443   Thumb Code     0  startup_mk66f18.o(.text)
    FTM0_IRQHandler                          0x00000443   Thumb Code     0  startup_mk66f18.o(.text)
    FTM1_IRQHandler                          0x00000443   Thumb Code     0  startup_mk66f18.o(.text)
    FTM2_IRQHandler                          0x00000443   Thumb Code     0  startup_mk66f18.o(.text)
    FTM3_IRQHandler                          0x00000443   Thumb Code     0  startup_mk66f18.o(.text)
    I2C0_IRQHandler                          0x00000443   Thumb Code     0  startup_mk66f18.o(.text)
    I2C1_IRQHandler                          0x00000443   Thumb Code     0  startup_mk66f18.o(.text)
    I2C2_IRQHandler                          0x00000443   Thumb Code     0  startup_mk66f18.o(.text)
    I2C3_IRQHandler                          0x00000443   Thumb Code     0  startup_mk66f18.o(.text)
    I2S0_Rx_IRQHandler                       0x00000443   Thumb Code     0  startup_mk66f18.o(.text)
    I2S0_Tx_IRQHandler                       0x00000443   Thumb Code     0  startup_mk66f18.o(.text)
    LLWU_IRQHandler                          0x00000443   Thumb Code     0  startup_mk66f18.o(.text)
    LPTMR0_IRQHandler                        0x00000443   Thumb Code     0  startup_mk66f18.o(.text)
    LPUART0_IRQHandler                       0x00000443   Thumb Code     0  startup_mk66f18.o(.text)
    LVD_LVW_IRQHandler                       0x00000443   Thumb Code     0  startup_mk66f18.o(.text)
    MCG_IRQHandler                           0x00000443   Thumb Code     0  startup_mk66f18.o(.text)
    MCM_IRQHandler                           0x00000443   Thumb Code     0  startup_mk66f18.o(.text)
    PDB0_IRQHandler                          0x00000443   Thumb Code     0  startup_mk66f18.o(.text)
    PIT1_IRQHandler                          0x00000443   Thumb Code     0  startup_mk66f18.o(.text)
    PIT2_IRQHandler                          0x00000443   Thumb Code     0  startup_mk66f18.o(.text)
    PIT3_IRQHandler                          0x00000443   Thumb Code     0  startup_mk66f18.o(.text)
    PORTA_IRQHandler                         0x00000443   Thumb Code     0  startup_mk66f18.o(.text)
    PORTD_IRQHandler                         0x00000443   Thumb Code     0  startup_mk66f18.o(.text)
    PORTE_IRQHandler                         0x00000443   Thumb Code     0  startup_mk66f18.o(.text)
    RNG_IRQHandler                           0x00000443   Thumb Code     0  startup_mk66f18.o(.text)
    RTC_IRQHandler                           0x00000443   Thumb Code     0  startup_mk66f18.o(.text)
    RTC_Seconds_IRQHandler                   0x00000443   Thumb Code     0  startup_mk66f18.o(.text)
    Read_Collision_IRQHandler                0x00000443   Thumb Code     0  startup_mk66f18.o(.text)
    Reserved46_IRQHandler                    0x00000443   Thumb Code     0  startup_mk66f18.o(.text)
    Reserved71_IRQHandler                    0x00000443   Thumb Code     0  startup_mk66f18.o(.text)
    Reserved84_IRQHandler                    0x00000443   Thumb Code     0  startup_mk66f18.o(.text)
    Reserved85_IRQHandler                    0x00000443   Thumb Code     0  startup_mk66f18.o(.text)
    SDHC_IRQHandler                          0x00000443   Thumb Code     0  startup_mk66f18.o(.text)
    SPI0_IRQHandler                          0x00000443   Thumb Code     0  startup_mk66f18.o(.text)
    SPI1_IRQHandler                          0x00000443   Thumb Code     0  startup_mk66f18.o(.text)
    SPI2_IRQHandler                          0x00000443   Thumb Code     0  startup_mk66f18.o(.text)
    SWI_IRQHandler                           0x00000443   Thumb Code     0  startup_mk66f18.o(.text)
    TPM1_IRQHandler                          0x00000443   Thumb Code     0  startup_mk66f18.o(.text)
    TPM2_IRQHandler                          0x00000443   Thumb Code     0  startup_mk66f18.o(.text)
    TSI0_IRQHandler                          0x00000443   Thumb Code     0  startup_mk66f18.o(.text)
    UART0_ERR_IRQHandler                     0x00000443   Thumb Code     0  startup_mk66f18.o(.text)
    UART0_RX_TX_IRQHandler                   0x00000443   Thumb Code     0  startup_mk66f18.o(.text)
    UART1_ERR_IRQHandler                     0x00000443   Thumb Code     0  startup_mk66f18.o(.text)
    UART1_RX_TX_IRQHandler                   0x00000443   Thumb Code     0  startup_mk66f18.o(.text)
    UART2_ERR_IRQHandler                     0x00000443   Thumb Code     0  startup_mk66f18.o(.text)
    UART2_RX_TX_IRQHandler                   0x00000443   Thumb Code     0  startup_mk66f18.o(.text)
    UART3_ERR_IRQHandler                     0x00000443   Thumb Code     0  startup_mk66f18.o(.text)
    UART4_ERR_IRQHandler                     0x00000443   Thumb Code     0  startup_mk66f18.o(.text)
    USB0_IRQHandler                          0x00000443   Thumb Code     0  startup_mk66f18.o(.text)
    USBDCD_IRQHandler                        0x00000443   Thumb Code     0  startup_mk66f18.o(.text)
    USBHSDCD_IRQHandler                      0x00000443   Thumb Code     0  startup_mk66f18.o(.text)
    USBHS_IRQHandler                         0x00000443   Thumb Code     0  startup_mk66f18.o(.text)
    WDOG_EWM_IRQHandler                      0x00000443   Thumb Code     0  startup_mk66f18.o(.text)
    __aeabi_memcpy                           0x0000044d   Thumb Code    36  memcpya.o(.text)
    __aeabi_memcpy4                          0x0000044d   Thumb Code     0  memcpya.o(.text)
    __aeabi_memcpy8                          0x0000044d   Thumb Code     0  memcpya.o(.text)
    __scatterload                            0x00000471   Thumb Code    28  init.o(.text)
    __scatterload_rt2                        0x00000471   Thumb Code     0  init.o(.text)
    DMA0_IRQHandler                          0x00000495   Thumb Code    14  isr.o(i.DMA0_IRQHandler)
    Disable_Wdog                             0x000004a9   Thumb Code    22  system_mk66.o(i.Disable_Wdog)
    NMI_Handler                              0x000004c5   Thumb Code     2  system_mk66.o(i.NMI_Handler)
    OLED_CLS                                 0x000004c7   Thumb Code    10  oled_i2c.o(i.OLED_CLS)
    OLED_Fill                                0x000004d1   Thumb Code    58  oled_i2c.o(i.OLED_Fill)
    OLED_Init                                0x0000050d   Thumb Code   190  oled_i2c.o(i.OLED_Init)
    OLED_ON                                  0x000005d1   Thumb Code    22  oled_i2c.o(i.OLED_ON)
    OLED_SetPos                              0x000005e7   Thumb Code    40  oled_i2c.o(i.OLED_SetPos)
    OLED_ShowStr                             0x00000611   Thumb Code   228  oled_i2c.o(i.OLED_ShowStr)
    OLED_Test                                0x000006fd   Thumb Code    56  oled_i2c.o(i.OLED_Test)
    PIT0_IRQHandler                          0x00000775   Thumb Code    48  isr.o(i.PIT0_IRQHandler)
    PORTB_IRQHandler                         0x000007b1   Thumb Code    32  isr.o(i.PORTB_IRQHandler)
    PORTC_IRQHandler                         0x000007d5   Thumb Code    10  isr.o(i.PORTC_IRQHandler)
    SYSTEM_CLK                               0x000007e5   Thumb Code   170  system_mk66.o(i.SYSTEM_CLK)
    Start                                    0x0000089d   Thumb Code    34  system_mk66.o(i.Start)
    UART3_RX_TX_IRQHandler                   0x000008c5   Thumb Code    10  isr.o(i.UART3_RX_TX_IRQHandler)
    UART4_RX_TX_IRQHandler                   0x000008d5   Thumb Code    10  isr.o(i.UART4_RX_TX_IRQHandler)
    WriteCmd                                 0x000008e5   Thumb Code    18  oled_i2c.o(i.WriteCmd)
    WriteDat                                 0x000008f7   Thumb Code    18  oled_i2c.o(i.WriteDat)
    __scatterload_copy                       0x00000909   Thumb Code    14  handlers.o(i.__scatterload_copy)
    __scatterload_null                       0x00000917   Thumb Code     2  handlers.o(i.__scatterload_null)
    __scatterload_zeroinit                   0x00000919   Thumb Code    14  handlers.o(i.__scatterload_zeroinit)
    div_set                                  0x00000929   Thumb Code    68  system_mk66.o(i.div_set)
    ftm_quad_clean                           0x00000975   Thumb Code    12  mk60_ftm.o(i.ftm_quad_clean)
    ftm_quad_get                             0x00000985   Thumb Code    14  mk60_ftm.o(i.ftm_quad_get)
    get_clk                                  0x00000999   Thumb Code    94  common.o(i.get_clk)
    gpio_init                                0x00000a0d   Thumb Code   200  mk60_gpio.o(i.gpio_init)
    gpio_turn                                0x00000ae1   Thumb Code    34  mk60_gpio.o(i.gpio_turn)
    i2c_delay                                0x00000b09   Thumb Code    26  mk60_i2c.o(i.i2c_delay)
    i2c_init                                 0x00000b25   Thumb Code   280  mk60_i2c.o(i.i2c_init)
    i2c_write_reg                            0x00000c55   Thumb Code   192  mk60_i2c.o(i.i2c_write_reg)
    main                                     0x00000d19   Thumb Code    18  main.o(i.main)
    port_init                                0x00000d2d   Thumb Code   102  mk60_port.o(i.port_init)
    systick_delay                            0x00000da1   Thumb Code    44  mk60_systick.o(i.systick_delay)
    systick_delay_ms                         0x00000dcd   Thumb Code    32  mk60_systick.o(i.systick_delay_ms)
    uart_init                                0x00000df1   Thumb Code   452  mk60_uart.o(i.uart_init)
    F6x8                                     0x000010a8   Data         552  oled_i2c.o(.constdata)
    F8X16                                    0x000012d0   Data        1520  oled_i2c.o(.constdata)
    Region$$Table$$Base                      0x000018cc   Number         0  anon$$obj.o(Region$$Table)
    Region$$Table$$Limit                     0x000018ec   Number         0  anon$$obj.o(Region$$Table)
    mcgout_clk_mhz                           0x1fff0000   Data           4  common.o(.data)
    core_clk_mhz                             0x1fff0004   Data           4  common.o(.data)
    bus_clk_mhz                              0x1fff0008   Data           4  common.o(.data)
    MasterTransmission                       0x1fff000c   Data           1  mk60_i2c.o(.data)
    SlaveID                                  0x1fff000d   Data           1  mk60_i2c.o(.data)
    I2CN                                     0x1fff0010   Data          16  mk60_i2c.o(.data)
    uart                                     0x1fff0020   Data          20  mk60_uart.o(.data)
    date_1                                   0x1fff0034   Data           4  isr.o(.data)
    date_2                                   0x1fff0038   Data           4  isr.o(.data)
    __initial_sp                             0x1fff0440   Data           0  startup_mk66f18.o(STACK)



==============================================================================

Memory Map of the image

  Image Entry point : 0x00000411

  Load Region LR_IROM1 (Base: 0x00000000, Size: 0x00001928, Max: 0x00100000, ABSOLUTE)

    Execution Region ER_IROM1 (Exec base: 0x00000000, Load base: 0x00000000, Size: 0x000018ec, Max: 0x00100000, ABSOLUTE)

    Exec Addr    Load Addr    Size         Type   Attr      Idx    E Section Name        Object

    0x00000000   0x00000000   0x00000400   Data   RO            3    RESET               startup_mk66f18.o
    0x00000400   0x00000400   0x00000010   Code   RO            4    .ARM.__at_0x400     startup_mk66f18.o
    0x00000410   0x00000410   0x00000000   Code   RO         1276  * .ARM.Collect$$$$00000000  mc_w.l(entry.o)
    0x00000410   0x00000410   0x00000004   Code   RO         1578    .ARM.Collect$$$$00000001  mc_w.l(entry2.o)
    0x00000414   0x00000414   0x00000004   Code   RO         1581    .ARM.Collect$$$$00000004  mc_w.l(entry5.o)
    0x00000418   0x00000418   0x00000000   Code   RO         1583    .ARM.Collect$$$$00000008  mc_w.l(entry7b.o)
    0x00000418   0x00000418   0x00000000   Code   RO         1585    .ARM.Collect$$$$0000000A  mc_w.l(entry8b.o)
    0x00000418   0x00000418   0x00000008   Code   RO         1586    .ARM.Collect$$$$0000000B  mc_w.l(entry9a.o)
    0x00000420   0x00000420   0x00000000   Code   RO         1588    .ARM.Collect$$$$0000000D  mc_w.l(entry10a.o)
    0x00000420   0x00000420   0x00000000   Code   RO         1590    .ARM.Collect$$$$0000000F  mc_w.l(entry11a.o)
    0x00000420   0x00000420   0x00000004   Code   RO         1579    .ARM.Collect$$$$00002712  mc_w.l(entry2.o)
    0x00000424   0x00000424   0x00000028   Code   RO            5    .text               startup_mk66f18.o
    0x0000044c   0x0000044c   0x00000024   Code   RO         1279    .text               mc_w.l(memcpya.o)
    0x00000470   0x00000470   0x00000024   Code   RO         1612    .text               mc_w.l(init.o)
    0x00000494   0x00000494   0x00000014   Code   RO         1199    i.DMA0_IRQHandler   isr.o
    0x000004a8   0x000004a8   0x0000001c   Code   RO           15    i.Disable_Wdog      system_mk66.o
    0x000004c4   0x000004c4   0x00000002   Code   RO           16    i.NMI_Handler       system_mk66.o
    0x000004c6   0x000004c6   0x0000000a   Code   RO          989    i.OLED_CLS          oled_i2c.o
    0x000004d0   0x000004d0   0x0000003a   Code   RO          991    i.OLED_Fill         oled_i2c.o
    0x0000050a   0x0000050a   0x00000002   PAD
    0x0000050c   0x0000050c   0x000000c4   Code   RO          992    i.OLED_Init         oled_i2c.o
    0x000005d0   0x000005d0   0x00000016   Code   RO          994    i.OLED_ON           oled_i2c.o
    0x000005e6   0x000005e6   0x00000028   Code   RO          996    i.OLED_SetPos       oled_i2c.o
    0x0000060e   0x0000060e   0x00000002   PAD
    0x00000610   0x00000610   0x000000ec   Code   RO          998    i.OLED_ShowStr      oled_i2c.o
    0x000006fc   0x000006fc   0x00000078   Code   RO          999    i.OLED_Test         oled_i2c.o
    0x00000774   0x00000774   0x0000003c   Code   RO         1200    i.PIT0_IRQHandler   isr.o
    0x000007b0   0x000007b0   0x00000024   Code   RO         1201    i.PORTB_IRQHandler  isr.o
    0x000007d4   0x000007d4   0x00000010   Code   RO         1202    i.PORTC_IRQHandler  isr.o
    0x000007e4   0x000007e4   0x000000b8   Code   RO           17    i.SYSTEM_CLK        system_mk66.o
    0x0000089c   0x0000089c   0x00000028   Code   RO           18    i.Start             system_mk66.o
    0x000008c4   0x000008c4   0x00000010   Code   RO         1203    i.UART3_RX_TX_IRQHandler  isr.o
    0x000008d4   0x000008d4   0x00000010   Code   RO         1204    i.UART4_RX_TX_IRQHandler  isr.o
    0x000008e4   0x000008e4   0x00000012   Code   RO         1000    i.WriteCmd          oled_i2c.o
    0x000008f6   0x000008f6   0x00000012   Code   RO         1001    i.WriteDat          oled_i2c.o
    0x00000908   0x00000908   0x0000000e   Code   RO         1622    i.__scatterload_copy  mc_w.l(handlers.o)
    0x00000916   0x00000916   0x00000002   Code   RO         1623    i.__scatterload_null  mc_w.l(handlers.o)
    0x00000918   0x00000918   0x0000000e   Code   RO         1624    i.__scatterload_zeroinit  mc_w.l(handlers.o)
    0x00000926   0x00000926   0x00000002   PAD
    0x00000928   0x00000928   0x0000004c   Code   RO           19    i.div_set           system_mk66.o
    0x00000974   0x00000974   0x00000010   Code   RO          344    i.ftm_quad_clean    mk60_ftm.o
    0x00000984   0x00000984   0x00000014   Code   RO          345    i.ftm_quad_get      mk60_ftm.o
    0x00000998   0x00000998   0x00000074   Code   RO          105    i.get_clk           common.o
    0x00000a0c   0x00000a0c   0x000000d4   Code   RO          424    i.gpio_init         mk60_gpio.o
    0x00000ae0   0x00000ae0   0x00000028   Code   RO          426    i.gpio_turn         mk60_gpio.o
    0x00000b08   0x00000b08   0x0000001a   Code   RO          468    i.i2c_delay         mk60_i2c.o
    0x00000b22   0x00000b22   0x00000002   PAD
    0x00000b24   0x00000b24   0x00000130   Code   RO          469    i.i2c_init          mk60_i2c.o
    0x00000c54   0x00000c54   0x000000c4   Code   RO          472    i.i2c_write_reg     mk60_i2c.o
    0x00000d18   0x00000d18   0x00000012   Code   RO         1252    i.main              main.o
    0x00000d2a   0x00000d2a   0x00000002   PAD
    0x00000d2c   0x00000d2c   0x00000074   Code   RO          604    i.port_init         mk60_port.o
    0x00000da0   0x00000da0   0x0000002c   Code   RO          802    i.systick_delay     mk60_systick.o
    0x00000dcc   0x00000dcc   0x00000024   Code   RO          803    i.systick_delay_ms  mk60_systick.o
    0x00000df0   0x00000df0   0x000001d8   Code   RO          847    i.uart_init         mk60_uart.o
    0x00000fc8   0x00000fc8   0x00000010   Data   RO          347    .constdata          mk60_ftm.o
    0x00000fd8   0x00000fd8   0x00000028   Data   RO          427    .constdata          mk60_gpio.o
    0x00001000   0x00001000   0x00000080   Data   RO          473    .constdata          mk60_i2c.o
    0x00001080   0x00001080   0x00000028   Data   RO          606    .constdata          mk60_port.o
    0x000010a8   0x000010a8   0x00000822   Data   RO         1002    .constdata          oled_i2c.o
    0x000018ca   0x000018ca   0x00000002   PAD
    0x000018cc   0x000018cc   0x00000020   Data   RO         1620    Region$$Table       anon$$obj.o


    Execution Region RW_IRAM1 (Exec base: 0x1fff0000, Load base: 0x000018ec, Size: 0x00000440, Max: 0x00040000, ABSOLUTE)

    Exec Addr    Load Addr    Size         Type   Attr      Idx    E Section Name        Object

    0x1fff0000   0x000018ec   0x0000000c   Data   RW          106    .data               common.o
    0x1fff000c   0x000018f8   0x00000014   Data   RW          474    .data               mk60_i2c.o
    0x1fff0020   0x0000190c   0x00000014   Data   RW          856    .data               mk60_uart.o
    0x1fff0034   0x00001920   0x00000008   Data   RW         1205    .data               isr.o
    0x1fff003c   0x00001928   0x00000004   PAD
    0x1fff0040        -       0x00000400   Zero   RW            1    STACK               startup_mk66f18.o


==============================================================================

Image component sizes


      Code (inc. data)   RO Data    RW Data    ZI Data      Debug   Object Name

       116         22          0         12          0       2732   common.o
       164         40          0          8          0       3004   isr.o
        18          0          0          0          0        463   main.o
        36         10         16          0          0       2805   mk60_ftm.o
       252         18         40          0          0       1796   mk60_gpio.o
       526         28        128         20          0       4025   mk60_i2c.o
       116         14         40          0          0       1168   mk60_port.o
        80          4          0          0          0       1131   mk60_systick.o
       472         26          0         20          0       1415   mk60_uart.o
       718         78       2082          0          0       6072   oled_i2c.o
        56         24       1024          0       1024       1136   startup_mk66f18.o
       330         34          0          0          0     730646   system_mk66.o

    ----------------------------------------------------------------------
      2892        298       3364         60       1028     756393   Object Totals
         0          0         32          0          0          0   (incl. Generated)
         8          0          2          0          4          0   (incl. Padding)

    ----------------------------------------------------------------------

      Code (inc. data)   RO Data    RW Data    ZI Data      Debug   Library Member Name

         0          0          0          0          0          0   entry.o
         0          0          0          0          0          0   entry10a.o
         0          0          0          0          0          0   entry11a.o
         8          4          0          0          0          0   entry2.o
         4          0          0          0          0          0   entry5.o
         0          0          0          0          0          0   entry7b.o
         0          0          0          0          0          0   entry8b.o
         8          4          0          0          0          0   entry9a.o
        30          0          0          0          0          0   handlers.o
        36          8          0          0          0         68   init.o
        36          0          0          0          0         68   memcpya.o

    ----------------------------------------------------------------------
       124         16          0          0          0        136   Library Totals
         2          0          0          0          0          0   (incl. Padding)

    ----------------------------------------------------------------------

      Code (inc. data)   RO Data    RW Data    ZI Data      Debug   Library Name

       122         16          0          0          0        136   mc_w.l

    ----------------------------------------------------------------------
       124         16          0          0          0        136   Library Totals

    ----------------------------------------------------------------------

==============================================================================


      Code (inc. data)   RO Data    RW Data    ZI Data      Debug   

      3016        314       3364         60       1028     754133   Grand Totals
      3016        314       3364         60       1028     754133   ELF Image Totals
      3016        314       3364         60          0          0   ROM Totals

==============================================================================

    Total RO  Size (Code + RO Data)                 6380 (   6.23kB)
    Total RW  Size (RW Data + ZI Data)              1088 (   1.06kB)
    Total ROM Size (Code + RO Data + RW Data)       6440 (   6.29kB)

==============================================================================

